=== Submit script: /var/lib/slurm/slurmd/job28834/slurm_script ===
#!/bin/bash
#SBATCH --time=12:30:00
#SBATCH --job-name=create_t2pmhc_graphs
#SBATCH --ntasks=1
#SBATCH --nodes=1
#SBATCH --cpus-per-task=24
#SBATCH --mem=96G
#SBATCH --account=cai_exp
#SBATCH --partition=cpu
#SBATCH --output=/cluster/home/dego/log/%j_%N_create_t2pmhc_graph_gcn_12.out
#SBATCH --error=/cluster/home/dego/log/%j_%N_create_t2pmhc_graph_gcn_12.err

echo "=== Submit script: $(realpath "$0") ===" && cat "$0"

cd ~/models/t2pmhc

source /cluster/home/dego/.start_uv.sh --auto
uv sync
#you are supposed to convert the samplesheet to the format expected by running /cluster/home/dego/nf-core_proteinfold_tcr_dock/Custom/tcrdock_python_utils/convert_samplesheet.py
uv run --project ~/models/t2pmhc --directory /cluster/projects/2026_dego_NF_DB/t2pmhc_train_structures  t2pmhc create-t2pmhc-graphs --mode t2pmhc-gcn --samplesheet ./t2pmhc_train_samplesheet_new.tsv --training-mode --threshold 12 --out /cluster/home/dego/models/t2pmhc/generated_graphs/t2pmhc_gcn_dist12.pt
Found .python-version file -> using Python 3.11
Attempting to load module: python/3.11
Loaded python/3.11
No env name given -> using current directory name lowercased: t2pmhc
Set UV_PATH=/raid/persistent_scratch/dego/uv/
Loading uv module with VENV="t2pmhc" ...
uv module loaded with VENV='t2pmhc' and UV_PATH='/raid/persistent_scratch/dego/uv/'.
Finished. 
-------------------------------------------
 _   ____                  _          

| |_|___ \ _ __  _ __ ___ | |__   ___

| __| __) | '_ \| '_ ` _ \| '_ \ / __|

| |_ / __/| |_) | | | | | | | | | (__ 

 \__|_____| .__/|_| |_| |_|_| |_|\___|

          |_|                         
-------------------------------------------
[06/13/26 15:30:32] INFO     ........ Building t2pmhc-gcn graphs __main__.py:232
                             ........                                           
                    INFO     reading samplesheet                   helpers.py:51
[06/13/26 15:30:35] INFO     Creating Graphs --      create_t2pmhc_graphs.py:384
                             t2pmhc-gcn                                         
[06/13/26 15:32:12] INFO     creating PyTorch Data   create_t2pmhc_graphs.py:173
                             Instances                                          
                    INFO     Processed 1000 / 79108  create_t2pmhc_graphs.py:192
                             files                                              
[06/13/26 15:33:54] INFO     creating PyTorch Data   create_t2pmhc_graphs.py:173
                             Instances                                          
                    INFO     Processed 2000 / 79108  create_t2pmhc_graphs.py:192
                             files                                              
[06/13/26 15:35:32] INFO     creating PyTorch Data   create_t2pmhc_graphs.py:173
                             Instances                                          
[06/13/26 15:35:33] INFO     Processed 3000 / 79108  create_t2pmhc_graphs.py:192
                             files                                              
[06/13/26 15:37:10] INFO     creating PyTorch Data   create_t2pmhc_graphs.py:173
                             Instances                                          
                    INFO     Processed 4000 / 79108  create_t2pmhc_graphs.py:192
                             files                                              
[06/13/26 15:38:51] INFO     creating PyTorch Data   create_t2pmhc_graphs.py:173
                             Instances                                          
                    INFO     Processed 5000 / 79108  create_t2pmhc_graphs.py:192
                             files                                              
[06/13/26 15:40:31] INFO     creating PyTorch Data   create_t2pmhc_graphs.py:173
                             Instances                                          
[06/13/26 15:40:32] INFO     Processed 6000 / 79108  create_t2pmhc_graphs.py:192
                             files                                              
[06/13/26 15:42:12] INFO     creating PyTorch Data   create_t2pmhc_graphs.py:173
                             Instances                                          
                    INFO     Processed 7000 / 79108  create_t2pmhc_graphs.py:192
                             files                                              
[06/13/26 15:43:57] INFO     creating PyTorch Data   create_t2pmhc_graphs.py:173
                             Instances                                          
[06/13/26 15:43:58] INFO     Processed 8000 / 79108  create_t2pmhc_graphs.py:192
                             files                                              
[06/13/26 15:45:41] INFO     creating PyTorch Data   create_t2pmhc_graphs.py:173
                             Instances                                          
                    INFO     Processed 9000 / 79108  create_t2pmhc_graphs.py:192
                             files                                              
[06/13/26 15:47:20] INFO     creating PyTorch Data   create_t2pmhc_graphs.py:173
                             Instances                                          
                    INFO     Processed 10000 / 79108 create_t2pmhc_graphs.py:192
                             files                                              
[06/13/26 15:48:59] INFO     creating PyTorch Data   create_t2pmhc_graphs.py:173
                             Instances                                          
                    INFO     Processed 11000 / 79108 create_t2pmhc_graphs.py:192
                             files                                              
[06/13/26 15:50:49] INFO     creating PyTorch Data   create_t2pmhc_graphs.py:173
                             Instances                                          
                    INFO     Processed 12000 / 79108 create_t2pmhc_graphs.py:192
                             files                                              
[06/13/26 15:52:31] INFO     creating PyTorch Data   create_t2pmhc_graphs.py:173
                             Instances                                          
                    INFO     Processed 13000 / 79108 create_t2pmhc_graphs.py:192
                             files                                              
[06/13/26 15:54:18] INFO     creating PyTorch Data   create_t2pmhc_graphs.py:173
                             Instances                                          
                    INFO     Processed 14000 / 79108 create_t2pmhc_graphs.py:192
                             files                                              
[06/13/26 15:55:59] INFO     creating PyTorch Data   create_t2pmhc_graphs.py:173
                             Instances                                          
                    INFO     Processed 15000 / 79108 create_t2pmhc_graphs.py:192
                             files                                              
[06/13/26 15:57:36] INFO     creating PyTorch Data   create_t2pmhc_graphs.py:173
                             Instances                                          
[06/13/26 15:57:37] INFO     Processed 16000 / 79108 create_t2pmhc_graphs.py:192
                             files                                              
[06/13/26 15:59:18] INFO     creating PyTorch Data   create_t2pmhc_graphs.py:173
                             Instances                                          
                    INFO     Processed 17000 / 79108 create_t2pmhc_graphs.py:192
                             files                                              
[06/13/26 16:01:03] INFO     creating PyTorch Data   create_t2pmhc_graphs.py:173
                             Instances                                          
[06/13/26 16:01:04] INFO     Processed 18000 / 79108 create_t2pmhc_graphs.py:192
                             files                                              
[06/13/26 16:02:49] INFO     creating PyTorch Data   create_t2pmhc_graphs.py:173
                             Instances                                          
                    INFO     Processed 19000 / 79108 create_t2pmhc_graphs.py:192
                             files                                              
[06/13/26 16:04:33] INFO     creating PyTorch Data   create_t2pmhc_graphs.py:173
                             Instances                                          
[06/13/26 16:04:34] INFO     Processed 20000 / 79108 create_t2pmhc_graphs.py:192
                             files                                              
[06/13/26 16:06:16] INFO     creating PyTorch Data   create_t2pmhc_graphs.py:173
                             Instances                                          
                    INFO     Processed 21000 / 79108 create_t2pmhc_graphs.py:192
                             files                                              
[06/13/26 16:08:05] INFO     creating PyTorch Data   create_t2pmhc_graphs.py:173
                             Instances                                          
                    INFO     Processed 22000 / 79108 create_t2pmhc_graphs.py:192
                             files                                              
[06/13/26 16:09:42] INFO     creating PyTorch Data   create_t2pmhc_graphs.py:173
                             Instances                                          
                    INFO     Processed 23000 / 79108 create_t2pmhc_graphs.py:192
                             files                                              
[06/13/26 16:11:25] INFO     creating PyTorch Data   create_t2pmhc_graphs.py:173
                             Instances                                          
                    INFO     Processed 24000 / 79108 create_t2pmhc_graphs.py:192
                             files                                              
[06/13/26 16:13:08] INFO     creating PyTorch Data   create_t2pmhc_graphs.py:173
                             Instances                                          
[06/13/26 16:13:09] INFO     Processed 25000 / 79108 create_t2pmhc_graphs.py:192
                             files                                              
[06/13/26 16:14:50] INFO     creating PyTorch Data   create_t2pmhc_graphs.py:173
                             Instances                                          
                    INFO     Processed 26000 / 79108 create_t2pmhc_graphs.py:192
                             files                                              
[06/13/26 16:16:33] INFO     creating PyTorch Data   create_t2pmhc_graphs.py:173
                             Instances                                          
                    INFO     Processed 27000 / 79108 create_t2pmhc_graphs.py:192
                             files                                              
[06/13/26 16:18:14] INFO     creating PyTorch Data   create_t2pmhc_graphs.py:173
                             Instances                                          
[06/13/26 16:18:15] INFO     Processed 28000 / 79108 create_t2pmhc_graphs.py:192
                             files                                              
[06/13/26 16:19:55] INFO     creating PyTorch Data   create_t2pmhc_graphs.py:173
                             Instances                                          
[06/13/26 16:19:56] INFO     Processed 29000 / 79108 create_t2pmhc_graphs.py:192
                             files                                              
[06/13/26 16:21:37] INFO     creating PyTorch Data   create_t2pmhc_graphs.py:173
                             Instances                                          
                    INFO     Processed 30000 / 79108 create_t2pmhc_graphs.py:192
                             files                                              
[06/13/26 16:23:19] INFO     creating PyTorch Data   create_t2pmhc_graphs.py:173
                             Instances                                          
                    INFO     Processed 31000 / 79108 create_t2pmhc_graphs.py:192
                             files                                              
[06/13/26 16:25:02] INFO     creating PyTorch Data   create_t2pmhc_graphs.py:173
                             Instances                                          
                    INFO     Processed 32000 / 79108 create_t2pmhc_graphs.py:192
                             files                                              
[06/13/26 16:26:44] INFO     creating PyTorch Data   create_t2pmhc_graphs.py:173
                             Instances                                          
                    INFO     Processed 33000 / 79108 create_t2pmhc_graphs.py:192
                             files                                              
[06/13/26 16:28:27] INFO     creating PyTorch Data   create_t2pmhc_graphs.py:173
                             Instances                                          
[06/13/26 16:28:28] INFO     Processed 34000 / 79108 create_t2pmhc_graphs.py:192
                             files                                              
[06/13/26 16:30:13] INFO     creating PyTorch Data   create_t2pmhc_graphs.py:173
                             Instances                                          
                    INFO     Processed 35000 / 79108 create_t2pmhc_graphs.py:192
                             files                                              
[06/13/26 16:31:57] INFO     creating PyTorch Data   create_t2pmhc_graphs.py:173
                             Instances                                          
                    INFO     Processed 36000 / 79108 create_t2pmhc_graphs.py:192
                             files                                              
[06/13/26 16:33:40] INFO     creating PyTorch Data   create_t2pmhc_graphs.py:173
                             Instances                                          
                    INFO     Processed 37000 / 79108 create_t2pmhc_graphs.py:192
                             files                                              
[06/13/26 16:35:28] INFO     creating PyTorch Data   create_t2pmhc_graphs.py:173
                             Instances                                          
                    INFO     Processed 38000 / 79108 create_t2pmhc_graphs.py:192
                             files                                              
[06/13/26 16:37:13] INFO     creating PyTorch Data   create_t2pmhc_graphs.py:173
                             Instances                                          
[06/13/26 16:37:14] INFO     Processed 39000 / 79108 create_t2pmhc_graphs.py:192
                             files                                              
[06/13/26 16:39:01] INFO     creating PyTorch Data   create_t2pmhc_graphs.py:173
                             Instances                                          
                    INFO     Processed 40000 / 79108 create_t2pmhc_graphs.py:192
                             files                                              
[06/13/26 16:40:53] INFO     creating PyTorch Data   create_t2pmhc_graphs.py:173
                             Instances                                          
                    INFO     Processed 41000 / 79108 create_t2pmhc_graphs.py:192
                             files                                              
[06/13/26 16:42:41] INFO     creating PyTorch Data   create_t2pmhc_graphs.py:173
                             Instances                                          
[06/13/26 16:42:42] INFO     Processed 42000 / 79108 create_t2pmhc_graphs.py:192
                             files                                              
[06/13/26 16:44:28] INFO     creating PyTorch Data   create_t2pmhc_graphs.py:173
                             Instances                                          
                    INFO     Processed 43000 / 79108 create_t2pmhc_graphs.py:192
                             files                                              
[06/13/26 16:46:15] INFO     creating PyTorch Data   create_t2pmhc_graphs.py:173
                             Instances                                          
                    INFO     Processed 44000 / 79108 create_t2pmhc_graphs.py:192
                             files                                              
[06/13/26 16:47:58] INFO     creating PyTorch Data   create_t2pmhc_graphs.py:173
                             Instances                                          
[06/13/26 16:47:59] INFO     Processed 45000 / 79108 create_t2pmhc_graphs.py:192
                             files                                              
[06/13/26 16:49:45] INFO     creating PyTorch Data   create_t2pmhc_graphs.py:173
                             Instances                                          
[06/13/26 16:49:46] INFO     Processed 46000 / 79108 create_t2pmhc_graphs.py:192
                             files                                              
[06/13/26 16:51:28] INFO     creating PyTorch Data   create_t2pmhc_graphs.py:173
                             Instances                                          
                    INFO     Processed 47000 / 79108 create_t2pmhc_graphs.py:192
                             files                                              
[06/13/26 16:53:08] INFO     creating PyTorch Data   create_t2pmhc_graphs.py:173
                             Instances                                          
                    INFO     Processed 48000 / 79108 create_t2pmhc_graphs.py:192
                             files                                              
[06/13/26 16:54:51] INFO     creating PyTorch Data   create_t2pmhc_graphs.py:173
                             Instances                                          
[06/13/26 16:54:52] INFO     Processed 49000 / 79108 create_t2pmhc_graphs.py:192
                             files                                              
[06/13/26 16:56:34] INFO     creating PyTorch Data   create_t2pmhc_graphs.py:173
                             Instances                                          
                    INFO     Processed 50000 / 79108 create_t2pmhc_graphs.py:192
                             files                                              
[06/13/26 16:58:19] INFO     creating PyTorch Data   create_t2pmhc_graphs.py:173
                             Instances                                          
                    INFO     Processed 51000 / 79108 create_t2pmhc_graphs.py:192
                             files                                              
[06/13/26 17:00:16] INFO     creating PyTorch Data   create_t2pmhc_graphs.py:173
                             Instances                                          
                    INFO     Processed 52000 / 79108 create_t2pmhc_graphs.py:192
                             files                                              
[06/13/26 17:02:11] INFO     creating PyTorch Data   create_t2pmhc_graphs.py:173
                             Instances                                          
                    INFO     Processed 53000 / 79108 create_t2pmhc_graphs.py:192
                             files                                              
[06/13/26 17:03:58] INFO     creating PyTorch Data   create_t2pmhc_graphs.py:173
                             Instances                                          
[06/13/26 17:03:59] INFO     Processed 54000 / 79108 create_t2pmhc_graphs.py:192
                             files                                              
[06/13/26 17:05:42] INFO     creating PyTorch Data   create_t2pmhc_graphs.py:173
                             Instances                                          
                    INFO     Processed 55000 / 79108 create_t2pmhc_graphs.py:192
                             files                                              
[06/13/26 17:07:36] INFO     creating PyTorch Data   create_t2pmhc_graphs.py:173
                             Instances                                          
                    INFO     Processed 56000 / 79108 create_t2pmhc_graphs.py:192
                             files                                              
[06/13/26 17:09:19] INFO     creating PyTorch Data   create_t2pmhc_graphs.py:173
                             Instances                                          
                    INFO     Processed 57000 / 79108 create_t2pmhc_graphs.py:192
                             files                                              
[06/13/26 17:11:01] INFO     creating PyTorch Data   create_t2pmhc_graphs.py:173
                             Instances                                          
                    INFO     Processed 58000 / 79108 create_t2pmhc_graphs.py:192
                             files                                              
[06/13/26 17:12:44] INFO     creating PyTorch Data   create_t2pmhc_graphs.py:173
                             Instances                                          
                    INFO     Processed 59000 / 79108 create_t2pmhc_graphs.py:192
                             files                                              
[06/13/26 17:14:32] INFO     creating PyTorch Data   create_t2pmhc_graphs.py:173
                             Instances                                          
[06/13/26 17:14:33] INFO     Processed 60000 / 79108 create_t2pmhc_graphs.py:192
                             files                                              
[06/13/26 17:16:16] INFO     creating PyTorch Data   create_t2pmhc_graphs.py:173
                             Instances                                          
                    INFO     Processed 61000 / 79108 create_t2pmhc_graphs.py:192
                             files                                              
[06/13/26 17:18:06] INFO     creating PyTorch Data   create_t2pmhc_graphs.py:173
                             Instances                                          
                    INFO     Processed 62000 / 79108 create_t2pmhc_graphs.py:192
                             files                                              
[06/13/26 17:19:53] INFO     creating PyTorch Data   create_t2pmhc_graphs.py:173
                             Instances                                          
[06/13/26 17:19:54] INFO     Processed 63000 / 79108 create_t2pmhc_graphs.py:192
                             files                                              
[06/13/26 17:21:39] INFO     creating PyTorch Data   create_t2pmhc_graphs.py:173
                             Instances                                          
                    INFO     Processed 64000 / 79108 create_t2pmhc_graphs.py:192
                             files                                              
[06/13/26 17:23:32] INFO     creating PyTorch Data   create_t2pmhc_graphs.py:173
                             Instances                                          
[06/13/26 17:23:33] INFO     Processed 65000 / 79108 create_t2pmhc_graphs.py:192
                             files                                              
[06/13/26 17:25:32] INFO     creating PyTorch Data   create_t2pmhc_graphs.py:173
                             Instances                                          
[06/13/26 17:25:33] INFO     Processed 66000 / 79108 create_t2pmhc_graphs.py:192
                             files                                              
[06/13/26 17:27:24] INFO     creating PyTorch Data   create_t2pmhc_graphs.py:173
                             Instances                                          
[06/13/26 17:27:25] INFO     Processed 67000 / 79108 create_t2pmhc_graphs.py:192
                             files                                              
[06/13/26 17:29:08] INFO     creating PyTorch Data   create_t2pmhc_graphs.py:173
                             Instances                                          
[06/13/26 17:29:09] INFO     Processed 68000 / 79108 create_t2pmhc_graphs.py:192
                             files                                              
[06/13/26 17:30:52] INFO     creating PyTorch Data   create_t2pmhc_graphs.py:173
                             Instances                                          
[06/13/26 17:30:53] INFO     Processed 69000 / 79108 create_t2pmhc_graphs.py:192
                             files                                              
[06/13/26 17:32:40] INFO     creating PyTorch Data   create_t2pmhc_graphs.py:173
                             Instances                                          
                    INFO     Processed 70000 / 79108 create_t2pmhc_graphs.py:192
                             files                                              
[06/13/26 17:34:36] INFO     creating PyTorch Data   create_t2pmhc_graphs.py:173
                             Instances                                          
                    INFO     Processed 71000 / 79108 create_t2pmhc_graphs.py:192
                             files                                              
[06/13/26 17:36:26] INFO     creating PyTorch Data   create_t2pmhc_graphs.py:173
                             Instances                                          
                    INFO     Processed 72000 / 79108 create_t2pmhc_graphs.py:192
                             files                                              
[06/13/26 17:38:15] INFO     creating PyTorch Data   create_t2pmhc_graphs.py:173
                             Instances                                          
                    INFO     Processed 73000 / 79108 create_t2pmhc_graphs.py:192
                             files                                              
[06/13/26 17:40:02] INFO     creating PyTorch Data   create_t2pmhc_graphs.py:173
                             Instances                                          
[06/13/26 17:40:03] INFO     Processed 74000 / 79108 create_t2pmhc_graphs.py:192
                             files                                              
[06/13/26 17:41:46] INFO     creating PyTorch Data   create_t2pmhc_graphs.py:173
                             Instances                                          
                    INFO     Processed 75000 / 79108 create_t2pmhc_graphs.py:192
                             files                                              
[06/13/26 17:43:33] INFO     creating PyTorch Data   create_t2pmhc_graphs.py:173
                             Instances                                          
                    INFO     Processed 76000 / 79108 create_t2pmhc_graphs.py:192
                             files                                              
[06/13/26 17:45:27] INFO     creating PyTorch Data   create_t2pmhc_graphs.py:173
                             Instances                                          
[06/13/26 17:45:28] INFO     Processed 77000 / 79108 create_t2pmhc_graphs.py:192
                             files                                              
[06/13/26 17:47:19] INFO     creating PyTorch Data   create_t2pmhc_graphs.py:173
                             Instances                                          
                    INFO     Processed 78000 / 79108 create_t2pmhc_graphs.py:192
                             files                                              
[06/13/26 17:49:03] INFO     creating PyTorch Data   create_t2pmhc_graphs.py:173
                             Instances                                          
                    INFO     Processed 79000 / 79108 create_t2pmhc_graphs.py:192
                             files                                              
[06/13/26 17:49:33] INFO     creating PyTorch Data   create_t2pmhc_graphs.py:173
                             Instances                                          
                    INFO     Processed 80000 / 79108 create_t2pmhc_graphs.py:192
                             files                                              
                    INFO     saving test graphs to   create_t2pmhc_graphs.py:195
                             /cluster/home/dego/mode                            
                             ls/t2pmhc/generated_gra                            
                             phs/t2pmhc_gcn_dist12.p                            
                             t                                                  
[06/13/26 17:53:30] INFO     .................. done             __main__.py:240
                             ..................                                 
