=== Submit script: /var/lib/slurm/slurmd/job28854/slurm_script ===
#!/bin/bash
#SBATCH --time=22:30:00
#SBATCH --job-name=train_t2pmhc
#SBATCH --ntasks=1
#SBATCH --nodes=1
#SBATCH --cpus-per-task=12
#SBATCH --mem=64G
#SBATCH --account=cai_exp
#SBATCH --partition=gpu
#SBATCH --gres=gpu:1
#SBATCH --output=/cluster/home/dego/log/%j_%N_train_t2pmhc_dist12.out
#SBATCH --error=/cluster/home/dego/log/%j_%N_train_t2pmhc_dist12.err

echo "=== Submit script: $(realpath "$0") ===" && cat "$0"

cd ~/models/t2pmhc

rm -rf /raid/persistent_scratch/dego/uv/venvs/t2pmhc

module load cuda/12.4.1

source /cluster/home/dego/.start_uv.sh --auto
export UV_CACHE_DIR=/tmp/uv-cache-${SLURM_JOB_ID}
uv sync
trap "rm -rf ${UV_CACHE_DIR}" EXIT

#you are supposed to convert the samplesheet to the format expected by running /cluster/home/dego/nf-core_proteinfold_tcr_dock/Custom/tcrdock_python_utils/convert_samplesheet.py
uv run --project ~/models/t2pmhc --directory /cluster/projects/2026_dego_NF_DB/t2pmhc_train_structures t2pmhc train-t2pmhc-gcn \
    --run_name dist12 \
    --hyperparameters /cluster/home/dego/models/t2pmhc/t2pmhc/data/hyperparams/t2pmhc_gcn.json \
    --samplesheet ./t2pmhc_train_samplesheet_new.tsv \
    --saved_graphs /cluster/home/dego/models/t2pmhc/generated_graphs/t2pmhc_gcn_dist12.pt \
    --save_model /cluster/home/dego/models/t2pmhc/models/dist12_gcn_cvFound .python-version file -> using Python 3.11
Attempting to load module: python/3.11
Loaded python/3.11
No env name given -> using current directory name lowercased: t2pmhc
Set UV_PATH=/raid/persistent_scratch/dego/uv/
Loading uv module with VENV="t2pmhc" ...
uv module loaded with VENV='t2pmhc' and UV_PATH='/raid/persistent_scratch/dego/uv/'.
Finished. 
-------------------------------------------
 _   ____                  _          

| |_|___ \ _ __  _ __ ___ | |__   ___

| __| __) | '_ \| '_ ` _ \| '_ \ / __|

| |_ / __/| |_) | | | | | | | | | (__ 

 \__|_____| .__/|_| |_| |_|_| |_|\___|

          |_|                         
-------------------------------------------
[06/13/26 22:04:17] INFO     ......... Training t2pmhc-gcn       __main__.py:125
                             .........                                          
                    INFO     Training t2pmhc-GCN               t2pmhc_gcn.py:329
                    INFO                                       t2pmhc_gcn.py:330
                             Name: dist12                                       
                             Saved Graphs:                                      
                             /cluster/home/dego/models/t2pmhc/                  
                             generated_graphs/t2pmhc_gcn_dist1                  
                             2.pt                                               
                                                                                
                    INFO     Reading dataset                   t2pmhc_gcn.py:331
                    INFO     seed: 42                           t2pmhc_gcn.py:41
[06/13/26 22:04:18] INFO     Loading Graphs from pt file        t2pmhc_gcn.py:72
[06/13/26 22:05:37] INFO     Loaded 79108 graphs               t2pmhc_gcn.py:339
                    INFO     Training on cuda                  t2pmhc_gcn.py:352
                    INFO     ---- Fold 1/5 ----                t2pmhc_gcn.py:368
[06/13/26 22:10:07] INFO     2026-06-13 22:10:07: Fold 1 |     t2pmhc_gcn.py:412
                             Epoch 1/50 | Train Loss: 0.6198                    
[06/13/26 22:12:20] INFO     2026-06-13 22:12:20: Fold 1 |     t2pmhc_gcn.py:412
                             Epoch 2/50 | Train Loss: 0.5899                    
[06/13/26 22:14:41] INFO     2026-06-13 22:14:41: Fold 1 |     t2pmhc_gcn.py:412
                             Epoch 3/50 | Train Loss: 0.5750                    
[06/13/26 22:17:05] INFO     2026-06-13 22:17:05: Fold 1 |     t2pmhc_gcn.py:412
                             Epoch 4/50 | Train Loss: 0.5677                    
[06/13/26 22:19:27] INFO     2026-06-13 22:19:27: Fold 1 |     t2pmhc_gcn.py:412
                             Epoch 5/50 | Train Loss: 0.5622                    
[06/13/26 22:21:48] INFO     2026-06-13 22:21:48: Fold 1 |     t2pmhc_gcn.py:412
                             Epoch 6/50 | Train Loss: 0.5594                    
[06/13/26 22:24:09] INFO     2026-06-13 22:24:09: Fold 1 |     t2pmhc_gcn.py:412
                             Epoch 7/50 | Train Loss: 0.5559                    
[06/13/26 22:26:29] INFO     2026-06-13 22:26:29: Fold 1 |     t2pmhc_gcn.py:412
                             Epoch 8/50 | Train Loss: 0.5528                    
[06/13/26 22:28:51] INFO     2026-06-13 22:28:51: Fold 1 |     t2pmhc_gcn.py:412
                             Epoch 9/50 | Train Loss: 0.5506                    
[06/13/26 22:31:11] INFO     2026-06-13 22:31:11: Fold 1 |     t2pmhc_gcn.py:412
                             Epoch 10/50 | Train Loss: 0.5467                   
[06/13/26 22:33:34] INFO     2026-06-13 22:33:34: Fold 1 |     t2pmhc_gcn.py:412
                             Epoch 11/50 | Train Loss: 0.5451                   
[06/13/26 22:35:55] INFO     2026-06-13 22:35:55: Fold 1 |     t2pmhc_gcn.py:412
                             Epoch 12/50 | Train Loss: 0.5422                   
[06/13/26 22:38:15] INFO     2026-06-13 22:38:15: Fold 1 |     t2pmhc_gcn.py:412
                             Epoch 13/50 | Train Loss: 0.5416                   
[06/13/26 22:40:37] INFO     2026-06-13 22:40:37: Fold 1 |     t2pmhc_gcn.py:412
                             Epoch 14/50 | Train Loss: 0.5386                   
[06/13/26 22:42:58] INFO     2026-06-13 22:42:58: Fold 1 |     t2pmhc_gcn.py:412
                             Epoch 15/50 | Train Loss: 0.5379                   
[06/13/26 22:45:18] INFO     2026-06-13 22:45:18: Fold 1 |     t2pmhc_gcn.py:412
                             Epoch 16/50 | Train Loss: 0.5353                   
[06/13/26 22:47:41] INFO     2026-06-13 22:47:41: Fold 1 |     t2pmhc_gcn.py:412
                             Epoch 17/50 | Train Loss: 0.5339                   
[06/13/26 22:50:02] INFO     2026-06-13 22:50:02: Fold 1 |     t2pmhc_gcn.py:412
                             Epoch 18/50 | Train Loss: 0.5333                   
[06/13/26 22:52:22] INFO     2026-06-13 22:52:22: Fold 1 |     t2pmhc_gcn.py:412
                             Epoch 19/50 | Train Loss: 0.5311                   
[06/13/26 22:54:40] INFO     2026-06-13 22:54:40: Fold 1 |     t2pmhc_gcn.py:412
                             Epoch 20/50 | Train Loss: 0.5290                   
[06/13/26 22:57:01] INFO     2026-06-13 22:57:01: Fold 1 |     t2pmhc_gcn.py:412
                             Epoch 21/50 | Train Loss: 0.5296                   
[06/13/26 22:59:23] INFO     2026-06-13 22:59:23: Fold 1 |     t2pmhc_gcn.py:412
                             Epoch 22/50 | Train Loss: 0.5280                   
[06/13/26 23:01:49] INFO     2026-06-13 23:01:49: Fold 1 |     t2pmhc_gcn.py:412
                             Epoch 23/50 | Train Loss: 0.5266                   
[06/13/26 23:04:12] INFO     2026-06-13 23:04:12: Fold 1 |     t2pmhc_gcn.py:412
                             Epoch 24/50 | Train Loss: 0.5259                   
[06/13/26 23:06:32] INFO     2026-06-13 23:06:32: Fold 1 |     t2pmhc_gcn.py:412
                             Epoch 25/50 | Train Loss: 0.5246                   
[06/13/26 23:08:53] INFO     2026-06-13 23:08:53: Fold 1 |     t2pmhc_gcn.py:412
                             Epoch 26/50 | Train Loss: 0.5235                   
[06/13/26 23:11:16] INFO     2026-06-13 23:11:16: Fold 1 |     t2pmhc_gcn.py:412
                             Epoch 27/50 | Train Loss: 0.5227                   
[06/13/26 23:13:36] INFO     2026-06-13 23:13:36: Fold 1 |     t2pmhc_gcn.py:412
                             Epoch 28/50 | Train Loss: 0.5209                   
[06/13/26 23:15:55] INFO     2026-06-13 23:15:55: Fold 1 |     t2pmhc_gcn.py:412
                             Epoch 29/50 | Train Loss: 0.5208                   
[06/13/26 23:18:18] INFO     2026-06-13 23:18:18: Fold 1 |     t2pmhc_gcn.py:412
                             Epoch 30/50 | Train Loss: 0.5190                   
[06/13/26 23:20:40] INFO     2026-06-13 23:20:40: Fold 1 |     t2pmhc_gcn.py:412
                             Epoch 31/50 | Train Loss: 0.5179                   
[06/13/26 23:23:00] INFO     2026-06-13 23:23:00: Fold 1 |     t2pmhc_gcn.py:412
                             Epoch 32/50 | Train Loss: 0.5179                   
[06/13/26 23:25:17] INFO     2026-06-13 23:25:17: Fold 1 |     t2pmhc_gcn.py:412
                             Epoch 33/50 | Train Loss: 0.5170                   
[06/13/26 23:27:29] INFO     2026-06-13 23:27:29: Fold 1 |     t2pmhc_gcn.py:412
                             Epoch 34/50 | Train Loss: 0.5149                   
[06/13/26 23:29:43] INFO     2026-06-13 23:29:43: Fold 1 |     t2pmhc_gcn.py:412
                             Epoch 35/50 | Train Loss: 0.5145                   
[06/13/26 23:31:57] INFO     2026-06-13 23:31:57: Fold 1 |     t2pmhc_gcn.py:412
                             Epoch 36/50 | Train Loss: 0.5139                   
[06/13/26 23:34:15] INFO     2026-06-13 23:34:15: Fold 1 |     t2pmhc_gcn.py:412
                             Epoch 37/50 | Train Loss: 0.5135                   
[06/13/26 23:36:28] INFO     2026-06-13 23:36:28: Fold 1 |     t2pmhc_gcn.py:412
                             Epoch 38/50 | Train Loss: 0.5130                   
[06/13/26 23:38:42] INFO     2026-06-13 23:38:42: Fold 1 |     t2pmhc_gcn.py:412
                             Epoch 39/50 | Train Loss: 0.5096                   
[06/13/26 23:40:56] INFO     2026-06-13 23:40:56: Fold 1 |     t2pmhc_gcn.py:412
                             Epoch 40/50 | Train Loss: 0.5099                   
[06/13/26 23:43:10] INFO     2026-06-13 23:43:10: Fold 1 |     t2pmhc_gcn.py:412
                             Epoch 41/50 | Train Loss: 0.5119                   
[06/13/26 23:45:22] INFO     2026-06-13 23:45:22: Fold 1 |     t2pmhc_gcn.py:412
                             Epoch 42/50 | Train Loss: 0.5099                   
[06/13/26 23:47:37] INFO     2026-06-13 23:47:37: Fold 1 |     t2pmhc_gcn.py:412
                             Epoch 43/50 | Train Loss: 0.5068                   
[06/13/26 23:49:51] INFO     2026-06-13 23:49:51: Fold 1 |     t2pmhc_gcn.py:412
                             Epoch 44/50 | Train Loss: 0.5083                   
[06/13/26 23:52:06] INFO     2026-06-13 23:52:06: Fold 1 |     t2pmhc_gcn.py:412
                             Epoch 45/50 | Train Loss: 0.5078                   
[06/13/26 23:54:27] INFO     2026-06-13 23:54:27: Fold 1 |     t2pmhc_gcn.py:412
                             Epoch 46/50 | Train Loss: 0.5061                   
[06/13/26 23:56:47] INFO     2026-06-13 23:56:47: Fold 1 |     t2pmhc_gcn.py:412
                             Epoch 47/50 | Train Loss: 0.5063                   
[06/13/26 23:59:08] INFO     2026-06-13 23:59:08: Fold 1 |     t2pmhc_gcn.py:412
                             Epoch 48/50 | Train Loss: 0.5052                   
[06/14/26 00:01:31] INFO     2026-06-14 00:01:31: Fold 1 |     t2pmhc_gcn.py:412
                             Epoch 49/50 | Train Loss: 0.5032                   
[06/14/26 00:03:56] INFO     2026-06-14 00:03:56: Fold 1 |     t2pmhc_gcn.py:412
                             Epoch 50/50 | Train Loss: 0.5040                   
                    INFO     Saved final model.                   helpers.py:156
                    INFO     Saved PAE scalers                    helpers.py:183
[06/14/26 00:04:32] INFO     Fold 1 AUROC: 0.8261              t2pmhc_gcn.py:420
[06/14/26 00:04:36] INFO     ---- Fold 2/5 ----                t2pmhc_gcn.py:368
[06/14/26 00:10:06] INFO     2026-06-14 00:10:06: Fold 2 |     t2pmhc_gcn.py:412
                             Epoch 1/50 | Train Loss: 0.6144                    
[06/14/26 00:12:30] INFO     2026-06-14 00:12:30: Fold 2 |     t2pmhc_gcn.py:412
                             Epoch 2/50 | Train Loss: 0.5838                    
[06/14/26 00:14:53] INFO     2026-06-14 00:14:53: Fold 2 |     t2pmhc_gcn.py:412
                             Epoch 3/50 | Train Loss: 0.5718                    
[06/14/26 00:17:17] INFO     2026-06-14 00:17:17: Fold 2 |     t2pmhc_gcn.py:412
                             Epoch 4/50 | Train Loss: 0.5671                    
[06/14/26 00:19:43] INFO     2026-06-14 00:19:43: Fold 2 |     t2pmhc_gcn.py:412
                             Epoch 5/50 | Train Loss: 0.5606                    
[06/14/26 00:22:09] INFO     2026-06-14 00:22:09: Fold 2 |     t2pmhc_gcn.py:412
                             Epoch 6/50 | Train Loss: 0.5571                    
[06/14/26 00:24:35] INFO     2026-06-14 00:24:35: Fold 2 |     t2pmhc_gcn.py:412
                             Epoch 7/50 | Train Loss: 0.5535                    
[06/14/26 00:27:01] INFO     2026-06-14 00:27:01: Fold 2 |     t2pmhc_gcn.py:412
                             Epoch 8/50 | Train Loss: 0.5506                    
[06/14/26 00:29:22] INFO     2026-06-14 00:29:22: Fold 2 |     t2pmhc_gcn.py:412
                             Epoch 9/50 | Train Loss: 0.5485                    
[06/14/26 00:31:45] INFO     2026-06-14 00:31:45: Fold 2 |     t2pmhc_gcn.py:412
                             Epoch 10/50 | Train Loss: 0.5477                   
[06/14/26 00:34:09] INFO     2026-06-14 00:34:09: Fold 2 |     t2pmhc_gcn.py:412
                             Epoch 11/50 | Train Loss: 0.5444                   
[06/14/26 00:36:31] INFO     2026-06-14 00:36:31: Fold 2 |     t2pmhc_gcn.py:412
                             Epoch 12/50 | Train Loss: 0.5428                   
[06/14/26 00:38:53] INFO     2026-06-14 00:38:53: Fold 2 |     t2pmhc_gcn.py:412
                             Epoch 13/50 | Train Loss: 0.5404                   
[06/14/26 00:41:13] INFO     2026-06-14 00:41:13: Fold 2 |     t2pmhc_gcn.py:412
                             Epoch 14/50 | Train Loss: 0.5375                   
[06/14/26 00:43:36] INFO     2026-06-14 00:43:36: Fold 2 |     t2pmhc_gcn.py:412
                             Epoch 15/50 | Train Loss: 0.5370                   
[06/14/26 00:46:00] INFO     2026-06-14 00:46:00: Fold 2 |     t2pmhc_gcn.py:412
                             Epoch 16/50 | Train Loss: 0.5362                   
[06/14/26 00:48:26] INFO     2026-06-14 00:48:26: Fold 2 |     t2pmhc_gcn.py:412
                             Epoch 17/50 | Train Loss: 0.5330                   
[06/14/26 00:50:48] INFO     2026-06-14 00:50:48: Fold 2 |     t2pmhc_gcn.py:412
                             Epoch 18/50 | Train Loss: 0.5313                   
[06/14/26 00:53:10] INFO     2026-06-14 00:53:10: Fold 2 |     t2pmhc_gcn.py:412
                             Epoch 19/50 | Train Loss: 0.5297                   
[06/14/26 00:55:33] INFO     2026-06-14 00:55:33: Fold 2 |     t2pmhc_gcn.py:412
                             Epoch 20/50 | Train Loss: 0.5284                   
[06/14/26 00:57:55] INFO     2026-06-14 00:57:55: Fold 2 |     t2pmhc_gcn.py:412
                             Epoch 21/50 | Train Loss: 0.5285                   
[06/14/26 01:00:17] INFO     2026-06-14 01:00:17: Fold 2 |     t2pmhc_gcn.py:412
                             Epoch 22/50 | Train Loss: 0.5270                   
[06/14/26 01:02:43] INFO     2026-06-14 01:02:43: Fold 2 |     t2pmhc_gcn.py:412
                             Epoch 23/50 | Train Loss: 0.5246                   
[06/14/26 01:05:09] INFO     2026-06-14 01:05:09: Fold 2 |     t2pmhc_gcn.py:412
                             Epoch 24/50 | Train Loss: 0.5226                   
[06/14/26 01:07:27] INFO     2026-06-14 01:07:27: Fold 2 |     t2pmhc_gcn.py:412
                             Epoch 25/50 | Train Loss: 0.5236                   
[06/14/26 01:09:43] INFO     2026-06-14 01:09:43: Fold 2 |     t2pmhc_gcn.py:412
                             Epoch 26/50 | Train Loss: 0.5204                   
[06/14/26 01:11:59] INFO     2026-06-14 01:11:59: Fold 2 |     t2pmhc_gcn.py:412
                             Epoch 27/50 | Train Loss: 0.5204                   
[06/14/26 01:14:17] INFO     2026-06-14 01:14:17: Fold 2 |     t2pmhc_gcn.py:412
                             Epoch 28/50 | Train Loss: 0.5189                   
[06/14/26 01:16:33] INFO     2026-06-14 01:16:33: Fold 2 |     t2pmhc_gcn.py:412
                             Epoch 29/50 | Train Loss: 0.5187                   
[06/14/26 01:18:52] INFO     2026-06-14 01:18:52: Fold 2 |     t2pmhc_gcn.py:412
                             Epoch 30/50 | Train Loss: 0.5176                   
[06/14/26 01:21:10] INFO     2026-06-14 01:21:10: Fold 2 |     t2pmhc_gcn.py:412
                             Epoch 31/50 | Train Loss: 0.5155                   
[06/14/26 01:23:28] INFO     2026-06-14 01:23:28: Fold 2 |     t2pmhc_gcn.py:412
                             Epoch 32/50 | Train Loss: 0.5144                   
[06/14/26 01:25:46] INFO     2026-06-14 01:25:46: Fold 2 |     t2pmhc_gcn.py:412
                             Epoch 33/50 | Train Loss: 0.5148                   
[06/14/26 01:28:03] INFO     2026-06-14 01:28:03: Fold 2 |     t2pmhc_gcn.py:412
                             Epoch 34/50 | Train Loss: 0.5131                   
[06/14/26 01:30:15] INFO     2026-06-14 01:30:15: Fold 2 |     t2pmhc_gcn.py:412
                             Epoch 35/50 | Train Loss: 0.5125                   
[06/14/26 01:32:32] INFO     2026-06-14 01:32:32: Fold 2 |     t2pmhc_gcn.py:412
                             Epoch 36/50 | Train Loss: 0.5119                   
[06/14/26 01:34:48] INFO     2026-06-14 01:34:48: Fold 2 |     t2pmhc_gcn.py:412
                             Epoch 37/50 | Train Loss: 0.5111                   
[06/14/26 01:37:01] INFO     2026-06-14 01:37:01: Fold 2 |     t2pmhc_gcn.py:412
                             Epoch 38/50 | Train Loss: 0.5103                   
[06/14/26 01:39:14] INFO     2026-06-14 01:39:14: Fold 2 |     t2pmhc_gcn.py:412
                             Epoch 39/50 | Train Loss: 0.5095                   
[06/14/26 01:41:28] INFO     2026-06-14 01:41:28: Fold 2 |     t2pmhc_gcn.py:412
                             Epoch 40/50 | Train Loss: 0.5070                   
[06/14/26 01:43:42] INFO     2026-06-14 01:43:42: Fold 2 |     t2pmhc_gcn.py:412
                             Epoch 41/50 | Train Loss: 0.5082                   
[06/14/26 01:45:56] INFO     2026-06-14 01:45:56: Fold 2 |     t2pmhc_gcn.py:412
                             Epoch 42/50 | Train Loss: 0.5061                   
[06/14/26 01:48:13] INFO     2026-06-14 01:48:13: Fold 2 |     t2pmhc_gcn.py:412
                             Epoch 43/50 | Train Loss: 0.5043                   
[06/14/26 01:50:28] INFO     2026-06-14 01:50:28: Fold 2 |     t2pmhc_gcn.py:412
                             Epoch 44/50 | Train Loss: 0.5054                   
[06/14/26 01:52:44] INFO     2026-06-14 01:52:44: Fold 2 |     t2pmhc_gcn.py:412
                             Epoch 45/50 | Train Loss: 0.5054                   
[06/14/26 01:54:57] INFO     2026-06-14 01:54:57: Fold 2 |     t2pmhc_gcn.py:412
                             Epoch 46/50 | Train Loss: 0.5024                   
[06/14/26 01:57:12] INFO     2026-06-14 01:57:12: Fold 2 |     t2pmhc_gcn.py:412
                             Epoch 47/50 | Train Loss: 0.5027                   
[06/14/26 01:59:26] INFO     2026-06-14 01:59:26: Fold 2 |     t2pmhc_gcn.py:412
                             Epoch 48/50 | Train Loss: 0.5018                   
[06/14/26 02:01:42] INFO     2026-06-14 02:01:42: Fold 2 |     t2pmhc_gcn.py:412
                             Epoch 49/50 | Train Loss: 0.5013                   
[06/14/26 02:03:59] INFO     2026-06-14 02:03:59: Fold 2 |     t2pmhc_gcn.py:412
                             Epoch 50/50 | Train Loss: 0.5005                   
                    INFO     Saved final model.                   helpers.py:156
                    INFO     Saved PAE scalers                    helpers.py:183
[06/14/26 02:04:35] INFO     Fold 2 AUROC: 0.8301              t2pmhc_gcn.py:420
[06/14/26 02:04:40] INFO     ---- Fold 3/5 ----                t2pmhc_gcn.py:368
[06/14/26 02:09:24] INFO     2026-06-14 02:09:24: Fold 3 |     t2pmhc_gcn.py:412
                             Epoch 1/50 | Train Loss: 0.6174                    
[06/14/26 02:11:37] INFO     2026-06-14 02:11:37: Fold 3 |     t2pmhc_gcn.py:412
                             Epoch 2/50 | Train Loss: 0.5897                    
[06/14/26 02:13:50] INFO     2026-06-14 02:13:50: Fold 3 |     t2pmhc_gcn.py:412
                             Epoch 3/50 | Train Loss: 0.5754                    
[06/14/26 02:16:04] INFO     2026-06-14 02:16:04: Fold 3 |     t2pmhc_gcn.py:412
                             Epoch 4/50 | Train Loss: 0.5666                    
[06/14/26 02:18:20] INFO     2026-06-14 02:18:20: Fold 3 |     t2pmhc_gcn.py:412
                             Epoch 5/50 | Train Loss: 0.5632                    
[06/14/26 02:20:34] INFO     2026-06-14 02:20:34: Fold 3 |     t2pmhc_gcn.py:412
                             Epoch 6/50 | Train Loss: 0.5586                    
[06/14/26 02:22:48] INFO     2026-06-14 02:22:48: Fold 3 |     t2pmhc_gcn.py:412
                             Epoch 7/50 | Train Loss: 0.5551                    
[06/14/26 02:25:00] INFO     2026-06-14 02:25:00: Fold 3 |     t2pmhc_gcn.py:412
                             Epoch 8/50 | Train Loss: 0.5523                    
[06/14/26 02:27:17] INFO     2026-06-14 02:27:17: Fold 3 |     t2pmhc_gcn.py:412
                             Epoch 9/50 | Train Loss: 0.5492                    
[06/14/26 02:29:30] INFO     2026-06-14 02:29:30: Fold 3 |     t2pmhc_gcn.py:412
                             Epoch 10/50 | Train Loss: 0.5464                   
[06/14/26 02:31:43] INFO     2026-06-14 02:31:43: Fold 3 |     t2pmhc_gcn.py:412
                             Epoch 11/50 | Train Loss: 0.5452                   
[06/14/26 02:34:00] INFO     2026-06-14 02:34:00: Fold 3 |     t2pmhc_gcn.py:412
                             Epoch 12/50 | Train Loss: 0.5431                   
[06/14/26 02:36:13] INFO     2026-06-14 02:36:13: Fold 3 |     t2pmhc_gcn.py:412
                             Epoch 13/50 | Train Loss: 0.5410                   
[06/14/26 02:38:28] INFO     2026-06-14 02:38:28: Fold 3 |     t2pmhc_gcn.py:412
                             Epoch 14/50 | Train Loss: 0.5381                   
[06/14/26 02:40:40] INFO     2026-06-14 02:40:40: Fold 3 |     t2pmhc_gcn.py:412
                             Epoch 15/50 | Train Loss: 0.5371                   
[06/14/26 02:42:55] INFO     2026-06-14 02:42:55: Fold 3 |     t2pmhc_gcn.py:412
                             Epoch 16/50 | Train Loss: 0.5346                   
[06/14/26 02:45:10] INFO     2026-06-14 02:45:10: Fold 3 |     t2pmhc_gcn.py:412
                             Epoch 17/50 | Train Loss: 0.5332                   
[06/14/26 02:47:26] INFO     2026-06-14 02:47:26: Fold 3 |     t2pmhc_gcn.py:412
                             Epoch 18/50 | Train Loss: 0.5326                   
[06/14/26 02:49:41] INFO     2026-06-14 02:49:41: Fold 3 |     t2pmhc_gcn.py:412
                             Epoch 19/50 | Train Loss: 0.5295                   
[06/14/26 02:51:55] INFO     2026-06-14 02:51:55: Fold 3 |     t2pmhc_gcn.py:412
                             Epoch 20/50 | Train Loss: 0.5295                   
[06/14/26 02:54:10] INFO     2026-06-14 02:54:10: Fold 3 |     t2pmhc_gcn.py:412
                             Epoch 21/50 | Train Loss: 0.5257                   
[06/14/26 02:56:25] INFO     2026-06-14 02:56:25: Fold 3 |     t2pmhc_gcn.py:412
                             Epoch 22/50 | Train Loss: 0.5251                   
[06/14/26 02:58:38] INFO     2026-06-14 02:58:38: Fold 3 |     t2pmhc_gcn.py:412
                             Epoch 23/50 | Train Loss: 0.5254                   
[06/14/26 03:00:50] INFO     2026-06-14 03:00:50: Fold 3 |     t2pmhc_gcn.py:412
                             Epoch 24/50 | Train Loss: 0.5233                   
[06/14/26 03:03:06] INFO     2026-06-14 03:03:06: Fold 3 |     t2pmhc_gcn.py:412
                             Epoch 25/50 | Train Loss: 0.5239                   
[06/14/26 03:05:20] INFO     2026-06-14 03:05:20: Fold 3 |     t2pmhc_gcn.py:412
                             Epoch 26/50 | Train Loss: 0.5218                   
[06/14/26 03:07:34] INFO     2026-06-14 03:07:34: Fold 3 |     t2pmhc_gcn.py:412
                             Epoch 27/50 | Train Loss: 0.5214                   
[06/14/26 03:09:47] INFO     2026-06-14 03:09:47: Fold 3 |     t2pmhc_gcn.py:412
                             Epoch 28/50 | Train Loss: 0.5201                   
[06/14/26 03:12:01] INFO     2026-06-14 03:12:01: Fold 3 |     t2pmhc_gcn.py:412
                             Epoch 29/50 | Train Loss: 0.5183                   
[06/14/26 03:14:15] INFO     2026-06-14 03:14:15: Fold 3 |     t2pmhc_gcn.py:412
                             Epoch 30/50 | Train Loss: 0.5183                   
[06/14/26 03:16:30] INFO     2026-06-14 03:16:30: Fold 3 |     t2pmhc_gcn.py:412
                             Epoch 31/50 | Train Loss: 0.5168                   
[06/14/26 03:18:44] INFO     2026-06-14 03:18:44: Fold 3 |     t2pmhc_gcn.py:412
                             Epoch 32/50 | Train Loss: 0.5156                   
[06/14/26 03:20:57] INFO     2026-06-14 03:20:57: Fold 3 |     t2pmhc_gcn.py:412
                             Epoch 33/50 | Train Loss: 0.5154                   
[06/14/26 03:23:10] INFO     2026-06-14 03:23:10: Fold 3 |     t2pmhc_gcn.py:412
                             Epoch 34/50 | Train Loss: 0.5148                   
[06/14/26 03:25:24] INFO     2026-06-14 03:25:24: Fold 3 |     t2pmhc_gcn.py:412
                             Epoch 35/50 | Train Loss: 0.5131                   
[06/14/26 03:27:37] INFO     2026-06-14 03:27:37: Fold 3 |     t2pmhc_gcn.py:412
                             Epoch 36/50 | Train Loss: 0.5125                   
[06/14/26 03:29:51] INFO     2026-06-14 03:29:51: Fold 3 |     t2pmhc_gcn.py:412
                             Epoch 37/50 | Train Loss: 0.5125                   
[06/14/26 03:32:07] INFO     2026-06-14 03:32:07: Fold 3 |     t2pmhc_gcn.py:412
                             Epoch 38/50 | Train Loss: 0.5108                   
[06/14/26 03:34:24] INFO     2026-06-14 03:34:24: Fold 3 |     t2pmhc_gcn.py:412
                             Epoch 39/50 | Train Loss: 0.5095                   
[06/14/26 03:36:40] INFO     2026-06-14 03:36:40: Fold 3 |     t2pmhc_gcn.py:412
                             Epoch 40/50 | Train Loss: 0.5084                   
[06/14/26 03:38:53] INFO     2026-06-14 03:38:53: Fold 3 |     t2pmhc_gcn.py:412
                             Epoch 41/50 | Train Loss: 0.5072                   
[06/14/26 03:41:09] INFO     2026-06-14 03:41:09: Fold 3 |     t2pmhc_gcn.py:412
                             Epoch 42/50 | Train Loss: 0.5083                   
[06/14/26 03:43:24] INFO     2026-06-14 03:43:24: Fold 3 |     t2pmhc_gcn.py:412
                             Epoch 43/50 | Train Loss: 0.5080                   
[06/14/26 03:45:40] INFO     2026-06-14 03:45:40: Fold 3 |     t2pmhc_gcn.py:412
                             Epoch 44/50 | Train Loss: 0.5054                   
[06/14/26 03:47:58] INFO     2026-06-14 03:47:58: Fold 3 |     t2pmhc_gcn.py:412
                             Epoch 45/50 | Train Loss: 0.5058                   
[06/14/26 03:50:10] INFO     2026-06-14 03:50:10: Fold 3 |     t2pmhc_gcn.py:412
                             Epoch 46/50 | Train Loss: 0.5050                   
[06/14/26 03:52:22] INFO     2026-06-14 03:52:22: Fold 3 |     t2pmhc_gcn.py:412
                             Epoch 47/50 | Train Loss: 0.5046                   
[06/14/26 03:54:37] INFO     2026-06-14 03:54:37: Fold 3 |     t2pmhc_gcn.py:412
                             Epoch 48/50 | Train Loss: 0.5031                   
[06/14/26 03:56:49] INFO     2026-06-14 03:56:49: Fold 3 |     t2pmhc_gcn.py:412
                             Epoch 49/50 | Train Loss: 0.5016                   
[06/14/26 03:59:03] INFO     2026-06-14 03:59:03: Fold 3 |     t2pmhc_gcn.py:412
                             Epoch 50/50 | Train Loss: 0.5008                   
                    INFO     Saved final model.                   helpers.py:156
                    INFO     Saved PAE scalers                    helpers.py:183
[06/14/26 03:59:37] INFO     Fold 3 AUROC: 0.8162              t2pmhc_gcn.py:420
[06/14/26 03:59:42] INFO     ---- Fold 4/5 ----                t2pmhc_gcn.py:368
[06/14/26 04:04:19] INFO     2026-06-14 04:04:19: Fold 4 |     t2pmhc_gcn.py:412
                             Epoch 1/50 | Train Loss: 0.6164                    
[06/14/26 04:06:34] INFO     2026-06-14 04:06:34: Fold 4 |     t2pmhc_gcn.py:412
                             Epoch 2/50 | Train Loss: 0.5817                    
[06/14/26 04:08:47] INFO     2026-06-14 04:08:47: Fold 4 |     t2pmhc_gcn.py:412
                             Epoch 3/50 | Train Loss: 0.5700                    
[06/14/26 04:10:59] INFO     2026-06-14 04:10:59: Fold 4 |     t2pmhc_gcn.py:412
                             Epoch 4/50 | Train Loss: 0.5637                    
[06/14/26 04:13:13] INFO     2026-06-14 04:13:13: Fold 4 |     t2pmhc_gcn.py:412
                             Epoch 5/50 | Train Loss: 0.5587                    
[06/14/26 04:15:25] INFO     2026-06-14 04:15:25: Fold 4 |     t2pmhc_gcn.py:412
                             Epoch 6/50 | Train Loss: 0.5555                    
[06/14/26 04:17:40] INFO     2026-06-14 04:17:40: Fold 4 |     t2pmhc_gcn.py:412
                             Epoch 7/50 | Train Loss: 0.5525                    
[06/14/26 04:19:56] INFO     2026-06-14 04:19:56: Fold 4 |     t2pmhc_gcn.py:412
                             Epoch 8/50 | Train Loss: 0.5496                    
[06/14/26 04:22:14] INFO     2026-06-14 04:22:14: Fold 4 |     t2pmhc_gcn.py:412
                             Epoch 9/50 | Train Loss: 0.5465                    
[06/14/26 04:24:29] INFO     2026-06-14 04:24:29: Fold 4 |     t2pmhc_gcn.py:412
                             Epoch 10/50 | Train Loss: 0.5445                   
[06/14/26 04:26:42] INFO     2026-06-14 04:26:42: Fold 4 |     t2pmhc_gcn.py:412
                             Epoch 11/50 | Train Loss: 0.5429                   
[06/14/26 04:28:59] INFO     2026-06-14 04:28:59: Fold 4 |     t2pmhc_gcn.py:412
                             Epoch 12/50 | Train Loss: 0.5407                   
[06/14/26 04:31:12] INFO     2026-06-14 04:31:12: Fold 4 |     t2pmhc_gcn.py:412
                             Epoch 13/50 | Train Loss: 0.5383                   
[06/14/26 04:33:31] INFO     2026-06-14 04:33:31: Fold 4 |     t2pmhc_gcn.py:412
                             Epoch 14/50 | Train Loss: 0.5356                   
[06/14/26 04:35:43] INFO     2026-06-14 04:35:43: Fold 4 |     t2pmhc_gcn.py:412
                             Epoch 15/50 | Train Loss: 0.5348                   
[06/14/26 04:37:55] INFO     2026-06-14 04:37:55: Fold 4 |     t2pmhc_gcn.py:412
                             Epoch 16/50 | Train Loss: 0.5331                   
[06/14/26 04:40:11] INFO     2026-06-14 04:40:11: Fold 4 |     t2pmhc_gcn.py:412
                             Epoch 17/50 | Train Loss: 0.5341                   
[06/14/26 04:42:26] INFO     2026-06-14 04:42:26: Fold 4 |     t2pmhc_gcn.py:412
                             Epoch 18/50 | Train Loss: 0.5307                   
[06/14/26 04:44:39] INFO     2026-06-14 04:44:39: Fold 4 |     t2pmhc_gcn.py:412
                             Epoch 19/50 | Train Loss: 0.5297                   
[06/14/26 04:46:54] INFO     2026-06-14 04:46:54: Fold 4 |     t2pmhc_gcn.py:412
                             Epoch 20/50 | Train Loss: 0.5276                   
[06/14/26 04:49:09] INFO     2026-06-14 04:49:09: Fold 4 |     t2pmhc_gcn.py:412
                             Epoch 21/50 | Train Loss: 0.5262                   
[06/14/26 04:51:22] INFO     2026-06-14 04:51:22: Fold 4 |     t2pmhc_gcn.py:412
                             Epoch 22/50 | Train Loss: 0.5244                   
[06/14/26 04:53:33] INFO     2026-06-14 04:53:33: Fold 4 |     t2pmhc_gcn.py:412
                             Epoch 23/50 | Train Loss: 0.5253                   
[06/14/26 04:55:48] INFO     2026-06-14 04:55:48: Fold 4 |     t2pmhc_gcn.py:412
                             Epoch 24/50 | Train Loss: 0.5231                   
[06/14/26 04:58:02] INFO     2026-06-14 04:58:02: Fold 4 |     t2pmhc_gcn.py:412
                             Epoch 25/50 | Train Loss: 0.5219                   
[06/14/26 05:00:15] INFO     2026-06-14 05:00:15: Fold 4 |     t2pmhc_gcn.py:412
                             Epoch 26/50 | Train Loss: 0.5210                   
[06/14/26 05:02:31] INFO     2026-06-14 05:02:31: Fold 4 |     t2pmhc_gcn.py:412
                             Epoch 27/50 | Train Loss: 0.5203                   
[06/14/26 05:04:49] INFO     2026-06-14 05:04:49: Fold 4 |     t2pmhc_gcn.py:412
                             Epoch 28/50 | Train Loss: 0.5185                   
[06/14/26 05:07:04] INFO     2026-06-14 05:07:04: Fold 4 |     t2pmhc_gcn.py:412
                             Epoch 29/50 | Train Loss: 0.5182                   
[06/14/26 05:09:16] INFO     2026-06-14 05:09:16: Fold 4 |     t2pmhc_gcn.py:412
                             Epoch 30/50 | Train Loss: 0.5176                   
[06/14/26 05:11:28] INFO     2026-06-14 05:11:28: Fold 4 |     t2pmhc_gcn.py:412
                             Epoch 31/50 | Train Loss: 0.5170                   
[06/14/26 05:13:42] INFO     2026-06-14 05:13:42: Fold 4 |     t2pmhc_gcn.py:412
                             Epoch 32/50 | Train Loss: 0.5163                   
[06/14/26 05:15:56] INFO     2026-06-14 05:15:56: Fold 4 |     t2pmhc_gcn.py:412
                             Epoch 33/50 | Train Loss: 0.5152                   
[06/14/26 05:18:11] INFO     2026-06-14 05:18:11: Fold 4 |     t2pmhc_gcn.py:412
                             Epoch 34/50 | Train Loss: 0.5135                   
[06/14/26 05:20:24] INFO     2026-06-14 05:20:24: Fold 4 |     t2pmhc_gcn.py:412
                             Epoch 35/50 | Train Loss: 0.5125                   
[06/14/26 05:22:37] INFO     2026-06-14 05:22:37: Fold 4 |     t2pmhc_gcn.py:412
                             Epoch 36/50 | Train Loss: 0.5116                   
[06/14/26 05:24:48] INFO     2026-06-14 05:24:48: Fold 4 |     t2pmhc_gcn.py:412
                             Epoch 37/50 | Train Loss: 0.5103                   
[06/14/26 05:27:01] INFO     2026-06-14 05:27:01: Fold 4 |     t2pmhc_gcn.py:412
                             Epoch 38/50 | Train Loss: 0.5110                   
[06/14/26 05:29:15] INFO     2026-06-14 05:29:15: Fold 4 |     t2pmhc_gcn.py:412
                             Epoch 39/50 | Train Loss: 0.5087                   
[06/14/26 05:31:28] INFO     2026-06-14 05:31:28: Fold 4 |     t2pmhc_gcn.py:412
                             Epoch 40/50 | Train Loss: 0.5077                   
[06/14/26 05:33:46] INFO     2026-06-14 05:33:46: Fold 4 |     t2pmhc_gcn.py:412
                             Epoch 41/50 | Train Loss: 0.5076                   
[06/14/26 05:36:00] INFO     2026-06-14 05:36:00: Fold 4 |     t2pmhc_gcn.py:412
                             Epoch 42/50 | Train Loss: 0.5063                   
[06/14/26 05:38:13] INFO     2026-06-14 05:38:13: Fold 4 |     t2pmhc_gcn.py:412
                             Epoch 43/50 | Train Loss: 0.5069                   
[06/14/26 05:40:27] INFO     2026-06-14 05:40:27: Fold 4 |     t2pmhc_gcn.py:412
                             Epoch 44/50 | Train Loss: 0.5048                   
[06/14/26 05:42:40] INFO     2026-06-14 05:42:40: Fold 4 |     t2pmhc_gcn.py:412
                             Epoch 45/50 | Train Loss: 0.5048                   
[06/14/26 05:44:53] INFO     2026-06-14 05:44:53: Fold 4 |     t2pmhc_gcn.py:412
                             Epoch 46/50 | Train Loss: 0.5028                   
[06/14/26 05:47:10] INFO     2026-06-14 05:47:10: Fold 4 |     t2pmhc_gcn.py:412
                             Epoch 47/50 | Train Loss: 0.5024                   
[06/14/26 05:49:24] INFO     2026-06-14 05:49:24: Fold 4 |     t2pmhc_gcn.py:412
                             Epoch 48/50 | Train Loss: 0.5021                   
[06/14/26 05:51:36] INFO     2026-06-14 05:51:36: Fold 4 |     t2pmhc_gcn.py:412
                             Epoch 49/50 | Train Loss: 0.5019                   
[06/14/26 05:53:50] INFO     2026-06-14 05:53:50: Fold 4 |     t2pmhc_gcn.py:412
                             Epoch 50/50 | Train Loss: 0.5014                   
                    INFO     Saved final model.                   helpers.py:156
                    INFO     Saved PAE scalers                    helpers.py:183
[06/14/26 05:54:23] INFO     Fold 4 AUROC: 0.8238              t2pmhc_gcn.py:420
[06/14/26 05:54:28] INFO     ---- Fold 5/5 ----                t2pmhc_gcn.py:368
[06/14/26 05:59:02] INFO     2026-06-14 05:59:02: Fold 5 |     t2pmhc_gcn.py:412
                             Epoch 1/50 | Train Loss: 0.6169                    
[06/14/26 06:01:16] INFO     2026-06-14 06:01:16: Fold 5 |     t2pmhc_gcn.py:412
                             Epoch 2/50 | Train Loss: 0.5945                    
[06/14/26 06:03:33] INFO     2026-06-14 06:03:33: Fold 5 |     t2pmhc_gcn.py:412
                             Epoch 3/50 | Train Loss: 0.5828                    
[06/14/26 06:05:47] INFO     2026-06-14 06:05:47: Fold 5 |     t2pmhc_gcn.py:412
                             Epoch 4/50 | Train Loss: 0.5750                    
[06/14/26 06:08:01] INFO     2026-06-14 06:08:01: Fold 5 |     t2pmhc_gcn.py:412
                             Epoch 5/50 | Train Loss: 0.5690                    
[06/14/26 06:10:13] INFO     2026-06-14 06:10:13: Fold 5 |     t2pmhc_gcn.py:412
                             Epoch 6/50 | Train Loss: 0.5641                    
[06/14/26 06:12:27] INFO     2026-06-14 06:12:27: Fold 5 |     t2pmhc_gcn.py:412
                             Epoch 7/50 | Train Loss: 0.5612                    
[06/14/26 06:14:39] INFO     2026-06-14 06:14:39: Fold 5 |     t2pmhc_gcn.py:412
                             Epoch 8/50 | Train Loss: 0.5574                    
[06/14/26 06:16:55] INFO     2026-06-14 06:16:55: Fold 5 |     t2pmhc_gcn.py:412
                             Epoch 9/50 | Train Loss: 0.5550                    
[06/14/26 06:19:09] INFO     2026-06-14 06:19:09: Fold 5 |     t2pmhc_gcn.py:412
                             Epoch 10/50 | Train Loss: 0.5529                   
[06/14/26 06:21:24] INFO     2026-06-14 06:21:24: Fold 5 |     t2pmhc_gcn.py:412
                             Epoch 11/50 | Train Loss: 0.5514                   
[06/14/26 06:23:36] INFO     2026-06-14 06:23:36: Fold 5 |     t2pmhc_gcn.py:412
                             Epoch 12/50 | Train Loss: 0.5478                   
[06/14/26 06:25:49] INFO     2026-06-14 06:25:49: Fold 5 |     t2pmhc_gcn.py:412
                             Epoch 13/50 | Train Loss: 0.5453                   
[06/14/26 06:28:06] INFO     2026-06-14 06:28:06: Fold 5 |     t2pmhc_gcn.py:412
                             Epoch 14/50 | Train Loss: 0.5445                   
[06/14/26 06:30:23] INFO     2026-06-14 06:30:23: Fold 5 |     t2pmhc_gcn.py:412
                             Epoch 15/50 | Train Loss: 0.5424                   
[06/14/26 06:32:40] INFO     2026-06-14 06:32:40: Fold 5 |     t2pmhc_gcn.py:412
                             Epoch 16/50 | Train Loss: 0.5405                   
[06/14/26 06:34:55] INFO     2026-06-14 06:34:55: Fold 5 |     t2pmhc_gcn.py:412
                             Epoch 17/50 | Train Loss: 0.5382                   
[06/14/26 06:37:09] INFO     2026-06-14 06:37:09: Fold 5 |     t2pmhc_gcn.py:412
                             Epoch 18/50 | Train Loss: 0.5372                   
[06/14/26 06:39:22] INFO     2026-06-14 06:39:22: Fold 5 |     t2pmhc_gcn.py:412
                             Epoch 19/50 | Train Loss: 0.5360                   
[06/14/26 06:41:38] INFO     2026-06-14 06:41:38: Fold 5 |     t2pmhc_gcn.py:412
                             Epoch 20/50 | Train Loss: 0.5334                   
[06/14/26 06:43:51] INFO     2026-06-14 06:43:51: Fold 5 |     t2pmhc_gcn.py:412
                             Epoch 21/50 | Train Loss: 0.5342                   
[06/14/26 06:46:06] INFO     2026-06-14 06:46:06: Fold 5 |     t2pmhc_gcn.py:412
                             Epoch 22/50 | Train Loss: 0.5321                   
[06/14/26 06:48:23] INFO     2026-06-14 06:48:23: Fold 5 |     t2pmhc_gcn.py:412
                             Epoch 23/50 | Train Loss: 0.5312                   
[06/14/26 06:50:36] INFO     2026-06-14 06:50:36: Fold 5 |     t2pmhc_gcn.py:412
                             Epoch 24/50 | Train Loss: 0.5310                   
[06/14/26 06:52:50] INFO     2026-06-14 06:52:50: Fold 5 |     t2pmhc_gcn.py:412
                             Epoch 25/50 | Train Loss: 0.5299                   
[06/14/26 06:55:02] INFO     2026-06-14 06:55:02: Fold 5 |     t2pmhc_gcn.py:412
                             Epoch 26/50 | Train Loss: 0.5285                   
[06/14/26 06:57:16] INFO     2026-06-14 06:57:16: Fold 5 |     t2pmhc_gcn.py:412
                             Epoch 27/50 | Train Loss: 0.5268                   
[06/14/26 06:59:31] INFO     2026-06-14 06:59:31: Fold 5 |     t2pmhc_gcn.py:412
                             Epoch 28/50 | Train Loss: 0.5256                   
[06/14/26 07:01:46] INFO     2026-06-14 07:01:46: Fold 5 |     t2pmhc_gcn.py:412
                             Epoch 29/50 | Train Loss: 0.5255                   
[06/14/26 07:04:02] INFO     2026-06-14 07:04:02: Fold 5 |     t2pmhc_gcn.py:412
                             Epoch 30/50 | Train Loss: 0.5237                   
[06/14/26 07:06:14] INFO     2026-06-14 07:06:14: Fold 5 |     t2pmhc_gcn.py:412
                             Epoch 31/50 | Train Loss: 0.5238                   
[06/14/26 07:08:31] INFO     2026-06-14 07:08:31: Fold 5 |     t2pmhc_gcn.py:412
                             Epoch 32/50 | Train Loss: 0.5215                   
[06/14/26 07:10:45] INFO     2026-06-14 07:10:45: Fold 5 |     t2pmhc_gcn.py:412
                             Epoch 33/50 | Train Loss: 0.5213                   
[06/14/26 07:12:58] INFO     2026-06-14 07:12:58: Fold 5 |     t2pmhc_gcn.py:412
                             Epoch 34/50 | Train Loss: 0.5200                   
[06/14/26 07:15:13] INFO     2026-06-14 07:15:13: Fold 5 |     t2pmhc_gcn.py:412
                             Epoch 35/50 | Train Loss: 0.5182                   
[06/14/26 07:17:30] INFO     2026-06-14 07:17:30: Fold 5 |     t2pmhc_gcn.py:412
                             Epoch 36/50 | Train Loss: 0.5185                   
[06/14/26 07:19:46] INFO     2026-06-14 07:19:46: Fold 5 |     t2pmhc_gcn.py:412
                             Epoch 37/50 | Train Loss: 0.5193                   
[06/14/26 07:21:59] INFO     2026-06-14 07:21:59: Fold 5 |     t2pmhc_gcn.py:412
                             Epoch 38/50 | Train Loss: 0.5173                   
[06/14/26 07:24:12] INFO     2026-06-14 07:24:12: Fold 5 |     t2pmhc_gcn.py:412
                             Epoch 39/50 | Train Loss: 0.5159                   
[06/14/26 07:26:25] INFO     2026-06-14 07:26:25: Fold 5 |     t2pmhc_gcn.py:412
                             Epoch 40/50 | Train Loss: 0.5156                   
[06/14/26 07:28:40] INFO     2026-06-14 07:28:40: Fold 5 |     t2pmhc_gcn.py:412
                             Epoch 41/50 | Train Loss: 0.5149                   
[06/14/26 07:30:52] INFO     2026-06-14 07:30:52: Fold 5 |     t2pmhc_gcn.py:412
                             Epoch 42/50 | Train Loss: 0.5125                   
[06/14/26 07:33:09] INFO     2026-06-14 07:33:09: Fold 5 |     t2pmhc_gcn.py:412
                             Epoch 43/50 | Train Loss: 0.5132                   
[06/14/26 07:35:23] INFO     2026-06-14 07:35:23: Fold 5 |     t2pmhc_gcn.py:412
                             Epoch 44/50 | Train Loss: 0.5111                   
[06/14/26 07:37:36] INFO     2026-06-14 07:37:36: Fold 5 |     t2pmhc_gcn.py:412
                             Epoch 45/50 | Train Loss: 0.5119                   
[06/14/26 07:39:50] INFO     2026-06-14 07:39:50: Fold 5 |     t2pmhc_gcn.py:412
                             Epoch 46/50 | Train Loss: 0.5120                   
[06/14/26 07:42:03] INFO     2026-06-14 07:42:03: Fold 5 |     t2pmhc_gcn.py:412
                             Epoch 47/50 | Train Loss: 0.5090                   
[06/14/26 07:44:18] INFO     2026-06-14 07:44:18: Fold 5 |     t2pmhc_gcn.py:412
                             Epoch 48/50 | Train Loss: 0.5104                   
[06/14/26 07:46:33] INFO     2026-06-14 07:46:33: Fold 5 |     t2pmhc_gcn.py:412
                             Epoch 49/50 | Train Loss: 0.5084                   
[06/14/26 07:48:47] INFO     2026-06-14 07:48:47: Fold 5 |     t2pmhc_gcn.py:412
                             Epoch 50/50 | Train Loss: 0.5073                   
                    INFO     Saved final model.                   helpers.py:156
                    INFO     Saved PAE scalers                    helpers.py:183
[06/14/26 07:49:20] INFO     Fold 5 AUROC: 0.8174              t2pmhc_gcn.py:420
[06/14/26 07:49:24] INFO     5-fold CV AUROC: 0.8227 ± 0.0059  t2pmhc_gcn.py:441
[06/14/26 07:49:30] INFO     Saved CV AUROC results to         t2pmhc_gcn.py:442
                             /cluster/home/dego/models/t2pmhc/                  
                             models/dist12_gcn_cv/dist12_cv_au                  
                             roc.csv                                            
[06/14/26 07:49:33] INFO     Saved split samplesheet to        t2pmhc_gcn.py:443
                             /cluster/home/dego/models/t2pmhc/                  
                             models/dist12_gcn_cv/dist12_cv_sp                  
                             lits.tsv                                           
                    INFO     5-fold cross-validation complete. t2pmhc_gcn.py:445
[06/14/26 07:49:35] INFO     .................. done             __main__.py:133
                             ..................                                 
