=== Submit script: /var/lib/slurm/slurmd/job28862/slurm_script ===
#!/bin/bash
#SBATCH --time=12:30:00
#SBATCH --job-name=create_t2pmhc_graphs
#SBATCH --ntasks=1
#SBATCH --nodes=1
#SBATCH --cpus-per-task=24
#SBATCH --mem=96G
#SBATCH --account=cai_exp
#SBATCH --partition=cpu
#SBATCH --output=/cluster/home/dego/log/%j_%N_create_t2pmhc_graph_gat_6.out
#SBATCH --error=/cluster/home/dego/log/%j_%N_create_t2pmhc_graph_gat_6.err

echo "=== Submit script: $(realpath "$0") ===" && cat "$0"

cd ~/models/t2pmhc

source /cluster/home/dego/.start_uv.sh --auto
uv sync
#you are supposed to convert the samplesheet to the format expected by running /cluster/home/dego/nf-core_proteinfold_tcr_dock/Custom/tcrdock_python_utils/convert_samplesheet.py
uv run --project ~/models/t2pmhc --directory /cluster/projects/2026_dego_NF_DB/t2pmhc_train_structures  t2pmhc create-t2pmhc-graphs --mode t2pmhc-gat --samplesheet ./t2pmhc_train_samplesheet_new.tsv --training-mode --threshold 6 --out /cluster/home/dego/models/t2pmhc/generated_graphs/t2pmhc_gat_dist6.pt
Found .python-version file -> using Python 3.11
Attempting to load module: python/3.11
Loaded python/3.11
No env name given -> using current directory name lowercased: t2pmhc
Set UV_PATH=/raid/persistent_scratch/dego/uv/
Loading uv module with VENV="t2pmhc" ...
uv module loaded with VENV='t2pmhc' and UV_PATH='/raid/persistent_scratch/dego/uv/'.
Finished. 
-------------------------------------------
 _   ____                  _          

| |_|___ \ _ __  _ __ ___ | |__   ___

| __| __) | '_ \| '_ ` _ \| '_ \ / __|

| |_ / __/| |_) | | | | | | | | | (__ 

 \__|_____| .__/|_| |_| |_|_| |_|\___|

          |_|                         
-------------------------------------------
[06/13/26 23:21:20] INFO     ........ Building t2pmhc-gat graphs __main__.py:232
                             ........                                           
                    INFO     reading samplesheet                   helpers.py:51
[06/13/26 23:21:23] INFO     Creating Graphs --      create_t2pmhc_graphs.py:380
                             t2pmhc-gat                                         
[06/13/26 23:22:49] INFO     creating PyTorch Data   create_t2pmhc_graphs.py:336
                             Instances                                          
[06/13/26 23:22:50] INFO     Processed 1000 / 79108  create_t2pmhc_graphs.py:355
                             files                                              
[06/13/26 23:24:10] INFO     creating PyTorch Data   create_t2pmhc_graphs.py:336
                             Instances                                          
                    INFO     Processed 2000 / 79108  create_t2pmhc_graphs.py:355
                             files                                              
[06/13/26 23:25:29] INFO     creating PyTorch Data   create_t2pmhc_graphs.py:336
                             Instances                                          
                    INFO     Processed 3000 / 79108  create_t2pmhc_graphs.py:355
                             files                                              
[06/13/26 23:26:47] INFO     creating PyTorch Data   create_t2pmhc_graphs.py:336
                             Instances                                          
                    INFO     Processed 4000 / 79108  create_t2pmhc_graphs.py:355
                             files                                              
[06/13/26 23:28:11] INFO     creating PyTorch Data   create_t2pmhc_graphs.py:336
                             Instances                                          
                    INFO     Processed 5000 / 79108  create_t2pmhc_graphs.py:355
                             files                                              
[06/13/26 23:29:32] INFO     creating PyTorch Data   create_t2pmhc_graphs.py:336
                             Instances                                          
                    INFO     Processed 6000 / 79108  create_t2pmhc_graphs.py:355
                             files                                              
[06/13/26 23:30:50] INFO     creating PyTorch Data   create_t2pmhc_graphs.py:336
                             Instances                                          
[06/13/26 23:30:51] INFO     Processed 7000 / 79108  create_t2pmhc_graphs.py:355
                             files                                              
[06/13/26 23:32:10] INFO     creating PyTorch Data   create_t2pmhc_graphs.py:336
                             Instances                                          
                    INFO     Processed 8000 / 79108  create_t2pmhc_graphs.py:355
                             files                                              
[06/13/26 23:33:29] INFO     creating PyTorch Data   create_t2pmhc_graphs.py:336
                             Instances                                          
[06/13/26 23:33:30] INFO     Processed 9000 / 79108  create_t2pmhc_graphs.py:355
                             files                                              
[06/13/26 23:34:49] INFO     creating PyTorch Data   create_t2pmhc_graphs.py:336
                             Instances                                          
                    INFO     Processed 10000 / 79108 create_t2pmhc_graphs.py:355
                             files                                              
[06/13/26 23:36:11] INFO     creating PyTorch Data   create_t2pmhc_graphs.py:336
                             Instances                                          
                    INFO     Processed 11000 / 79108 create_t2pmhc_graphs.py:355
                             files                                              
[06/13/26 23:37:30] INFO     creating PyTorch Data   create_t2pmhc_graphs.py:336
                             Instances                                          
[06/13/26 23:37:31] INFO     Processed 12000 / 79108 create_t2pmhc_graphs.py:355
                             files                                              
[06/13/26 23:38:50] INFO     creating PyTorch Data   create_t2pmhc_graphs.py:336
                             Instances                                          
[06/13/26 23:38:51] INFO     Processed 13000 / 79108 create_t2pmhc_graphs.py:355
                             files                                              
[06/13/26 23:40:09] INFO     creating PyTorch Data   create_t2pmhc_graphs.py:336
                             Instances                                          
[06/13/26 23:40:10] INFO     Processed 14000 / 79108 create_t2pmhc_graphs.py:355
                             files                                              
[06/13/26 23:41:28] INFO     creating PyTorch Data   create_t2pmhc_graphs.py:336
                             Instances                                          
[06/13/26 23:41:29] INFO     Processed 15000 / 79108 create_t2pmhc_graphs.py:355
                             files                                              
[06/13/26 23:42:48] INFO     creating PyTorch Data   create_t2pmhc_graphs.py:336
                             Instances                                          
                    INFO     Processed 16000 / 79108 create_t2pmhc_graphs.py:355
                             files                                              
[06/13/26 23:44:07] INFO     creating PyTorch Data   create_t2pmhc_graphs.py:336
                             Instances                                          
                    INFO     Processed 17000 / 79108 create_t2pmhc_graphs.py:355
                             files                                              
[06/13/26 23:45:26] INFO     creating PyTorch Data   create_t2pmhc_graphs.py:336
                             Instances                                          
[06/13/26 23:45:27] INFO     Processed 18000 / 79108 create_t2pmhc_graphs.py:355
                             files                                              
[06/13/26 23:46:46] INFO     creating PyTorch Data   create_t2pmhc_graphs.py:336
                             Instances                                          
                    INFO     Processed 19000 / 79108 create_t2pmhc_graphs.py:355
                             files                                              
[06/13/26 23:48:14] INFO     creating PyTorch Data   create_t2pmhc_graphs.py:336
                             Instances                                          
                    INFO     Processed 20000 / 79108 create_t2pmhc_graphs.py:355
                             files                                              
[06/13/26 23:49:35] INFO     creating PyTorch Data   create_t2pmhc_graphs.py:336
                             Instances                                          
                    INFO     Processed 21000 / 79108 create_t2pmhc_graphs.py:355
                             files                                              
[06/13/26 23:50:56] INFO     creating PyTorch Data   create_t2pmhc_graphs.py:336
                             Instances                                          
                    INFO     Processed 22000 / 79108 create_t2pmhc_graphs.py:355
                             files                                              
[06/13/26 23:52:15] INFO     creating PyTorch Data   create_t2pmhc_graphs.py:336
                             Instances                                          
                    INFO     Processed 23000 / 79108 create_t2pmhc_graphs.py:355
                             files                                              
[06/13/26 23:53:34] INFO     creating PyTorch Data   create_t2pmhc_graphs.py:336
                             Instances                                          
                    INFO     Processed 24000 / 79108 create_t2pmhc_graphs.py:355
                             files                                              
[06/13/26 23:54:53] INFO     creating PyTorch Data   create_t2pmhc_graphs.py:336
                             Instances                                          
                    INFO     Processed 25000 / 79108 create_t2pmhc_graphs.py:355
                             files                                              
[06/13/26 23:56:12] INFO     creating PyTorch Data   create_t2pmhc_graphs.py:336
                             Instances                                          
                    INFO     Processed 26000 / 79108 create_t2pmhc_graphs.py:355
                             files                                              
[06/13/26 23:57:37] INFO     creating PyTorch Data   create_t2pmhc_graphs.py:336
                             Instances                                          
                    INFO     Processed 27000 / 79108 create_t2pmhc_graphs.py:355
                             files                                              
[06/13/26 23:58:57] INFO     creating PyTorch Data   create_t2pmhc_graphs.py:336
                             Instances                                          
                    INFO     Processed 28000 / 79108 create_t2pmhc_graphs.py:355
                             files                                              
[06/14/26 00:00:18] INFO     creating PyTorch Data   create_t2pmhc_graphs.py:336
                             Instances                                          
                    INFO     Processed 29000 / 79108 create_t2pmhc_graphs.py:355
                             files                                              
[06/14/26 00:01:39] INFO     creating PyTorch Data   create_t2pmhc_graphs.py:336
                             Instances                                          
                    INFO     Processed 30000 / 79108 create_t2pmhc_graphs.py:355
                             files                                              
[06/14/26 00:02:59] INFO     creating PyTorch Data   create_t2pmhc_graphs.py:336
                             Instances                                          
                    INFO     Processed 31000 / 79108 create_t2pmhc_graphs.py:355
                             files                                              
[06/14/26 00:04:19] INFO     creating PyTorch Data   create_t2pmhc_graphs.py:336
                             Instances                                          
                    INFO     Processed 32000 / 79108 create_t2pmhc_graphs.py:355
                             files                                              
[06/14/26 00:05:39] INFO     creating PyTorch Data   create_t2pmhc_graphs.py:336
                             Instances                                          
                    INFO     Processed 33000 / 79108 create_t2pmhc_graphs.py:355
                             files                                              
[06/14/26 00:06:59] INFO     creating PyTorch Data   create_t2pmhc_graphs.py:336
                             Instances                                          
[06/14/26 00:07:00] INFO     Processed 34000 / 79108 create_t2pmhc_graphs.py:355
                             files                                              
[06/14/26 00:08:20] INFO     creating PyTorch Data   create_t2pmhc_graphs.py:336
                             Instances                                          
                    INFO     Processed 35000 / 79108 create_t2pmhc_graphs.py:355
                             files                                              
[06/14/26 00:09:41] INFO     creating PyTorch Data   create_t2pmhc_graphs.py:336
                             Instances                                          
                    INFO     Processed 36000 / 79108 create_t2pmhc_graphs.py:355
                             files                                              
[06/14/26 00:11:01] INFO     creating PyTorch Data   create_t2pmhc_graphs.py:336
                             Instances                                          
                    INFO     Processed 37000 / 79108 create_t2pmhc_graphs.py:355
                             files                                              
[06/14/26 00:12:22] INFO     creating PyTorch Data   create_t2pmhc_graphs.py:336
                             Instances                                          
                    INFO     Processed 38000 / 79108 create_t2pmhc_graphs.py:355
                             files                                              
[06/14/26 00:13:44] INFO     creating PyTorch Data   create_t2pmhc_graphs.py:336
                             Instances                                          
                    INFO     Processed 39000 / 79108 create_t2pmhc_graphs.py:355
                             files                                              
[06/14/26 00:15:05] INFO     creating PyTorch Data   create_t2pmhc_graphs.py:336
                             Instances                                          
                    INFO     Processed 40000 / 79108 create_t2pmhc_graphs.py:355
                             files                                              
[06/14/26 00:16:25] INFO     creating PyTorch Data   create_t2pmhc_graphs.py:336
                             Instances                                          
                    INFO     Processed 41000 / 79108 create_t2pmhc_graphs.py:355
                             files                                              
[06/14/26 00:17:47] INFO     creating PyTorch Data   create_t2pmhc_graphs.py:336
                             Instances                                          
                    INFO     Processed 42000 / 79108 create_t2pmhc_graphs.py:355
                             files                                              
[06/14/26 00:19:08] INFO     creating PyTorch Data   create_t2pmhc_graphs.py:336
                             Instances                                          
                    INFO     Processed 43000 / 79108 create_t2pmhc_graphs.py:355
                             files                                              
[06/14/26 00:20:30] INFO     creating PyTorch Data   create_t2pmhc_graphs.py:336
                             Instances                                          
                    INFO     Processed 44000 / 79108 create_t2pmhc_graphs.py:355
                             files                                              
[06/14/26 00:21:53] INFO     creating PyTorch Data   create_t2pmhc_graphs.py:336
                             Instances                                          
                    INFO     Processed 45000 / 79108 create_t2pmhc_graphs.py:355
                             files                                              
[06/14/26 00:23:16] INFO     creating PyTorch Data   create_t2pmhc_graphs.py:336
                             Instances                                          
                    INFO     Processed 46000 / 79108 create_t2pmhc_graphs.py:355
                             files                                              
[06/14/26 00:24:39] INFO     creating PyTorch Data   create_t2pmhc_graphs.py:336
                             Instances                                          
                    INFO     Processed 47000 / 79108 create_t2pmhc_graphs.py:355
                             files                                              
[06/14/26 00:26:02] INFO     creating PyTorch Data   create_t2pmhc_graphs.py:336
                             Instances                                          
[06/14/26 00:26:03] INFO     Processed 48000 / 79108 create_t2pmhc_graphs.py:355
                             files                                              
[06/14/26 00:27:24] INFO     creating PyTorch Data   create_t2pmhc_graphs.py:336
                             Instances                                          
                    INFO     Processed 49000 / 79108 create_t2pmhc_graphs.py:355
                             files                                              
[06/14/26 00:28:46] INFO     creating PyTorch Data   create_t2pmhc_graphs.py:336
                             Instances                                          
                    INFO     Processed 50000 / 79108 create_t2pmhc_graphs.py:355
                             files                                              
[06/14/26 00:30:08] INFO     creating PyTorch Data   create_t2pmhc_graphs.py:336
                             Instances                                          
[06/14/26 00:30:09] INFO     Processed 51000 / 79108 create_t2pmhc_graphs.py:355
                             files                                              
[06/14/26 00:31:30] INFO     creating PyTorch Data   create_t2pmhc_graphs.py:336
                             Instances                                          
                    INFO     Processed 52000 / 79108 create_t2pmhc_graphs.py:355
                             files                                              
[06/14/26 00:32:52] INFO     creating PyTorch Data   create_t2pmhc_graphs.py:336
                             Instances                                          
                    INFO     Processed 53000 / 79108 create_t2pmhc_graphs.py:355
                             files                                              
[06/14/26 00:34:15] INFO     creating PyTorch Data   create_t2pmhc_graphs.py:336
                             Instances                                          
                    INFO     Processed 54000 / 79108 create_t2pmhc_graphs.py:355
                             files                                              
[06/14/26 00:35:43] INFO     creating PyTorch Data   create_t2pmhc_graphs.py:336
                             Instances                                          
                    INFO     Processed 55000 / 79108 create_t2pmhc_graphs.py:355
                             files                                              
[06/14/26 00:37:06] INFO     creating PyTorch Data   create_t2pmhc_graphs.py:336
                             Instances                                          
                    INFO     Processed 56000 / 79108 create_t2pmhc_graphs.py:355
                             files                                              
[06/14/26 00:38:29] INFO     creating PyTorch Data   create_t2pmhc_graphs.py:336
                             Instances                                          
[06/14/26 00:38:30] INFO     Processed 57000 / 79108 create_t2pmhc_graphs.py:355
                             files                                              
[06/14/26 00:39:51] INFO     creating PyTorch Data   create_t2pmhc_graphs.py:336
                             Instances                                          
[06/14/26 00:39:52] INFO     Processed 58000 / 79108 create_t2pmhc_graphs.py:355
                             files                                              
[06/14/26 00:41:14] INFO     creating PyTorch Data   create_t2pmhc_graphs.py:336
                             Instances                                          
[06/14/26 00:41:15] INFO     Processed 59000 / 79108 create_t2pmhc_graphs.py:355
                             files                                              
[06/14/26 00:42:38] INFO     creating PyTorch Data   create_t2pmhc_graphs.py:336
                             Instances                                          
                    INFO     Processed 60000 / 79108 create_t2pmhc_graphs.py:355
                             files                                              
[06/14/26 00:44:02] INFO     creating PyTorch Data   create_t2pmhc_graphs.py:336
                             Instances                                          
                    INFO     Processed 61000 / 79108 create_t2pmhc_graphs.py:355
                             files                                              
[06/14/26 00:45:25] INFO     creating PyTorch Data   create_t2pmhc_graphs.py:336
                             Instances                                          
                    INFO     Processed 62000 / 79108 create_t2pmhc_graphs.py:355
                             files                                              
[06/14/26 00:46:51] INFO     creating PyTorch Data   create_t2pmhc_graphs.py:336
                             Instances                                          
                    INFO     Processed 63000 / 79108 create_t2pmhc_graphs.py:355
                             files                                              
[06/14/26 00:48:14] INFO     creating PyTorch Data   create_t2pmhc_graphs.py:336
                             Instances                                          
                    INFO     Processed 64000 / 79108 create_t2pmhc_graphs.py:355
                             files                                              
[06/14/26 00:49:36] INFO     creating PyTorch Data   create_t2pmhc_graphs.py:336
                             Instances                                          
                    INFO     Processed 65000 / 79108 create_t2pmhc_graphs.py:355
                             files                                              
[06/14/26 00:50:59] INFO     creating PyTorch Data   create_t2pmhc_graphs.py:336
                             Instances                                          
                    INFO     Processed 66000 / 79108 create_t2pmhc_graphs.py:355
                             files                                              
[06/14/26 00:52:21] INFO     creating PyTorch Data   create_t2pmhc_graphs.py:336
                             Instances                                          
[06/14/26 00:52:22] INFO     Processed 67000 / 79108 create_t2pmhc_graphs.py:355
                             files                                              
[06/14/26 00:53:44] INFO     creating PyTorch Data   create_t2pmhc_graphs.py:336
                             Instances                                          
                    INFO     Processed 68000 / 79108 create_t2pmhc_graphs.py:355
                             files                                              
[06/14/26 00:55:06] INFO     creating PyTorch Data   create_t2pmhc_graphs.py:336
                             Instances                                          
[06/14/26 00:55:07] INFO     Processed 69000 / 79108 create_t2pmhc_graphs.py:355
                             files                                              
[06/14/26 00:56:29] INFO     creating PyTorch Data   create_t2pmhc_graphs.py:336
                             Instances                                          
                    INFO     Processed 70000 / 79108 create_t2pmhc_graphs.py:355
                             files                                              
[06/14/26 00:57:56] INFO     creating PyTorch Data   create_t2pmhc_graphs.py:336
                             Instances                                          
[06/14/26 00:57:57] INFO     Processed 71000 / 79108 create_t2pmhc_graphs.py:355
                             files                                              
[06/14/26 00:59:19] INFO     creating PyTorch Data   create_t2pmhc_graphs.py:336
                             Instances                                          
                    INFO     Processed 72000 / 79108 create_t2pmhc_graphs.py:355
                             files                                              
[06/14/26 01:00:42] INFO     creating PyTorch Data   create_t2pmhc_graphs.py:336
                             Instances                                          
                    INFO     Processed 73000 / 79108 create_t2pmhc_graphs.py:355
                             files                                              
[06/14/26 01:02:05] INFO     creating PyTorch Data   create_t2pmhc_graphs.py:336
                             Instances                                          
                    INFO     Processed 74000 / 79108 create_t2pmhc_graphs.py:355
                             files                                              
[06/14/26 01:03:27] INFO     creating PyTorch Data   create_t2pmhc_graphs.py:336
                             Instances                                          
                    INFO     Processed 75000 / 79108 create_t2pmhc_graphs.py:355
                             files                                              
[06/14/26 01:04:50] INFO     creating PyTorch Data   create_t2pmhc_graphs.py:336
                             Instances                                          
                    INFO     Processed 76000 / 79108 create_t2pmhc_graphs.py:355
                             files                                              
[06/14/26 01:06:13] INFO     creating PyTorch Data   create_t2pmhc_graphs.py:336
                             Instances                                          
                    INFO     Processed 77000 / 79108 create_t2pmhc_graphs.py:355
                             files                                              
[06/14/26 01:07:42] INFO     creating PyTorch Data   create_t2pmhc_graphs.py:336
                             Instances                                          
                    INFO     Processed 78000 / 79108 create_t2pmhc_graphs.py:355
                             files                                              
[06/14/26 01:09:06] INFO     creating PyTorch Data   create_t2pmhc_graphs.py:336
                             Instances                                          
                    INFO     Processed 79000 / 79108 create_t2pmhc_graphs.py:355
                             files                                              
[06/14/26 01:09:28] INFO     creating PyTorch Data   create_t2pmhc_graphs.py:336
                             Instances                                          
                    INFO     Processed 80000 / 79108 create_t2pmhc_graphs.py:355
                             files                                              
                    INFO     saving graphs to        create_t2pmhc_graphs.py:358
                             /cluster/home/dego/mode                            
                             ls/t2pmhc/generated_gra                            
                             phs/t2pmhc_gat_dist6.pt                            
[06/14/26 01:12:26] INFO     .................. done             __main__.py:240
                             ..................                                 
