=== Submit script: /var/lib/slurm/slurmd/job29031/slurm_script ===
#!/bin/bash
#SBATCH --time=22:30:00
#SBATCH --job-name=train_t2pmhc
#SBATCH --ntasks=1
#SBATCH --nodes=1
#SBATCH --cpus-per-task=12
#SBATCH --mem=128G
#SBATCH --account=cai_exp
#SBATCH --partition=gpu
#SBATCH --gres=gpu:1
#SBATCH --output=/cluster/home/dego/log/%j_%N_train_t2pmhc_dist10.out
#SBATCH --error=/cluster/home/dego/log/%j_%N_train_t2pmhc_dist10.err

echo "=== Submit script: $(realpath "$0") ===" && cat "$0"

cd ~/models/t2pmhc

module load cuda/12.4.1

source /cluster/home/dego/.start_uv.sh --auto
export UV_CACHE_DIR=/tmp/uv-cache-${SLURM_JOB_ID}
uv sync
trap "rm -rf ${UV_CACHE_DIR}" EXIT

#you are supposed to convert the samplesheet to the format expected by running /cluster/home/dego/nf-core_proteinfold_tcr_dock/Custom/tcrdock_python_utils/convert_samplesheet.py
uv run --project ~/models/t2pmhc --directory /cluster/projects/2026_dego_NF_DB/t2pmhc_train_structures t2pmhc train-t2pmhc-gat \
    --run_name dist10 \
    --hyperparameters /cluster/home/dego/models/t2pmhc/t2pmhc/data/hyperparams/t2pmhc_gat.json \
    --samplesheet ./t2pmhc_train_samplesheet_new.tsv \
    --saved_graphs /cluster/home/dego/models/t2pmhc/generated_graphs/t2pmhc_gat_dist10.pt \
    --save_model /cluster/home/dego/models/t2pmhc/models/dist10_gat_cvFound .python-version file -> using Python 3.11
Attempting to load module: python/3.11
Loaded python/3.11
No env name given -> using current directory name lowercased: t2pmhc
Set UV_PATH=/raid/persistent_scratch/dego/uv/
Loading uv module with VENV="t2pmhc" ...
uv module loaded with VENV='t2pmhc' and UV_PATH='/raid/persistent_scratch/dego/uv/'.
Finished. 
-------------------------------------------
 _   ____                  _          

| |_|___ \ _ __  _ __ ___ | |__   ___

| __| __) | '_ \| '_ ` _ \| '_ \ / __|

| |_ / __/| |_) | | | | | | | | | (__ 

 \__|_____| .__/|_| |_| |_|_| |_|\___|

          |_|                         
-------------------------------------------
[06/15/26 13:37:52] INFO     ......... Training t2pmhc-gat       __main__.py:179
                             .........                                          
                    INFO     Training t2pmhc-GAT               t2pmhc_gat.py:371
                    INFO                                       t2pmhc_gat.py:372
                             Name: dist10                                       
                             Saved Graphs:                                      
                             /cluster/home/dego/models/t2pmhc/                  
                             generated_graphs/t2pmhc_gat_dist1                  
                             0.pt                                               
                                                                                
                    INFO     Reading dataset                   t2pmhc_gat.py:373
                    INFO     seed: 42                           t2pmhc_gat.py:40
[06/15/26 13:37:54] INFO     Loading Graphs from pt file        t2pmhc_gat.py:74
[06/15/26 13:39:05] INFO     Loaded 79108 graphs               t2pmhc_gat.py:381
                    INFO     Training on cuda                  t2pmhc_gat.py:397
                    INFO     ---- Fold 1/5 ----                t2pmhc_gat.py:413
[06/15/26 13:45:46] INFO     2026-06-15 13:45:46: Fold 1 |     t2pmhc_gat.py:457
                             Epoch 1/50 | Train Loss: 0.6123                    
[06/15/26 13:49:35] INFO     2026-06-15 13:49:35: Fold 1 |     t2pmhc_gat.py:457
                             Epoch 2/50 | Train Loss: 0.5741                    
[06/15/26 13:53:33] INFO     2026-06-15 13:53:33: Fold 1 |     t2pmhc_gat.py:457
                             Epoch 3/50 | Train Loss: 0.5592                    
[06/15/26 13:57:13] INFO     2026-06-15 13:57:13: Fold 1 |     t2pmhc_gat.py:457
                             Epoch 4/50 | Train Loss: 0.5518                    
[06/15/26 14:00:48] INFO     2026-06-15 14:00:48: Fold 1 |     t2pmhc_gat.py:457
                             Epoch 5/50 | Train Loss: 0.5480                    
[06/15/26 14:04:22] INFO     2026-06-15 14:04:22: Fold 1 |     t2pmhc_gat.py:457
                             Epoch 6/50 | Train Loss: 0.5436                    
[06/15/26 14:07:58] INFO     2026-06-15 14:07:58: Fold 1 |     t2pmhc_gat.py:457
                             Epoch 7/50 | Train Loss: 0.5391                    
[06/15/26 14:11:52] INFO     2026-06-15 14:11:52: Fold 1 |     t2pmhc_gat.py:457
                             Epoch 8/50 | Train Loss: 0.5351                    
[06/15/26 14:15:40] INFO     2026-06-15 14:15:40: Fold 1 |     t2pmhc_gat.py:457
                             Epoch 9/50 | Train Loss: 0.5325                    
[06/15/26 14:19:20] INFO     2026-06-15 14:19:20: Fold 1 |     t2pmhc_gat.py:457
                             Epoch 10/50 | Train Loss: 0.5280                   
[06/15/26 14:22:51] INFO     2026-06-15 14:22:51: Fold 1 |     t2pmhc_gat.py:457
                             Epoch 11/50 | Train Loss: 0.5268                   
[06/15/26 14:26:21] INFO     2026-06-15 14:26:21: Fold 1 |     t2pmhc_gat.py:457
                             Epoch 12/50 | Train Loss: 0.5237                   
[06/15/26 14:29:49] INFO     2026-06-15 14:29:49: Fold 1 |     t2pmhc_gat.py:457
                             Epoch 13/50 | Train Loss: 0.5226                   
[06/15/26 14:33:19] INFO     2026-06-15 14:33:19: Fold 1 |     t2pmhc_gat.py:457
                             Epoch 14/50 | Train Loss: 0.5188                   
[06/15/26 14:36:49] INFO     2026-06-15 14:36:49: Fold 1 |     t2pmhc_gat.py:457
                             Epoch 15/50 | Train Loss: 0.5166                   
[06/15/26 14:40:17] INFO     2026-06-15 14:40:17: Fold 1 |     t2pmhc_gat.py:457
                             Epoch 16/50 | Train Loss: 0.5141                   
[06/15/26 14:43:45] INFO     2026-06-15 14:43:45: Fold 1 |     t2pmhc_gat.py:457
                             Epoch 17/50 | Train Loss: 0.5117                   
[06/15/26 14:47:17] INFO     2026-06-15 14:47:17: Fold 1 |     t2pmhc_gat.py:457
                             Epoch 18/50 | Train Loss: 0.5117                   
[06/15/26 14:50:47] INFO     2026-06-15 14:50:47: Fold 1 |     t2pmhc_gat.py:457
                             Epoch 19/50 | Train Loss: 0.5088                   
[06/15/26 14:54:14] INFO     2026-06-15 14:54:14: Fold 1 |     t2pmhc_gat.py:457
                             Epoch 20/50 | Train Loss: 0.5080                   
[06/15/26 14:57:44] INFO     2026-06-15 14:57:44: Fold 1 |     t2pmhc_gat.py:457
                             Epoch 21/50 | Train Loss: 0.5065                   
[06/15/26 15:01:11] INFO     2026-06-15 15:01:11: Fold 1 |     t2pmhc_gat.py:457
                             Epoch 22/50 | Train Loss: 0.5046                   
[06/15/26 15:04:39] INFO     2026-06-15 15:04:39: Fold 1 |     t2pmhc_gat.py:457
                             Epoch 23/50 | Train Loss: 0.5029                   
[06/15/26 15:08:12] INFO     2026-06-15 15:08:12: Fold 1 |     t2pmhc_gat.py:457
                             Epoch 24/50 | Train Loss: 0.5019                   
[06/15/26 15:11:41] INFO     2026-06-15 15:11:41: Fold 1 |     t2pmhc_gat.py:457
                             Epoch 25/50 | Train Loss: 0.4994                   
[06/15/26 15:15:10] INFO     2026-06-15 15:15:10: Fold 1 |     t2pmhc_gat.py:457
                             Epoch 26/50 | Train Loss: 0.4987                   
[06/15/26 15:18:39] INFO     2026-06-15 15:18:39: Fold 1 |     t2pmhc_gat.py:457
                             Epoch 27/50 | Train Loss: 0.4977                   
[06/15/26 15:22:10] INFO     2026-06-15 15:22:10: Fold 1 |     t2pmhc_gat.py:457
                             Epoch 28/50 | Train Loss: 0.4956                   
[06/15/26 15:25:38] INFO     2026-06-15 15:25:38: Fold 1 |     t2pmhc_gat.py:457
                             Epoch 29/50 | Train Loss: 0.4960                   
[06/15/26 15:29:06] INFO     2026-06-15 15:29:06: Fold 1 |     t2pmhc_gat.py:457
                             Epoch 30/50 | Train Loss: 0.4935                   
[06/15/26 15:32:34] INFO     2026-06-15 15:32:34: Fold 1 |     t2pmhc_gat.py:457
                             Epoch 31/50 | Train Loss: 0.4938                   
[06/15/26 15:36:02] INFO     2026-06-15 15:36:02: Fold 1 |     t2pmhc_gat.py:457
                             Epoch 32/50 | Train Loss: 0.4917                   
[06/15/26 15:39:30] INFO     2026-06-15 15:39:30: Fold 1 |     t2pmhc_gat.py:457
                             Epoch 33/50 | Train Loss: 0.4913                   
[06/15/26 15:43:01] INFO     2026-06-15 15:43:01: Fold 1 |     t2pmhc_gat.py:457
                             Epoch 34/50 | Train Loss: 0.4896                   
[06/15/26 15:46:29] INFO     2026-06-15 15:46:29: Fold 1 |     t2pmhc_gat.py:457
                             Epoch 35/50 | Train Loss: 0.4886                   
[06/15/26 15:49:58] INFO     2026-06-15 15:49:58: Fold 1 |     t2pmhc_gat.py:457
                             Epoch 36/50 | Train Loss: 0.4876                   
[06/15/26 15:53:31] INFO     2026-06-15 15:53:31: Fold 1 |     t2pmhc_gat.py:457
                             Epoch 37/50 | Train Loss: 0.4874                   
[06/15/26 15:57:04] INFO     2026-06-15 15:57:04: Fold 1 |     t2pmhc_gat.py:457
                             Epoch 38/50 | Train Loss: 0.4860                   
[06/15/26 16:00:34] INFO     2026-06-15 16:00:34: Fold 1 |     t2pmhc_gat.py:457
                             Epoch 39/50 | Train Loss: 0.4849                   
[06/15/26 16:04:06] INFO     2026-06-15 16:04:06: Fold 1 |     t2pmhc_gat.py:457
                             Epoch 40/50 | Train Loss: 0.4833                   
[06/15/26 16:07:36] INFO     2026-06-15 16:07:36: Fold 1 |     t2pmhc_gat.py:457
                             Epoch 41/50 | Train Loss: 0.4840                   
[06/15/26 16:11:08] INFO     2026-06-15 16:11:08: Fold 1 |     t2pmhc_gat.py:457
                             Epoch 42/50 | Train Loss: 0.4806                   
[06/15/26 16:14:40] INFO     2026-06-15 16:14:40: Fold 1 |     t2pmhc_gat.py:457
                             Epoch 43/50 | Train Loss: 0.4798                   
[06/15/26 16:18:11] INFO     2026-06-15 16:18:11: Fold 1 |     t2pmhc_gat.py:457
                             Epoch 44/50 | Train Loss: 0.4812                   
[06/15/26 16:21:40] INFO     2026-06-15 16:21:40: Fold 1 |     t2pmhc_gat.py:457
                             Epoch 45/50 | Train Loss: 0.4784                   
[06/15/26 16:25:10] INFO     2026-06-15 16:25:10: Fold 1 |     t2pmhc_gat.py:457
                             Epoch 46/50 | Train Loss: 0.4781                   
[06/15/26 16:28:40] INFO     2026-06-15 16:28:40: Fold 1 |     t2pmhc_gat.py:457
                             Epoch 47/50 | Train Loss: 0.4780                   
[06/15/26 16:32:11] INFO     2026-06-15 16:32:11: Fold 1 |     t2pmhc_gat.py:457
                             Epoch 48/50 | Train Loss: 0.4774                   
[06/15/26 16:35:38] INFO     2026-06-15 16:35:38: Fold 1 |     t2pmhc_gat.py:457
                             Epoch 49/50 | Train Loss: 0.4740                   
[06/15/26 16:39:06] INFO     2026-06-15 16:39:06: Fold 1 |     t2pmhc_gat.py:457
                             Epoch 50/50 | Train Loss: 0.4758                   
                    INFO     Saved final model.                   helpers.py:156
                    INFO     Saved PAE scalers                    helpers.py:183
[06/15/26 16:39:48] INFO     Fold 1 AUROC: 0.8336              t2pmhc_gat.py:465
[06/15/26 16:39:52] INFO     ---- Fold 2/5 ----                t2pmhc_gat.py:413
[06/15/26 16:46:32] INFO     2026-06-15 16:46:32: Fold 2 |     t2pmhc_gat.py:457
                             Epoch 1/50 | Train Loss: 0.6173                    
[06/15/26 16:49:59] INFO     2026-06-15 16:49:59: Fold 2 |     t2pmhc_gat.py:457
                             Epoch 2/50 | Train Loss: 0.5882                    
[06/15/26 16:53:28] INFO     2026-06-15 16:53:28: Fold 2 |     t2pmhc_gat.py:457
                             Epoch 3/50 | Train Loss: 0.5732                    
[06/15/26 16:56:56] INFO     2026-06-15 16:56:56: Fold 2 |     t2pmhc_gat.py:457
                             Epoch 4/50 | Train Loss: 0.5672                    
[06/15/26 17:00:24] INFO     2026-06-15 17:00:24: Fold 2 |     t2pmhc_gat.py:457
                             Epoch 5/50 | Train Loss: 0.5607                    
[06/15/26 17:03:49] INFO     2026-06-15 17:03:49: Fold 2 |     t2pmhc_gat.py:457
                             Epoch 6/50 | Train Loss: 0.5548                    
[06/15/26 17:07:16] INFO     2026-06-15 17:07:16: Fold 2 |     t2pmhc_gat.py:457
                             Epoch 7/50 | Train Loss: 0.5499                    
[06/15/26 17:10:42] INFO     2026-06-15 17:10:42: Fold 2 |     t2pmhc_gat.py:457
                             Epoch 8/50 | Train Loss: 0.5461                    
[06/15/26 17:14:08] INFO     2026-06-15 17:14:08: Fold 2 |     t2pmhc_gat.py:457
                             Epoch 9/50 | Train Loss: 0.5431                    
[06/15/26 17:17:36] INFO     2026-06-15 17:17:36: Fold 2 |     t2pmhc_gat.py:457
                             Epoch 10/50 | Train Loss: 0.5397                   
[06/15/26 17:21:04] INFO     2026-06-15 17:21:04: Fold 2 |     t2pmhc_gat.py:457
                             Epoch 11/50 | Train Loss: 0.5366                   
[06/15/26 17:24:27] INFO     2026-06-15 17:24:27: Fold 2 |     t2pmhc_gat.py:457
                             Epoch 12/50 | Train Loss: 0.5356                   
[06/15/26 17:27:56] INFO     2026-06-15 17:27:56: Fold 2 |     t2pmhc_gat.py:457
                             Epoch 13/50 | Train Loss: 0.5316                   
[06/15/26 17:31:23] INFO     2026-06-15 17:31:23: Fold 2 |     t2pmhc_gat.py:457
                             Epoch 14/50 | Train Loss: 0.5287                   
[06/15/26 17:34:50] INFO     2026-06-15 17:34:50: Fold 2 |     t2pmhc_gat.py:457
                             Epoch 15/50 | Train Loss: 0.5273                   
[06/15/26 17:38:15] INFO     2026-06-15 17:38:15: Fold 2 |     t2pmhc_gat.py:457
                             Epoch 16/50 | Train Loss: 0.5238                   
[06/15/26 17:41:41] INFO     2026-06-15 17:41:41: Fold 2 |     t2pmhc_gat.py:457
                             Epoch 17/50 | Train Loss: 0.5209                   
[06/15/26 17:45:04] INFO     2026-06-15 17:45:04: Fold 2 |     t2pmhc_gat.py:457
                             Epoch 18/50 | Train Loss: 0.5196                   
[06/15/26 17:48:30] INFO     2026-06-15 17:48:30: Fold 2 |     t2pmhc_gat.py:457
                             Epoch 19/50 | Train Loss: 0.5170                   
[06/15/26 17:51:55] INFO     2026-06-15 17:51:55: Fold 2 |     t2pmhc_gat.py:457
                             Epoch 20/50 | Train Loss: 0.5163                   
[06/15/26 17:55:22] INFO     2026-06-15 17:55:22: Fold 2 |     t2pmhc_gat.py:457
                             Epoch 21/50 | Train Loss: 0.5130                   
[06/15/26 17:58:52] INFO     2026-06-15 17:58:52: Fold 2 |     t2pmhc_gat.py:457
                             Epoch 22/50 | Train Loss: 0.5133                   
[06/15/26 18:02:20] INFO     2026-06-15 18:02:20: Fold 2 |     t2pmhc_gat.py:457
                             Epoch 23/50 | Train Loss: 0.5108                   
[06/15/26 18:05:45] INFO     2026-06-15 18:05:45: Fold 2 |     t2pmhc_gat.py:457
                             Epoch 24/50 | Train Loss: 0.5092                   
[06/15/26 18:09:11] INFO     2026-06-15 18:09:11: Fold 2 |     t2pmhc_gat.py:457
                             Epoch 25/50 | Train Loss: 0.5069                   
[06/15/26 18:12:36] INFO     2026-06-15 18:12:36: Fold 2 |     t2pmhc_gat.py:457
                             Epoch 26/50 | Train Loss: 0.5044                   
[06/15/26 18:16:00] INFO     2026-06-15 18:16:00: Fold 2 |     t2pmhc_gat.py:457
                             Epoch 27/50 | Train Loss: 0.5043                   
[06/15/26 18:19:24] INFO     2026-06-15 18:19:24: Fold 2 |     t2pmhc_gat.py:457
                             Epoch 28/50 | Train Loss: 0.5032                   
[06/15/26 18:22:50] INFO     2026-06-15 18:22:50: Fold 2 |     t2pmhc_gat.py:457
                             Epoch 29/50 | Train Loss: 0.5022                   
[06/15/26 18:26:18] INFO     2026-06-15 18:26:18: Fold 2 |     t2pmhc_gat.py:457
                             Epoch 30/50 | Train Loss: 0.5013                   
[06/15/26 18:29:44] INFO     2026-06-15 18:29:44: Fold 2 |     t2pmhc_gat.py:457
                             Epoch 31/50 | Train Loss: 0.4987                   
[06/15/26 18:33:10] INFO     2026-06-15 18:33:10: Fold 2 |     t2pmhc_gat.py:457
                             Epoch 32/50 | Train Loss: 0.4981                   
[06/15/26 18:36:35] INFO     2026-06-15 18:36:35: Fold 2 |     t2pmhc_gat.py:457
                             Epoch 33/50 | Train Loss: 0.4979                   
[06/15/26 18:39:59] INFO     2026-06-15 18:39:59: Fold 2 |     t2pmhc_gat.py:457
                             Epoch 34/50 | Train Loss: 0.4964                   
[06/15/26 18:43:23] INFO     2026-06-15 18:43:23: Fold 2 |     t2pmhc_gat.py:457
                             Epoch 35/50 | Train Loss: 0.4966                   
[06/15/26 18:46:51] INFO     2026-06-15 18:46:51: Fold 2 |     t2pmhc_gat.py:457
                             Epoch 36/50 | Train Loss: 0.4949                   
[06/15/26 18:50:17] INFO     2026-06-15 18:50:17: Fold 2 |     t2pmhc_gat.py:457
                             Epoch 37/50 | Train Loss: 0.4949                   
[06/15/26 18:53:42] INFO     2026-06-15 18:53:42: Fold 2 |     t2pmhc_gat.py:457
                             Epoch 38/50 | Train Loss: 0.4907                   
[06/15/26 18:57:09] INFO     2026-06-15 18:57:09: Fold 2 |     t2pmhc_gat.py:457
                             Epoch 39/50 | Train Loss: 0.4922                   
[06/15/26 19:00:32] INFO     2026-06-15 19:00:32: Fold 2 |     t2pmhc_gat.py:457
                             Epoch 40/50 | Train Loss: 0.4888                   
[06/15/26 19:03:58] INFO     2026-06-15 19:03:58: Fold 2 |     t2pmhc_gat.py:457
                             Epoch 41/50 | Train Loss: 0.4897                   
[06/15/26 19:07:24] INFO     2026-06-15 19:07:24: Fold 2 |     t2pmhc_gat.py:457
                             Epoch 42/50 | Train Loss: 0.4867                   
[06/15/26 19:10:50] INFO     2026-06-15 19:10:50: Fold 2 |     t2pmhc_gat.py:457
                             Epoch 43/50 | Train Loss: 0.4859                   
[06/15/26 19:14:17] INFO     2026-06-15 19:14:17: Fold 2 |     t2pmhc_gat.py:457
                             Epoch 44/50 | Train Loss: 0.4857                   
[06/15/26 19:17:43] INFO     2026-06-15 19:17:43: Fold 2 |     t2pmhc_gat.py:457
                             Epoch 45/50 | Train Loss: 0.4849                   
[06/15/26 19:21:07] INFO     2026-06-15 19:21:07: Fold 2 |     t2pmhc_gat.py:457
                             Epoch 46/50 | Train Loss: 0.4825                   
[06/15/26 19:24:35] INFO     2026-06-15 19:24:35: Fold 2 |     t2pmhc_gat.py:457
                             Epoch 47/50 | Train Loss: 0.4819                   
[06/15/26 19:27:58] INFO     2026-06-15 19:27:58: Fold 2 |     t2pmhc_gat.py:457
                             Epoch 48/50 | Train Loss: 0.4817                   
[06/15/26 19:31:22] INFO     2026-06-15 19:31:22: Fold 2 |     t2pmhc_gat.py:457
                             Epoch 49/50 | Train Loss: 0.4818                   
[06/15/26 19:34:46] INFO     2026-06-15 19:34:46: Fold 2 |     t2pmhc_gat.py:457
                             Epoch 50/50 | Train Loss: 0.4812                   
                    INFO     Saved final model.                   helpers.py:156
                    INFO     Saved PAE scalers                    helpers.py:183
[06/15/26 19:35:27] INFO     Fold 2 AUROC: 0.8345              t2pmhc_gat.py:465
[06/15/26 19:35:32] INFO     ---- Fold 3/5 ----                t2pmhc_gat.py:413
[06/15/26 19:41:51] INFO     2026-06-15 19:41:51: Fold 3 |     t2pmhc_gat.py:457
                             Epoch 1/50 | Train Loss: 0.5974                    
[06/15/26 19:45:16] INFO     2026-06-15 19:45:16: Fold 3 |     t2pmhc_gat.py:457
                             Epoch 2/50 | Train Loss: 0.5647                    
[06/15/26 19:48:39] INFO     2026-06-15 19:48:39: Fold 3 |     t2pmhc_gat.py:457
                             Epoch 3/50 | Train Loss: 0.5567                    
[06/15/26 19:52:03] INFO     2026-06-15 19:52:03: Fold 3 |     t2pmhc_gat.py:457
                             Epoch 4/50 | Train Loss: 0.5501                    
[06/15/26 19:55:26] INFO     2026-06-15 19:55:26: Fold 3 |     t2pmhc_gat.py:457
                             Epoch 5/50 | Train Loss: 0.5451                    
[06/15/26 19:58:50] INFO     2026-06-15 19:58:50: Fold 3 |     t2pmhc_gat.py:457
                             Epoch 6/50 | Train Loss: 0.5408                    
[06/15/26 20:02:15] INFO     2026-06-15 20:02:15: Fold 3 |     t2pmhc_gat.py:457
                             Epoch 7/50 | Train Loss: 0.5378                    
[06/15/26 20:05:38] INFO     2026-06-15 20:05:38: Fold 3 |     t2pmhc_gat.py:457
                             Epoch 8/50 | Train Loss: 0.5342                    
[06/15/26 20:09:01] INFO     2026-06-15 20:09:01: Fold 3 |     t2pmhc_gat.py:457
                             Epoch 9/50 | Train Loss: 0.5311                    
[06/15/26 20:12:22] INFO     2026-06-15 20:12:22: Fold 3 |     t2pmhc_gat.py:457
                             Epoch 10/50 | Train Loss: 0.5275                   
[06/15/26 20:15:45] INFO     2026-06-15 20:15:45: Fold 3 |     t2pmhc_gat.py:457
                             Epoch 11/50 | Train Loss: 0.5250                   
[06/15/26 20:19:10] INFO     2026-06-15 20:19:10: Fold 3 |     t2pmhc_gat.py:457
                             Epoch 12/50 | Train Loss: 0.5232                   
[06/15/26 20:22:34] INFO     2026-06-15 20:22:34: Fold 3 |     t2pmhc_gat.py:457
                             Epoch 13/50 | Train Loss: 0.5204                   
[06/15/26 20:25:58] INFO     2026-06-15 20:25:58: Fold 3 |     t2pmhc_gat.py:457
                             Epoch 14/50 | Train Loss: 0.5178                   
[06/15/26 20:29:22] INFO     2026-06-15 20:29:22: Fold 3 |     t2pmhc_gat.py:457
                             Epoch 15/50 | Train Loss: 0.5162                   
[06/15/26 20:32:47] INFO     2026-06-15 20:32:47: Fold 3 |     t2pmhc_gat.py:457
                             Epoch 16/50 | Train Loss: 0.5130                   
[06/15/26 20:36:11] INFO     2026-06-15 20:36:11: Fold 3 |     t2pmhc_gat.py:457
                             Epoch 17/50 | Train Loss: 0.5123                   
[06/15/26 20:39:35] INFO     2026-06-15 20:39:35: Fold 3 |     t2pmhc_gat.py:457
                             Epoch 18/50 | Train Loss: 0.5101                   
[06/15/26 20:42:58] INFO     2026-06-15 20:42:58: Fold 3 |     t2pmhc_gat.py:457
                             Epoch 19/50 | Train Loss: 0.5080                   
[06/15/26 20:46:23] INFO     2026-06-15 20:46:23: Fold 3 |     t2pmhc_gat.py:457
                             Epoch 20/50 | Train Loss: 0.5054                   
[06/15/26 20:49:46] INFO     2026-06-15 20:49:46: Fold 3 |     t2pmhc_gat.py:457
                             Epoch 21/50 | Train Loss: 0.5042                   
[06/15/26 20:53:09] INFO     2026-06-15 20:53:09: Fold 3 |     t2pmhc_gat.py:457
                             Epoch 22/50 | Train Loss: 0.5030                   
[06/15/26 20:56:33] INFO     2026-06-15 20:56:33: Fold 3 |     t2pmhc_gat.py:457
                             Epoch 23/50 | Train Loss: 0.5019                   
[06/15/26 20:59:57] INFO     2026-06-15 20:59:57: Fold 3 |     t2pmhc_gat.py:457
                             Epoch 24/50 | Train Loss: 0.5018                   
[06/15/26 21:03:20] INFO     2026-06-15 21:03:20: Fold 3 |     t2pmhc_gat.py:457
                             Epoch 25/50 | Train Loss: 0.4983                   
[06/15/26 21:06:42] INFO     2026-06-15 21:06:42: Fold 3 |     t2pmhc_gat.py:457
                             Epoch 26/50 | Train Loss: 0.4966                   
[06/15/26 21:10:04] INFO     2026-06-15 21:10:04: Fold 3 |     t2pmhc_gat.py:457
                             Epoch 27/50 | Train Loss: 0.4958                   
[06/15/26 21:13:25] INFO     2026-06-15 21:13:25: Fold 3 |     t2pmhc_gat.py:457
                             Epoch 28/50 | Train Loss: 0.4959                   
[06/15/26 21:16:49] INFO     2026-06-15 21:16:49: Fold 3 |     t2pmhc_gat.py:457
                             Epoch 29/50 | Train Loss: 0.4926                   
[06/15/26 21:20:13] INFO     2026-06-15 21:20:13: Fold 3 |     t2pmhc_gat.py:457
                             Epoch 30/50 | Train Loss: 0.4923                   
[06/15/26 21:23:37] INFO     2026-06-15 21:23:37: Fold 3 |     t2pmhc_gat.py:457
                             Epoch 31/50 | Train Loss: 0.4921                   
[06/15/26 21:27:01] INFO     2026-06-15 21:27:01: Fold 3 |     t2pmhc_gat.py:457
                             Epoch 32/50 | Train Loss: 0.4885                   
[06/15/26 21:30:25] INFO     2026-06-15 21:30:25: Fold 3 |     t2pmhc_gat.py:457
                             Epoch 33/50 | Train Loss: 0.4875                   
[06/15/26 21:33:49] INFO     2026-06-15 21:33:49: Fold 3 |     t2pmhc_gat.py:457
                             Epoch 34/50 | Train Loss: 0.4873                   
[06/15/26 21:37:13] INFO     2026-06-15 21:37:13: Fold 3 |     t2pmhc_gat.py:457
                             Epoch 35/50 | Train Loss: 0.4859                   
[06/15/26 21:40:38] INFO     2026-06-15 21:40:38: Fold 3 |     t2pmhc_gat.py:457
                             Epoch 36/50 | Train Loss: 0.4853                   
[06/15/26 21:44:02] INFO     2026-06-15 21:44:02: Fold 3 |     t2pmhc_gat.py:457
                             Epoch 37/50 | Train Loss: 0.4830                   
[06/15/26 21:47:27] INFO     2026-06-15 21:47:27: Fold 3 |     t2pmhc_gat.py:457
                             Epoch 38/50 | Train Loss: 0.4828                   
[06/15/26 21:50:51] INFO     2026-06-15 21:50:51: Fold 3 |     t2pmhc_gat.py:457
                             Epoch 39/50 | Train Loss: 0.4815                   
[06/15/26 21:54:15] INFO     2026-06-15 21:54:15: Fold 3 |     t2pmhc_gat.py:457
                             Epoch 40/50 | Train Loss: 0.4810                   
[06/15/26 21:57:39] INFO     2026-06-15 21:57:39: Fold 3 |     t2pmhc_gat.py:457
                             Epoch 41/50 | Train Loss: 0.4785                   
[06/15/26 22:01:01] INFO     2026-06-15 22:01:01: Fold 3 |     t2pmhc_gat.py:457
                             Epoch 42/50 | Train Loss: 0.4778                   
[06/15/26 22:04:23] INFO     2026-06-15 22:04:23: Fold 3 |     t2pmhc_gat.py:457
                             Epoch 43/50 | Train Loss: 0.4781                   
[06/15/26 22:07:47] INFO     2026-06-15 22:07:47: Fold 3 |     t2pmhc_gat.py:457
                             Epoch 44/50 | Train Loss: 0.4763                   
[06/15/26 22:11:10] INFO     2026-06-15 22:11:10: Fold 3 |     t2pmhc_gat.py:457
                             Epoch 45/50 | Train Loss: 0.4763                   
[06/15/26 22:14:35] INFO     2026-06-15 22:14:35: Fold 3 |     t2pmhc_gat.py:457
                             Epoch 46/50 | Train Loss: 0.4747                   
[06/15/26 22:17:57] INFO     2026-06-15 22:17:57: Fold 3 |     t2pmhc_gat.py:457
                             Epoch 47/50 | Train Loss: 0.4743                   
[06/15/26 22:21:22] INFO     2026-06-15 22:21:22: Fold 3 |     t2pmhc_gat.py:457
                             Epoch 48/50 | Train Loss: 0.4731                   
[06/15/26 22:24:45] INFO     2026-06-15 22:24:45: Fold 3 |     t2pmhc_gat.py:457
                             Epoch 49/50 | Train Loss: 0.4708                   
[06/15/26 22:28:09] INFO     2026-06-15 22:28:09: Fold 3 |     t2pmhc_gat.py:457
                             Epoch 50/50 | Train Loss: 0.4715                   
                    INFO     Saved final model.                   helpers.py:156
                    INFO     Saved PAE scalers                    helpers.py:183
[06/15/26 22:28:50] INFO     Fold 3 AUROC: 0.8273              t2pmhc_gat.py:465
[06/15/26 22:28:55] INFO     ---- Fold 4/5 ----                t2pmhc_gat.py:413
[06/15/26 22:35:10] INFO     2026-06-15 22:35:10: Fold 4 |     t2pmhc_gat.py:457
                             Epoch 1/50 | Train Loss: 0.6118                    
[06/15/26 22:38:33] INFO     2026-06-15 22:38:33: Fold 4 |     t2pmhc_gat.py:457
                             Epoch 2/50 | Train Loss: 0.5860                    
[06/15/26 22:41:56] INFO     2026-06-15 22:41:56: Fold 4 |     t2pmhc_gat.py:457
                             Epoch 3/50 | Train Loss: 0.5677                    
[06/15/26 22:45:19] INFO     2026-06-15 22:45:19: Fold 4 |     t2pmhc_gat.py:457
                             Epoch 4/50 | Train Loss: 0.5571                    
[06/15/26 22:48:41] INFO     2026-06-15 22:48:41: Fold 4 |     t2pmhc_gat.py:457
                             Epoch 5/50 | Train Loss: 0.5508                    
[06/15/26 22:52:06] INFO     2026-06-15 22:52:06: Fold 4 |     t2pmhc_gat.py:457
                             Epoch 6/50 | Train Loss: 0.5459                    
[06/15/26 22:55:29] INFO     2026-06-15 22:55:29: Fold 4 |     t2pmhc_gat.py:457
                             Epoch 7/50 | Train Loss: 0.5401                    
[06/15/26 22:58:51] INFO     2026-06-15 22:58:51: Fold 4 |     t2pmhc_gat.py:457
                             Epoch 8/50 | Train Loss: 0.5373                    
[06/15/26 23:02:15] INFO     2026-06-15 23:02:15: Fold 4 |     t2pmhc_gat.py:457
                             Epoch 9/50 | Train Loss: 0.5338                    
[06/15/26 23:05:37] INFO     2026-06-15 23:05:37: Fold 4 |     t2pmhc_gat.py:457
                             Epoch 10/50 | Train Loss: 0.5303                   
[06/15/26 23:08:59] INFO     2026-06-15 23:08:59: Fold 4 |     t2pmhc_gat.py:457
                             Epoch 11/50 | Train Loss: 0.5295                   
[06/15/26 23:12:22] INFO     2026-06-15 23:12:22: Fold 4 |     t2pmhc_gat.py:457
                             Epoch 12/50 | Train Loss: 0.5261                   
[06/15/26 23:15:45] INFO     2026-06-15 23:15:45: Fold 4 |     t2pmhc_gat.py:457
                             Epoch 13/50 | Train Loss: 0.5235                   
[06/15/26 23:19:08] INFO     2026-06-15 23:19:08: Fold 4 |     t2pmhc_gat.py:457
                             Epoch 14/50 | Train Loss: 0.5209                   
[06/15/26 23:22:31] INFO     2026-06-15 23:22:31: Fold 4 |     t2pmhc_gat.py:457
                             Epoch 15/50 | Train Loss: 0.5207                   
[06/15/26 23:25:55] INFO     2026-06-15 23:25:55: Fold 4 |     t2pmhc_gat.py:457
                             Epoch 16/50 | Train Loss: 0.5169                   
[06/15/26 23:29:19] INFO     2026-06-15 23:29:19: Fold 4 |     t2pmhc_gat.py:457
                             Epoch 17/50 | Train Loss: 0.5162                   
[06/15/26 23:32:40] INFO     2026-06-15 23:32:40: Fold 4 |     t2pmhc_gat.py:457
                             Epoch 18/50 | Train Loss: 0.5118                   
[06/15/26 23:36:05] INFO     2026-06-15 23:36:05: Fold 4 |     t2pmhc_gat.py:457
                             Epoch 19/50 | Train Loss: 0.5103                   
[06/15/26 23:39:25] INFO     2026-06-15 23:39:25: Fold 4 |     t2pmhc_gat.py:457
                             Epoch 20/50 | Train Loss: 0.5087                   
[06/15/26 23:42:48] INFO     2026-06-15 23:42:48: Fold 4 |     t2pmhc_gat.py:457
                             Epoch 21/50 | Train Loss: 0.5064                   
[06/15/26 23:46:12] INFO     2026-06-15 23:46:12: Fold 4 |     t2pmhc_gat.py:457
                             Epoch 22/50 | Train Loss: 0.5066                   
[06/15/26 23:49:36] INFO     2026-06-15 23:49:36: Fold 4 |     t2pmhc_gat.py:457
                             Epoch 23/50 | Train Loss: 0.5034                   
[06/15/26 23:52:57] INFO     2026-06-15 23:52:57: Fold 4 |     t2pmhc_gat.py:457
                             Epoch 24/50 | Train Loss: 0.5028                   
[06/15/26 23:56:19] INFO     2026-06-15 23:56:19: Fold 4 |     t2pmhc_gat.py:457
                             Epoch 25/50 | Train Loss: 0.5027                   
[06/15/26 23:59:43] INFO     2026-06-15 23:59:43: Fold 4 |     t2pmhc_gat.py:457
                             Epoch 26/50 | Train Loss: 0.4990                   
[06/16/26 00:03:09] INFO     2026-06-16 00:03:09: Fold 4 |     t2pmhc_gat.py:457
                             Epoch 27/50 | Train Loss: 0.4987                   
[06/16/26 00:06:31] INFO     2026-06-16 00:06:31: Fold 4 |     t2pmhc_gat.py:457
                             Epoch 28/50 | Train Loss: 0.4967                   
[06/16/26 00:09:53] INFO     2026-06-16 00:09:53: Fold 4 |     t2pmhc_gat.py:457
                             Epoch 29/50 | Train Loss: 0.4951                   
[06/16/26 00:13:16] INFO     2026-06-16 00:13:16: Fold 4 |     t2pmhc_gat.py:457
                             Epoch 30/50 | Train Loss: 0.4946                   
[06/16/26 00:16:39] INFO     2026-06-16 00:16:39: Fold 4 |     t2pmhc_gat.py:457
                             Epoch 31/50 | Train Loss: 0.4941                   
[06/16/26 00:20:01] INFO     2026-06-16 00:20:01: Fold 4 |     t2pmhc_gat.py:457
                             Epoch 32/50 | Train Loss: 0.4914                   
[06/16/26 00:23:24] INFO     2026-06-16 00:23:24: Fold 4 |     t2pmhc_gat.py:457
                             Epoch 33/50 | Train Loss: 0.4905                   
[06/16/26 00:26:46] INFO     2026-06-16 00:26:46: Fold 4 |     t2pmhc_gat.py:457
                             Epoch 34/50 | Train Loss: 0.4884                   
[06/16/26 00:30:06] INFO     2026-06-16 00:30:06: Fold 4 |     t2pmhc_gat.py:457
                             Epoch 35/50 | Train Loss: 0.4879                   
[06/16/26 00:33:29] INFO     2026-06-16 00:33:29: Fold 4 |     t2pmhc_gat.py:457
                             Epoch 36/50 | Train Loss: 0.4844                   
[06/16/26 00:36:54] INFO     2026-06-16 00:36:54: Fold 4 |     t2pmhc_gat.py:457
                             Epoch 37/50 | Train Loss: 0.4827                   
[06/16/26 00:40:14] INFO     2026-06-16 00:40:14: Fold 4 |     t2pmhc_gat.py:457
                             Epoch 38/50 | Train Loss: 0.4828                   
[06/16/26 00:43:33] INFO     2026-06-16 00:43:33: Fold 4 |     t2pmhc_gat.py:457
                             Epoch 39/50 | Train Loss: 0.4797                   
[06/16/26 00:46:57] INFO     2026-06-16 00:46:57: Fold 4 |     t2pmhc_gat.py:457
                             Epoch 40/50 | Train Loss: 0.4797                   
[06/16/26 00:50:20] INFO     2026-06-16 00:50:20: Fold 4 |     t2pmhc_gat.py:457
                             Epoch 41/50 | Train Loss: 0.4786                   
[06/16/26 00:53:43] INFO     2026-06-16 00:53:43: Fold 4 |     t2pmhc_gat.py:457
                             Epoch 42/50 | Train Loss: 0.4777                   
[06/16/26 00:57:07] INFO     2026-06-16 00:57:07: Fold 4 |     t2pmhc_gat.py:457
                             Epoch 43/50 | Train Loss: 0.4769                   
[06/16/26 01:00:30] INFO     2026-06-16 01:00:30: Fold 4 |     t2pmhc_gat.py:457
                             Epoch 44/50 | Train Loss: 0.4743                   
[06/16/26 01:03:50] INFO     2026-06-16 01:03:50: Fold 4 |     t2pmhc_gat.py:457
                             Epoch 45/50 | Train Loss: 0.4737                   
[06/16/26 01:07:14] INFO     2026-06-16 01:07:14: Fold 4 |     t2pmhc_gat.py:457
                             Epoch 46/50 | Train Loss: 0.4707                   
[06/16/26 01:10:39] INFO     2026-06-16 01:10:39: Fold 4 |     t2pmhc_gat.py:457
                             Epoch 47/50 | Train Loss: 0.4705                   
[06/16/26 01:14:01] INFO     2026-06-16 01:14:01: Fold 4 |     t2pmhc_gat.py:457
                             Epoch 48/50 | Train Loss: 0.4719                   
[06/16/26 01:17:25] INFO     2026-06-16 01:17:25: Fold 4 |     t2pmhc_gat.py:457
                             Epoch 49/50 | Train Loss: 0.4696                   
[06/16/26 01:20:48] INFO     2026-06-16 01:20:48: Fold 4 |     t2pmhc_gat.py:457
                             Epoch 50/50 | Train Loss: 0.4688                   
                    INFO     Saved final model.                   helpers.py:156
                    INFO     Saved PAE scalers                    helpers.py:183
[06/16/26 01:21:29] INFO     Fold 4 AUROC: 0.8313              t2pmhc_gat.py:465
[06/16/26 01:21:34] INFO     ---- Fold 5/5 ----                t2pmhc_gat.py:413
[06/16/26 01:27:47] INFO     2026-06-16 01:27:47: Fold 5 |     t2pmhc_gat.py:457
                             Epoch 1/50 | Train Loss: 0.6087                    
[06/16/26 01:31:12] INFO     2026-06-16 01:31:12: Fold 5 |     t2pmhc_gat.py:457
                             Epoch 2/50 | Train Loss: 0.5886                    
[06/16/26 01:34:37] INFO     2026-06-16 01:34:37: Fold 5 |     t2pmhc_gat.py:457
                             Epoch 3/50 | Train Loss: 0.5816                    
[06/16/26 01:37:59] INFO     2026-06-16 01:37:59: Fold 5 |     t2pmhc_gat.py:457
                             Epoch 4/50 | Train Loss: 0.5760                    
[06/16/26 01:41:22] INFO     2026-06-16 01:41:22: Fold 5 |     t2pmhc_gat.py:457
                             Epoch 5/50 | Train Loss: 0.5648                    
[06/16/26 01:44:47] INFO     2026-06-16 01:44:47: Fold 5 |     t2pmhc_gat.py:457
                             Epoch 6/50 | Train Loss: 0.5483                    
[06/16/26 01:48:10] INFO     2026-06-16 01:48:10: Fold 5 |     t2pmhc_gat.py:457
                             Epoch 7/50 | Train Loss: 0.5415                    
[06/16/26 01:51:34] INFO     2026-06-16 01:51:34: Fold 5 |     t2pmhc_gat.py:457
                             Epoch 8/50 | Train Loss: 0.5367                    
[06/16/26 01:54:58] INFO     2026-06-16 01:54:58: Fold 5 |     t2pmhc_gat.py:457
                             Epoch 9/50 | Train Loss: 0.5329                    
[06/16/26 01:58:22] INFO     2026-06-16 01:58:22: Fold 5 |     t2pmhc_gat.py:457
                             Epoch 10/50 | Train Loss: 0.5287                   
[06/16/26 02:01:45] INFO     2026-06-16 02:01:45: Fold 5 |     t2pmhc_gat.py:457
                             Epoch 11/50 | Train Loss: 0.5260                   
[06/16/26 02:05:08] INFO     2026-06-16 02:05:08: Fold 5 |     t2pmhc_gat.py:457
                             Epoch 12/50 | Train Loss: 0.5230                   
[06/16/26 02:08:29] INFO     2026-06-16 02:08:29: Fold 5 |     t2pmhc_gat.py:457
                             Epoch 13/50 | Train Loss: 0.5196                   
[06/16/26 02:11:51] INFO     2026-06-16 02:11:51: Fold 5 |     t2pmhc_gat.py:457
                             Epoch 14/50 | Train Loss: 0.5175                   
[06/16/26 02:15:17] INFO     2026-06-16 02:15:17: Fold 5 |     t2pmhc_gat.py:457
                             Epoch 15/50 | Train Loss: 0.5156                   
[06/16/26 02:18:41] INFO     2026-06-16 02:18:41: Fold 5 |     t2pmhc_gat.py:457
                             Epoch 16/50 | Train Loss: 0.5118                   
[06/16/26 02:22:07] INFO     2026-06-16 02:22:07: Fold 5 |     t2pmhc_gat.py:457
                             Epoch 17/50 | Train Loss: 0.5103                   
[06/16/26 02:25:28] INFO     2026-06-16 02:25:28: Fold 5 |     t2pmhc_gat.py:457
                             Epoch 18/50 | Train Loss: 0.5081                   
[06/16/26 02:28:51] INFO     2026-06-16 02:28:51: Fold 5 |     t2pmhc_gat.py:457
                             Epoch 19/50 | Train Loss: 0.5073                   
[06/16/26 02:32:14] INFO     2026-06-16 02:32:14: Fold 5 |     t2pmhc_gat.py:457
                             Epoch 20/50 | Train Loss: 0.5033                   
[06/16/26 02:35:36] INFO     2026-06-16 02:35:36: Fold 5 |     t2pmhc_gat.py:457
                             Epoch 21/50 | Train Loss: 0.5014                   
[06/16/26 02:38:59] INFO     2026-06-16 02:38:59: Fold 5 |     t2pmhc_gat.py:457
                             Epoch 22/50 | Train Loss: 0.4999                   
[06/16/26 02:42:22] INFO     2026-06-16 02:42:22: Fold 5 |     t2pmhc_gat.py:457
                             Epoch 23/50 | Train Loss: 0.4994                   
[06/16/26 02:45:45] INFO     2026-06-16 02:45:45: Fold 5 |     t2pmhc_gat.py:457
                             Epoch 24/50 | Train Loss: 0.4973                   
[06/16/26 02:49:07] INFO     2026-06-16 02:49:07: Fold 5 |     t2pmhc_gat.py:457
                             Epoch 25/50 | Train Loss: 0.4957                   
[06/16/26 02:52:31] INFO     2026-06-16 02:52:31: Fold 5 |     t2pmhc_gat.py:457
                             Epoch 26/50 | Train Loss: 0.4936                   
[06/16/26 02:55:54] INFO     2026-06-16 02:55:54: Fold 5 |     t2pmhc_gat.py:457
                             Epoch 27/50 | Train Loss: 0.4928                   
[06/16/26 02:59:17] INFO     2026-06-16 02:59:17: Fold 5 |     t2pmhc_gat.py:457
                             Epoch 28/50 | Train Loss: 0.4907                   
[06/16/26 03:02:40] INFO     2026-06-16 03:02:40: Fold 5 |     t2pmhc_gat.py:457
                             Epoch 29/50 | Train Loss: 0.4901                   
[06/16/26 03:06:05] INFO     2026-06-16 03:06:05: Fold 5 |     t2pmhc_gat.py:457
                             Epoch 30/50 | Train Loss: 0.4881                   
[06/16/26 03:09:26] INFO     2026-06-16 03:09:26: Fold 5 |     t2pmhc_gat.py:457
                             Epoch 31/50 | Train Loss: 0.4870                   
[06/16/26 03:12:47] INFO     2026-06-16 03:12:47: Fold 5 |     t2pmhc_gat.py:457
                             Epoch 32/50 | Train Loss: 0.4840                   
[06/16/26 03:16:11] INFO     2026-06-16 03:16:11: Fold 5 |     t2pmhc_gat.py:457
                             Epoch 33/50 | Train Loss: 0.4861                   
[06/16/26 03:19:34] INFO     2026-06-16 03:19:34: Fold 5 |     t2pmhc_gat.py:457
                             Epoch 34/50 | Train Loss: 0.4843                   
[06/16/26 03:22:57] INFO     2026-06-16 03:22:57: Fold 5 |     t2pmhc_gat.py:457
                             Epoch 35/50 | Train Loss: 0.4812                   
[06/16/26 03:26:21] INFO     2026-06-16 03:26:21: Fold 5 |     t2pmhc_gat.py:457
                             Epoch 36/50 | Train Loss: 0.4797                   
[06/16/26 03:29:43] INFO     2026-06-16 03:29:43: Fold 5 |     t2pmhc_gat.py:457
                             Epoch 37/50 | Train Loss: 0.4801                   
[06/16/26 03:33:07] INFO     2026-06-16 03:33:07: Fold 5 |     t2pmhc_gat.py:457
                             Epoch 38/50 | Train Loss: 0.4783                   
[06/16/26 03:36:30] INFO     2026-06-16 03:36:30: Fold 5 |     t2pmhc_gat.py:457
                             Epoch 39/50 | Train Loss: 0.4767                   
[06/16/26 03:39:55] INFO     2026-06-16 03:39:55: Fold 5 |     t2pmhc_gat.py:457
                             Epoch 40/50 | Train Loss: 0.4757                   
[06/16/26 03:43:17] INFO     2026-06-16 03:43:17: Fold 5 |     t2pmhc_gat.py:457
                             Epoch 41/50 | Train Loss: 0.4739                   
[06/16/26 03:46:41] INFO     2026-06-16 03:46:41: Fold 5 |     t2pmhc_gat.py:457
                             Epoch 42/50 | Train Loss: 0.4727                   
[06/16/26 03:50:04] INFO     2026-06-16 03:50:04: Fold 5 |     t2pmhc_gat.py:457
                             Epoch 43/50 | Train Loss: 0.4709                   
[06/16/26 03:53:29] INFO     2026-06-16 03:53:29: Fold 5 |     t2pmhc_gat.py:457
                             Epoch 44/50 | Train Loss: 0.4715                   
[06/16/26 03:56:53] INFO     2026-06-16 03:56:53: Fold 5 |     t2pmhc_gat.py:457
                             Epoch 45/50 | Train Loss: 0.4707                   
[06/16/26 04:00:16] INFO     2026-06-16 04:00:16: Fold 5 |     t2pmhc_gat.py:457
                             Epoch 46/50 | Train Loss: 0.4677                   
[06/16/26 04:03:40] INFO     2026-06-16 04:03:40: Fold 5 |     t2pmhc_gat.py:457
                             Epoch 47/50 | Train Loss: 0.4675                   
[06/16/26 04:07:05] INFO     2026-06-16 04:07:05: Fold 5 |     t2pmhc_gat.py:457
                             Epoch 48/50 | Train Loss: 0.4638                   
[06/16/26 04:10:27] INFO     2026-06-16 04:10:27: Fold 5 |     t2pmhc_gat.py:457
                             Epoch 49/50 | Train Loss: 0.4641                   
[06/16/26 04:13:51] INFO     2026-06-16 04:13:51: Fold 5 |     t2pmhc_gat.py:457
                             Epoch 50/50 | Train Loss: 0.4624                   
                    INFO     Saved final model.                   helpers.py:156
                    INFO     Saved PAE scalers                    helpers.py:183
[06/16/26 04:14:32] INFO     Fold 5 AUROC: 0.8315              t2pmhc_gat.py:465
[06/16/26 04:14:37] INFO     5-fold CV AUROC: 0.8316 ± 0.0028  t2pmhc_gat.py:486
[06/16/26 04:14:39] INFO     Saved CV AUROC results to         t2pmhc_gat.py:487
                             /cluster/home/dego/models/t2pmhc/                  
                             models/dist10_gat_cv/dist10_cv_au                  
                             roc.csv                                            
[06/16/26 04:14:41] INFO     Saved split samplesheet to        t2pmhc_gat.py:488
                             /cluster/home/dego/models/t2pmhc/                  
                             models/dist10_gat_cv/dist10_cv_sp                  
                             lits.tsv                                           
                    INFO     5-fold cross-validation complete. t2pmhc_gat.py:490
[06/16/26 04:14:42] INFO     .................. done             __main__.py:187
                             ..................                                 
