=== Submit script: /var/lib/slurm/slurmd/job29493/slurm_script ===
#!/bin/bash
#SBATCH --time=12:30:00
#SBATCH --job-name=create_t2pmhc_graphs
#SBATCH --ntasks=1
#SBATCH --nodes=1
#SBATCH --cpus-per-task=24
#SBATCH --mem=96G
#SBATCH --account=cai_exp
#SBATCH --partition=cpu
#SBATCH --output=/cluster/home/dego/log/%j_%N_create_t2pmhc_graph_gcn_10.out
#SBATCH --error=/cluster/home/dego/log/%j_%N_create_t2pmhc_graph_gcn_10.err

echo "=== Submit script: $(realpath "$0") ===" && cat "$0"

cd ~/models/t2pmhc

source /cluster/home/dego/.start_uv.sh --auto
uv sync
#you are supposed to convert the samplesheet to the format expected by running /cluster/home/dego/nf-core_proteinfold_tcr_dock/Custom/tcrdock_python_utils/convert_samplesheet.py
uv run --project ~/models/t2pmhc --directory /cluster/projects/2026_dego_NF_DB/t2pmhc_train_structures  t2pmhc create-t2pmhc-graphs --mode t2pmhc-gcn --samplesheet ./t2pmhc_train_samplesheet_new.tsv --training-mode --threshold 10 --out /cluster/home/dego/models/t2pmhc/generated_graphs/t2pmhc_gcn_dist10.pt
Found .python-version file -> using Python 3.11
Attempting to load module: python/3.11
Loaded python/3.11
No env name given -> using current directory name lowercased: t2pmhc
Set UV_PATH=/raid/persistent_scratch/dego/uv/
Loading uv module with VENV="t2pmhc" ...
uv module loaded with VENV='t2pmhc' and UV_PATH='/raid/persistent_scratch/dego/uv/'.
Finished. 
-------------------------------------------
 _   ____                  _          

| |_|___ \ _ __  _ __ ___ | |__   ___

| __| __) | '_ \| '_ ` _ \| '_ \ / __|

| |_ / __/| |_) | | | | | | | | | (__ 

 \__|_____| .__/|_| |_| |_|_| |_|\___|

          |_|                         
-------------------------------------------
[06/17/26 09:16:09] INFO     ........ Building t2pmhc-gcn graphs __main__.py:232
                             ........                                           
                    INFO     reading samplesheet                   helpers.py:51
[06/17/26 09:16:12] INFO     Creating Graphs --      create_t2pmhc_graphs.py:384
                             t2pmhc-gcn                                         
[06/17/26 09:17:30] INFO     creating PyTorch Data   create_t2pmhc_graphs.py:173
                             Instances                                          
                    INFO     Processed 1000 / 79108  create_t2pmhc_graphs.py:192
                             files                                              
[06/17/26 09:18:47] INFO     creating PyTorch Data   create_t2pmhc_graphs.py:173
                             Instances                                          
                    INFO     Processed 2000 / 79108  create_t2pmhc_graphs.py:192
                             files                                              
[06/17/26 09:20:06] INFO     creating PyTorch Data   create_t2pmhc_graphs.py:173
                             Instances                                          
                    INFO     Processed 3000 / 79108  create_t2pmhc_graphs.py:192
                             files                                              
[06/17/26 09:21:25] INFO     creating PyTorch Data   create_t2pmhc_graphs.py:173
                             Instances                                          
                    INFO     Processed 4000 / 79108  create_t2pmhc_graphs.py:192
                             files                                              
[06/17/26 09:22:44] INFO     creating PyTorch Data   create_t2pmhc_graphs.py:173
                             Instances                                          
[06/17/26 09:22:45] INFO     Processed 5000 / 79108  create_t2pmhc_graphs.py:192
                             files                                              
[06/17/26 09:24:04] INFO     creating PyTorch Data   create_t2pmhc_graphs.py:173
                             Instances                                          
                    INFO     Processed 6000 / 79108  create_t2pmhc_graphs.py:192
                             files                                              
[06/17/26 09:25:23] INFO     creating PyTorch Data   create_t2pmhc_graphs.py:173
                             Instances                                          
[06/17/26 09:25:24] INFO     Processed 7000 / 79108  create_t2pmhc_graphs.py:192
                             files                                              
[06/17/26 09:26:43] INFO     creating PyTorch Data   create_t2pmhc_graphs.py:173
                             Instances                                          
                    INFO     Processed 8000 / 79108  create_t2pmhc_graphs.py:192
                             files                                              
[06/17/26 09:28:02] INFO     creating PyTorch Data   create_t2pmhc_graphs.py:173
                             Instances                                          
                    INFO     Processed 9000 / 79108  create_t2pmhc_graphs.py:192
                             files                                              
[06/17/26 09:29:22] INFO     creating PyTorch Data   create_t2pmhc_graphs.py:173
                             Instances                                          
                    INFO     Processed 10000 / 79108 create_t2pmhc_graphs.py:192
                             files                                              
[06/17/26 09:30:42] INFO     creating PyTorch Data   create_t2pmhc_graphs.py:173
                             Instances                                          
                    INFO     Processed 11000 / 79108 create_t2pmhc_graphs.py:192
                             files                                              
[06/17/26 09:32:02] INFO     creating PyTorch Data   create_t2pmhc_graphs.py:173
                             Instances                                          
                    INFO     Processed 12000 / 79108 create_t2pmhc_graphs.py:192
                             files                                              
[06/17/26 09:33:22] INFO     creating PyTorch Data   create_t2pmhc_graphs.py:173
                             Instances                                          
                    INFO     Processed 13000 / 79108 create_t2pmhc_graphs.py:192
                             files                                              
[06/17/26 09:34:41] INFO     creating PyTorch Data   create_t2pmhc_graphs.py:173
                             Instances                                          
[06/17/26 09:34:42] INFO     Processed 14000 / 79108 create_t2pmhc_graphs.py:192
                             files                                              
[06/17/26 09:36:02] INFO     creating PyTorch Data   create_t2pmhc_graphs.py:173
                             Instances                                          
                    INFO     Processed 15000 / 79108 create_t2pmhc_graphs.py:192
                             files                                              
[06/17/26 09:37:23] INFO     creating PyTorch Data   create_t2pmhc_graphs.py:173
                             Instances                                          
                    INFO     Processed 16000 / 79108 create_t2pmhc_graphs.py:192
                             files                                              
[06/17/26 09:38:43] INFO     creating PyTorch Data   create_t2pmhc_graphs.py:173
                             Instances                                          
[06/17/26 09:38:44] INFO     Processed 17000 / 79108 create_t2pmhc_graphs.py:192
                             files                                              
[06/17/26 09:40:04] INFO     creating PyTorch Data   create_t2pmhc_graphs.py:173
                             Instances                                          
[06/17/26 09:40:05] INFO     Processed 18000 / 79108 create_t2pmhc_graphs.py:192
                             files                                              
[06/17/26 09:41:24] INFO     creating PyTorch Data   create_t2pmhc_graphs.py:173
                             Instances                                          
[06/17/26 09:41:25] INFO     Processed 19000 / 79108 create_t2pmhc_graphs.py:192
                             files                                              
[06/17/26 09:42:45] INFO     creating PyTorch Data   create_t2pmhc_graphs.py:173
                             Instances                                          
                    INFO     Processed 20000 / 79108 create_t2pmhc_graphs.py:192
                             files                                              
[06/17/26 09:44:06] INFO     creating PyTorch Data   create_t2pmhc_graphs.py:173
                             Instances                                          
                    INFO     Processed 21000 / 79108 create_t2pmhc_graphs.py:192
                             files                                              
[06/17/26 09:45:28] INFO     creating PyTorch Data   create_t2pmhc_graphs.py:173
                             Instances                                          
                    INFO     Processed 22000 / 79108 create_t2pmhc_graphs.py:192
                             files                                              
[06/17/26 09:46:48] INFO     creating PyTorch Data   create_t2pmhc_graphs.py:173
                             Instances                                          
                    INFO     Processed 23000 / 79108 create_t2pmhc_graphs.py:192
                             files                                              
[06/17/26 09:48:10] INFO     creating PyTorch Data   create_t2pmhc_graphs.py:173
                             Instances                                          
                    INFO     Processed 24000 / 79108 create_t2pmhc_graphs.py:192
                             files                                              
[06/17/26 09:49:32] INFO     creating PyTorch Data   create_t2pmhc_graphs.py:173
                             Instances                                          
                    INFO     Processed 25000 / 79108 create_t2pmhc_graphs.py:192
                             files                                              
[06/17/26 09:50:52] INFO     creating PyTorch Data   create_t2pmhc_graphs.py:173
                             Instances                                          
[06/17/26 09:50:53] INFO     Processed 26000 / 79108 create_t2pmhc_graphs.py:192
                             files                                              
[06/17/26 09:52:14] INFO     creating PyTorch Data   create_t2pmhc_graphs.py:173
                             Instances                                          
                    INFO     Processed 27000 / 79108 create_t2pmhc_graphs.py:192
                             files                                              
[06/17/26 09:53:35] INFO     creating PyTorch Data   create_t2pmhc_graphs.py:173
                             Instances                                          
[06/17/26 09:53:36] INFO     Processed 28000 / 79108 create_t2pmhc_graphs.py:192
                             files                                              
[06/17/26 09:54:56] INFO     creating PyTorch Data   create_t2pmhc_graphs.py:173
                             Instances                                          
                    INFO     Processed 29000 / 79108 create_t2pmhc_graphs.py:192
                             files                                              
[06/17/26 09:56:17] INFO     creating PyTorch Data   create_t2pmhc_graphs.py:173
                             Instances                                          
[06/17/26 09:56:18] INFO     Processed 30000 / 79108 create_t2pmhc_graphs.py:192
                             files                                              
[06/17/26 09:57:39] INFO     creating PyTorch Data   create_t2pmhc_graphs.py:173
                             Instances                                          
[06/17/26 09:57:40] INFO     Processed 31000 / 79108 create_t2pmhc_graphs.py:192
                             files                                              
[06/17/26 09:59:01] INFO     creating PyTorch Data   create_t2pmhc_graphs.py:173
                             Instances                                          
                    INFO     Processed 32000 / 79108 create_t2pmhc_graphs.py:192
                             files                                              
[06/17/26 10:00:24] INFO     creating PyTorch Data   create_t2pmhc_graphs.py:173
                             Instances                                          
                    INFO     Processed 33000 / 79108 create_t2pmhc_graphs.py:192
                             files                                              
[06/17/26 10:01:46] INFO     creating PyTorch Data   create_t2pmhc_graphs.py:173
                             Instances                                          
                    INFO     Processed 34000 / 79108 create_t2pmhc_graphs.py:192
                             files                                              
[06/17/26 10:03:07] INFO     creating PyTorch Data   create_t2pmhc_graphs.py:173
                             Instances                                          
[06/17/26 10:03:08] INFO     Processed 35000 / 79108 create_t2pmhc_graphs.py:192
                             files                                              
[06/17/26 10:04:29] INFO     creating PyTorch Data   create_t2pmhc_graphs.py:173
                             Instances                                          
                    INFO     Processed 36000 / 79108 create_t2pmhc_graphs.py:192
                             files                                              
[06/17/26 10:05:51] INFO     creating PyTorch Data   create_t2pmhc_graphs.py:173
                             Instances                                          
                    INFO     Processed 37000 / 79108 create_t2pmhc_graphs.py:192
                             files                                              
[06/17/26 10:07:13] INFO     creating PyTorch Data   create_t2pmhc_graphs.py:173
                             Instances                                          
                    INFO     Processed 38000 / 79108 create_t2pmhc_graphs.py:192
                             files                                              
[06/17/26 10:08:35] INFO     creating PyTorch Data   create_t2pmhc_graphs.py:173
                             Instances                                          
                    INFO     Processed 39000 / 79108 create_t2pmhc_graphs.py:192
                             files                                              
[06/17/26 10:09:57] INFO     creating PyTorch Data   create_t2pmhc_graphs.py:173
                             Instances                                          
                    INFO     Processed 40000 / 79108 create_t2pmhc_graphs.py:192
                             files                                              
[06/17/26 10:11:19] INFO     creating PyTorch Data   create_t2pmhc_graphs.py:173
                             Instances                                          
[06/17/26 10:11:20] INFO     Processed 41000 / 79108 create_t2pmhc_graphs.py:192
                             files                                              
[06/17/26 10:12:42] INFO     creating PyTorch Data   create_t2pmhc_graphs.py:173
                             Instances                                          
                    INFO     Processed 42000 / 79108 create_t2pmhc_graphs.py:192
                             files                                              
[06/17/26 10:14:04] INFO     creating PyTorch Data   create_t2pmhc_graphs.py:173
                             Instances                                          
                    INFO     Processed 43000 / 79108 create_t2pmhc_graphs.py:192
                             files                                              
[06/17/26 10:15:27] INFO     creating PyTorch Data   create_t2pmhc_graphs.py:173
                             Instances                                          
                    INFO     Processed 44000 / 79108 create_t2pmhc_graphs.py:192
                             files                                              
[06/17/26 10:16:50] INFO     creating PyTorch Data   create_t2pmhc_graphs.py:173
                             Instances                                          
                    INFO     Processed 45000 / 79108 create_t2pmhc_graphs.py:192
                             files                                              
[06/17/26 10:18:13] INFO     creating PyTorch Data   create_t2pmhc_graphs.py:173
                             Instances                                          
                    INFO     Processed 46000 / 79108 create_t2pmhc_graphs.py:192
                             files                                              
[06/17/26 10:19:35] INFO     creating PyTorch Data   create_t2pmhc_graphs.py:173
                             Instances                                          
[06/17/26 10:19:36] INFO     Processed 47000 / 79108 create_t2pmhc_graphs.py:192
                             files                                              
[06/17/26 10:20:58] INFO     creating PyTorch Data   create_t2pmhc_graphs.py:173
                             Instances                                          
[06/17/26 10:20:59] INFO     Processed 48000 / 79108 create_t2pmhc_graphs.py:192
                             files                                              
[06/17/26 10:22:21] INFO     creating PyTorch Data   create_t2pmhc_graphs.py:173
                             Instances                                          
                    INFO     Processed 49000 / 79108 create_t2pmhc_graphs.py:192
                             files                                              
[06/17/26 10:23:44] INFO     creating PyTorch Data   create_t2pmhc_graphs.py:173
                             Instances                                          
                    INFO     Processed 50000 / 79108 create_t2pmhc_graphs.py:192
                             files                                              
[06/17/26 10:25:08] INFO     creating PyTorch Data   create_t2pmhc_graphs.py:173
                             Instances                                          
                    INFO     Processed 51000 / 79108 create_t2pmhc_graphs.py:192
                             files                                              
[06/17/26 10:26:32] INFO     creating PyTorch Data   create_t2pmhc_graphs.py:173
                             Instances                                          
                    INFO     Processed 52000 / 79108 create_t2pmhc_graphs.py:192
                             files                                              
[06/17/26 10:27:57] INFO     creating PyTorch Data   create_t2pmhc_graphs.py:173
                             Instances                                          
                    INFO     Processed 53000 / 79108 create_t2pmhc_graphs.py:192
                             files                                              
[06/17/26 10:29:21] INFO     creating PyTorch Data   create_t2pmhc_graphs.py:173
                             Instances                                          
                    INFO     Processed 54000 / 79108 create_t2pmhc_graphs.py:192
                             files                                              
[06/17/26 10:30:44] INFO     creating PyTorch Data   create_t2pmhc_graphs.py:173
                             Instances                                          
                    INFO     Processed 55000 / 79108 create_t2pmhc_graphs.py:192
                             files                                              
[06/17/26 10:32:07] INFO     creating PyTorch Data   create_t2pmhc_graphs.py:173
                             Instances                                          
[06/17/26 10:32:08] INFO     Processed 56000 / 79108 create_t2pmhc_graphs.py:192
                             files                                              
[06/17/26 10:33:30] INFO     creating PyTorch Data   create_t2pmhc_graphs.py:173
                             Instances                                          
[06/17/26 10:33:31] INFO     Processed 57000 / 79108 create_t2pmhc_graphs.py:192
                             files                                              
[06/17/26 10:34:54] INFO     creating PyTorch Data   create_t2pmhc_graphs.py:173
                             Instances                                          
                    INFO     Processed 58000 / 79108 create_t2pmhc_graphs.py:192
                             files                                              
[06/17/26 10:36:17] INFO     creating PyTorch Data   create_t2pmhc_graphs.py:173
                             Instances                                          
                    INFO     Processed 59000 / 79108 create_t2pmhc_graphs.py:192
                             files                                              
[06/17/26 10:37:40] INFO     creating PyTorch Data   create_t2pmhc_graphs.py:173
                             Instances                                          
[06/17/26 10:37:41] INFO     Processed 60000 / 79108 create_t2pmhc_graphs.py:192
                             files                                              
[06/17/26 10:39:04] INFO     creating PyTorch Data   create_t2pmhc_graphs.py:173
                             Instances                                          
                    INFO     Processed 61000 / 79108 create_t2pmhc_graphs.py:192
                             files                                              
[06/17/26 10:40:28] INFO     creating PyTorch Data   create_t2pmhc_graphs.py:173
                             Instances                                          
[06/17/26 10:40:29] INFO     Processed 62000 / 79108 create_t2pmhc_graphs.py:192
                             files                                              
[06/17/26 10:41:52] INFO     creating PyTorch Data   create_t2pmhc_graphs.py:173
                             Instances                                          
                    INFO     Processed 63000 / 79108 create_t2pmhc_graphs.py:192
                             files                                              
[06/17/26 10:43:16] INFO     creating PyTorch Data   create_t2pmhc_graphs.py:173
                             Instances                                          
                    INFO     Processed 64000 / 79108 create_t2pmhc_graphs.py:192
                             files                                              
[06/17/26 10:44:41] INFO     creating PyTorch Data   create_t2pmhc_graphs.py:173
                             Instances                                          
                    INFO     Processed 65000 / 79108 create_t2pmhc_graphs.py:192
                             files                                              
[06/17/26 10:46:04] INFO     creating PyTorch Data   create_t2pmhc_graphs.py:173
                             Instances                                          
[06/17/26 10:46:05] INFO     Processed 66000 / 79108 create_t2pmhc_graphs.py:192
                             files                                              
[06/17/26 10:47:28] INFO     creating PyTorch Data   create_t2pmhc_graphs.py:173
                             Instances                                          
                    INFO     Processed 67000 / 79108 create_t2pmhc_graphs.py:192
                             files                                              
[06/17/26 10:48:52] INFO     creating PyTorch Data   create_t2pmhc_graphs.py:173
                             Instances                                          
                    INFO     Processed 68000 / 79108 create_t2pmhc_graphs.py:192
                             files                                              
[06/17/26 10:50:15] INFO     creating PyTorch Data   create_t2pmhc_graphs.py:173
                             Instances                                          
[06/17/26 10:50:16] INFO     Processed 69000 / 79108 create_t2pmhc_graphs.py:192
                             files                                              
[06/17/26 10:51:40] INFO     creating PyTorch Data   create_t2pmhc_graphs.py:173
                             Instances                                          
                    INFO     Processed 70000 / 79108 create_t2pmhc_graphs.py:192
                             files                                              
[06/17/26 10:53:04] INFO     creating PyTorch Data   create_t2pmhc_graphs.py:173
                             Instances                                          
                    INFO     Processed 71000 / 79108 create_t2pmhc_graphs.py:192
                             files                                              
[06/17/26 10:54:28] INFO     creating PyTorch Data   create_t2pmhc_graphs.py:173
                             Instances                                          
                    INFO     Processed 72000 / 79108 create_t2pmhc_graphs.py:192
                             files                                              
[06/17/26 10:55:52] INFO     creating PyTorch Data   create_t2pmhc_graphs.py:173
                             Instances                                          
                    INFO     Processed 73000 / 79108 create_t2pmhc_graphs.py:192
                             files                                              
[06/17/26 10:57:16] INFO     creating PyTorch Data   create_t2pmhc_graphs.py:173
                             Instances                                          
                    INFO     Processed 74000 / 79108 create_t2pmhc_graphs.py:192
                             files                                              
[06/17/26 10:58:41] INFO     creating PyTorch Data   create_t2pmhc_graphs.py:173
                             Instances                                          
                    INFO     Processed 75000 / 79108 create_t2pmhc_graphs.py:192
                             files                                              
[06/17/26 11:00:05] INFO     creating PyTorch Data   create_t2pmhc_graphs.py:173
                             Instances                                          
                    INFO     Processed 76000 / 79108 create_t2pmhc_graphs.py:192
                             files                                              
[06/17/26 11:01:31] INFO     creating PyTorch Data   create_t2pmhc_graphs.py:173
                             Instances                                          
                    INFO     Processed 77000 / 79108 create_t2pmhc_graphs.py:192
                             files                                              
[06/17/26 11:02:56] INFO     creating PyTorch Data   create_t2pmhc_graphs.py:173
                             Instances                                          
[06/17/26 11:02:57] INFO     Processed 78000 / 79108 create_t2pmhc_graphs.py:192
                             files                                              
[06/17/26 11:04:21] INFO     creating PyTorch Data   create_t2pmhc_graphs.py:173
                             Instances                                          
                    INFO     Processed 79000 / 79108 create_t2pmhc_graphs.py:192
                             files                                              
[06/17/26 11:04:43] INFO     creating PyTorch Data   create_t2pmhc_graphs.py:173
                             Instances                                          
[06/17/26 11:04:44] INFO     Processed 80000 / 79108 create_t2pmhc_graphs.py:192
                             files                                              
                    INFO     saving test graphs to   create_t2pmhc_graphs.py:195
                             /cluster/home/dego/mode                            
                             ls/t2pmhc/generated_gra                            
                             phs/t2pmhc_gcn_dist10.p                            
                             t                                                  
