-------------------------------------------
 _   ____                  _          

| |_|___ \ _ __  _ __ ___ | |__   ___

| __| __) | '_ \| '_ ` _ \| '_ \ / __|

| |_ / __/| |_) | | | | | | | | | (__ 

 \__|_____| .__/|_| |_| |_|_| |_|\___|

          |_|                         
-------------------------------------------
[06/24/26 11:03:08] INFO     ......... Training t2pmhc-gat       __main__.py:336
                             (5-fold peptide-grouped CV)                        
                             .........                                          
                    INFO     Training t2pmhc-GAT (5-fold       t2pmhc_gat.py:648
                             peptide-grouped CV)                                
                    INFO                                       t2pmhc_gat.py:649
                             Name: gat_no_pae                                   
                             Saved Graphs:                                      
                             /mnt/lustre/groups/nahnsen/nahpo7                  
                             75/workdir/projects/tcrpha_pred/t                  
                             2pmhc/test_graphs/t2pmhc_gat_grap                  
                             hs.pt                                              
                             Ablate PAE: True                                   
                                                                                
                    INFO     Reading dataset                   t2pmhc_gat.py:650
                    INFO     seed: 42                           t2pmhc_gat.py:41
                    INFO     Loading Graphs from pt file        t2pmhc_gat.py:75
[06/24/26 11:03:55] INFO     Loaded 79108 graphs               t2pmhc_gat.py:658
                    INFO     Training on cuda                  t2pmhc_gat.py:674
[06/24/26 11:03:56] INFO     Fold 1: 21282 samples, 1 peptides t2pmhc_gat.py:698
                    INFO     Fold 2: 14443 samples, 3 peptides t2pmhc_gat.py:698
                    INFO     Fold 3: 14462 samples, 23         t2pmhc_gat.py:698
                             peptides                                           
                    INFO     Fold 4: 14459 samples, 25         t2pmhc_gat.py:698
                             peptides                                           
                    INFO     Fold 5: 14462 samples, 25         t2pmhc_gat.py:698
                             peptides                                           
                    INFO     ---- Fold 1/5 ----                t2pmhc_gat.py:707
[06/24/26 11:07:36] INFO     2026-06-24 11:07:36: Fold 1 |     t2pmhc_gat.py:764
                             Epoch 1/50 | Train Loss: 0.6521                    
[06/24/26 11:10:18] INFO     2026-06-24 11:10:18: Fold 1 |     t2pmhc_gat.py:764
                             Epoch 2/50 | Train Loss: 0.6118                    
[06/24/26 11:13:02] INFO     2026-06-24 11:13:02: Fold 1 |     t2pmhc_gat.py:764
                             Epoch 3/50 | Train Loss: 0.5988                    
[06/24/26 11:15:47] INFO     2026-06-24 11:15:47: Fold 1 |     t2pmhc_gat.py:764
                             Epoch 4/50 | Train Loss: 0.5900                    
[06/24/26 11:18:31] INFO     2026-06-24 11:18:31: Fold 1 |     t2pmhc_gat.py:764
                             Epoch 5/50 | Train Loss: 0.5833                    
[06/24/26 11:21:15] INFO     2026-06-24 11:21:15: Fold 1 |     t2pmhc_gat.py:764
                             Epoch 6/50 | Train Loss: 0.5782                    
[06/24/26 11:23:59] INFO     2026-06-24 11:23:59: Fold 1 |     t2pmhc_gat.py:764
                             Epoch 7/50 | Train Loss: 0.5728                    
[06/24/26 11:26:42] INFO     2026-06-24 11:26:42: Fold 1 |     t2pmhc_gat.py:764
                             Epoch 8/50 | Train Loss: 0.5651                    
[06/24/26 11:29:25] INFO     2026-06-24 11:29:25: Fold 1 |     t2pmhc_gat.py:764
                             Epoch 9/50 | Train Loss: 0.5587                    
[06/24/26 11:32:08] INFO     2026-06-24 11:32:08: Fold 1 |     t2pmhc_gat.py:764
                             Epoch 10/50 | Train Loss: 0.5562                   
[06/24/26 11:34:50] INFO     2026-06-24 11:34:50: Fold 1 |     t2pmhc_gat.py:764
                             Epoch 11/50 | Train Loss: 0.5500                   
[06/24/26 11:37:33] INFO     2026-06-24 11:37:33: Fold 1 |     t2pmhc_gat.py:764
                             Epoch 12/50 | Train Loss: 0.5461                   
[06/24/26 11:40:16] INFO     2026-06-24 11:40:16: Fold 1 |     t2pmhc_gat.py:764
                             Epoch 13/50 | Train Loss: 0.5403                   
[06/24/26 11:42:59] INFO     2026-06-24 11:42:59: Fold 1 |     t2pmhc_gat.py:764
                             Epoch 14/50 | Train Loss: 0.5400                   
[06/24/26 11:45:41] INFO     2026-06-24 11:45:41: Fold 1 |     t2pmhc_gat.py:764
                             Epoch 15/50 | Train Loss: 0.5352                   
[06/24/26 11:48:25] INFO     2026-06-24 11:48:25: Fold 1 |     t2pmhc_gat.py:764
                             Epoch 16/50 | Train Loss: 0.5323                   
[06/24/26 11:51:07] INFO     2026-06-24 11:51:07: Fold 1 |     t2pmhc_gat.py:764
                             Epoch 17/50 | Train Loss: 0.5312                   
[06/24/26 11:53:51] INFO     2026-06-24 11:53:51: Fold 1 |     t2pmhc_gat.py:764
                             Epoch 18/50 | Train Loss: 0.5267                   
[06/24/26 11:56:33] INFO     2026-06-24 11:56:33: Fold 1 |     t2pmhc_gat.py:764
                             Epoch 19/50 | Train Loss: 0.5265                   
[06/24/26 11:59:15] INFO     2026-06-24 11:59:15: Fold 1 |     t2pmhc_gat.py:764
                             Epoch 20/50 | Train Loss: 0.5232                   
[06/24/26 12:01:59] INFO     2026-06-24 12:01:59: Fold 1 |     t2pmhc_gat.py:764
                             Epoch 21/50 | Train Loss: 0.5198                   
[06/24/26 12:04:42] INFO     2026-06-24 12:04:42: Fold 1 |     t2pmhc_gat.py:764
                             Epoch 22/50 | Train Loss: 0.5179                   
[06/24/26 12:07:25] INFO     2026-06-24 12:07:25: Fold 1 |     t2pmhc_gat.py:764
                             Epoch 23/50 | Train Loss: 0.5170                   
[06/24/26 12:10:07] INFO     2026-06-24 12:10:07: Fold 1 |     t2pmhc_gat.py:764
                             Epoch 24/50 | Train Loss: 0.5143                   
[06/24/26 12:12:51] INFO     2026-06-24 12:12:51: Fold 1 |     t2pmhc_gat.py:764
                             Epoch 25/50 | Train Loss: 0.5121                   
[06/24/26 12:15:32] INFO     2026-06-24 12:15:32: Fold 1 |     t2pmhc_gat.py:764
                             Epoch 26/50 | Train Loss: 0.5110                   
[06/24/26 12:18:17] INFO     2026-06-24 12:18:17: Fold 1 |     t2pmhc_gat.py:764
                             Epoch 27/50 | Train Loss: 0.5067                   
[06/24/26 12:21:02] INFO     2026-06-24 12:21:02: Fold 1 |     t2pmhc_gat.py:764
                             Epoch 28/50 | Train Loss: 0.5046                   
[06/24/26 12:23:47] INFO     2026-06-24 12:23:47: Fold 1 |     t2pmhc_gat.py:764
                             Epoch 29/50 | Train Loss: 0.5053                   
[06/24/26 12:26:31] INFO     2026-06-24 12:26:31: Fold 1 |     t2pmhc_gat.py:764
                             Epoch 30/50 | Train Loss: 0.5041                   
[06/24/26 12:29:14] INFO     2026-06-24 12:29:14: Fold 1 |     t2pmhc_gat.py:764
                             Epoch 31/50 | Train Loss: 0.4992                   
[06/24/26 12:31:55] INFO     2026-06-24 12:31:55: Fold 1 |     t2pmhc_gat.py:764
                             Epoch 32/50 | Train Loss: 0.4991                   
[06/24/26 12:34:38] INFO     2026-06-24 12:34:38: Fold 1 |     t2pmhc_gat.py:764
                             Epoch 33/50 | Train Loss: 0.4980                   
[06/24/26 12:37:21] INFO     2026-06-24 12:37:21: Fold 1 |     t2pmhc_gat.py:764
                             Epoch 34/50 | Train Loss: 0.4945                   
[06/24/26 12:40:04] INFO     2026-06-24 12:40:04: Fold 1 |     t2pmhc_gat.py:764
                             Epoch 35/50 | Train Loss: 0.4955                   
[06/24/26 12:42:48] INFO     2026-06-24 12:42:48: Fold 1 |     t2pmhc_gat.py:764
                             Epoch 36/50 | Train Loss: 0.4920                   
[06/24/26 12:45:30] INFO     2026-06-24 12:45:30: Fold 1 |     t2pmhc_gat.py:764
                             Epoch 37/50 | Train Loss: 0.4916                   
[06/24/26 12:48:11] INFO     2026-06-24 12:48:11: Fold 1 |     t2pmhc_gat.py:764
                             Epoch 38/50 | Train Loss: 0.4897                   
[06/24/26 12:50:54] INFO     2026-06-24 12:50:54: Fold 1 |     t2pmhc_gat.py:764
                             Epoch 39/50 | Train Loss: 0.4890                   
[06/24/26 12:53:38] INFO     2026-06-24 12:53:38: Fold 1 |     t2pmhc_gat.py:764
                             Epoch 40/50 | Train Loss: 0.4872                   
[06/24/26 12:56:21] INFO     2026-06-24 12:56:21: Fold 1 |     t2pmhc_gat.py:764
                             Epoch 41/50 | Train Loss: 0.4851                   
[06/24/26 12:59:05] INFO     2026-06-24 12:59:05: Fold 1 |     t2pmhc_gat.py:764
                             Epoch 42/50 | Train Loss: 0.4850                   
[06/24/26 13:01:47] INFO     2026-06-24 13:01:47: Fold 1 |     t2pmhc_gat.py:764
                             Epoch 43/50 | Train Loss: 0.4823                   
[06/24/26 13:04:29] INFO     2026-06-24 13:04:29: Fold 1 |     t2pmhc_gat.py:764
                             Epoch 44/50 | Train Loss: 0.4814                   
[06/24/26 13:07:11] INFO     2026-06-24 13:07:11: Fold 1 |     t2pmhc_gat.py:764
                             Epoch 45/50 | Train Loss: 0.4798                   
[06/24/26 13:09:55] INFO     2026-06-24 13:09:55: Fold 1 |     t2pmhc_gat.py:764
                             Epoch 46/50 | Train Loss: 0.4771                   
[06/24/26 13:12:38] INFO     2026-06-24 13:12:38: Fold 1 |     t2pmhc_gat.py:764
                             Epoch 47/50 | Train Loss: 0.4755                   
[06/24/26 13:15:20] INFO     2026-06-24 13:15:20: Fold 1 |     t2pmhc_gat.py:764
                             Epoch 48/50 | Train Loss: 0.4786                   
[06/24/26 13:18:03] INFO     2026-06-24 13:18:03: Fold 1 |     t2pmhc_gat.py:764
                             Epoch 49/50 | Train Loss: 0.4749                   
[06/24/26 13:20:46] INFO     2026-06-24 13:20:46: Fold 1 |     t2pmhc_gat.py:764
                             Epoch 50/50 | Train Loss: 0.4750                   
                    INFO     Saved final model.                   helpers.py:205
                    INFO     Saved PAE scalers                    helpers.py:232
[06/24/26 13:21:25] INFO     Fold 1 AUROC: 0.5613              t2pmhc_gat.py:784
[06/24/26 13:21:27] INFO     ---- Fold 2/5 ----                t2pmhc_gat.py:707
[06/24/26 13:25:20] INFO     2026-06-24 13:25:20: Fold 2 |     t2pmhc_gat.py:764
                             Epoch 1/50 | Train Loss: 0.6120                    
[06/24/26 13:28:24] INFO     2026-06-24 13:28:24: Fold 2 |     t2pmhc_gat.py:764
                             Epoch 2/50 | Train Loss: 0.5952                    
[06/24/26 13:31:25] INFO     2026-06-24 13:31:25: Fold 2 |     t2pmhc_gat.py:764
                             Epoch 3/50 | Train Loss: 0.5875                    
[06/24/26 13:34:30] INFO     2026-06-24 13:34:30: Fold 2 |     t2pmhc_gat.py:764
                             Epoch 4/50 | Train Loss: 0.5809                    
[06/24/26 13:37:33] INFO     2026-06-24 13:37:33: Fold 2 |     t2pmhc_gat.py:764
                             Epoch 5/50 | Train Loss: 0.5788                    
[06/24/26 13:40:35] INFO     2026-06-24 13:40:35: Fold 2 |     t2pmhc_gat.py:764
                             Epoch 6/50 | Train Loss: 0.5732                    
[06/24/26 13:43:38] INFO     2026-06-24 13:43:38: Fold 2 |     t2pmhc_gat.py:764
                             Epoch 7/50 | Train Loss: 0.5700                    
[06/24/26 13:46:40] INFO     2026-06-24 13:46:40: Fold 2 |     t2pmhc_gat.py:764
                             Epoch 8/50 | Train Loss: 0.5663                    
[06/24/26 13:49:42] INFO     2026-06-24 13:49:42: Fold 2 |     t2pmhc_gat.py:764
                             Epoch 9/50 | Train Loss: 0.5635                    
[06/24/26 13:52:46] INFO     2026-06-24 13:52:46: Fold 2 |     t2pmhc_gat.py:764
                             Epoch 10/50 | Train Loss: 0.5607                   
[06/24/26 13:55:50] INFO     2026-06-24 13:55:50: Fold 2 |     t2pmhc_gat.py:764
                             Epoch 11/50 | Train Loss: 0.5573                   
[06/24/26 13:58:52] INFO     2026-06-24 13:58:52: Fold 2 |     t2pmhc_gat.py:764
                             Epoch 12/50 | Train Loss: 0.5556                   
[06/24/26 14:01:53] INFO     2026-06-24 14:01:53: Fold 2 |     t2pmhc_gat.py:764
                             Epoch 13/50 | Train Loss: 0.5523                   
[06/24/26 14:04:57] INFO     2026-06-24 14:04:57: Fold 2 |     t2pmhc_gat.py:764
                             Epoch 14/50 | Train Loss: 0.5501                   
[06/24/26 14:07:59] INFO     2026-06-24 14:07:59: Fold 2 |     t2pmhc_gat.py:764
                             Epoch 15/50 | Train Loss: 0.5477                   
[06/24/26 14:11:04] INFO     2026-06-24 14:11:04: Fold 2 |     t2pmhc_gat.py:764
                             Epoch 16/50 | Train Loss: 0.5454                   
[06/24/26 14:14:07] INFO     2026-06-24 14:14:07: Fold 2 |     t2pmhc_gat.py:764
                             Epoch 17/50 | Train Loss: 0.5432                   
[06/24/26 14:17:11] INFO     2026-06-24 14:17:11: Fold 2 |     t2pmhc_gat.py:764
                             Epoch 18/50 | Train Loss: 0.5416                   
[06/24/26 14:20:17] INFO     2026-06-24 14:20:17: Fold 2 |     t2pmhc_gat.py:764
                             Epoch 19/50 | Train Loss: 0.5400                   
[06/24/26 14:23:22] INFO     2026-06-24 14:23:22: Fold 2 |     t2pmhc_gat.py:764
                             Epoch 20/50 | Train Loss: 0.5378                   
[06/24/26 14:26:25] INFO     2026-06-24 14:26:25: Fold 2 |     t2pmhc_gat.py:764
                             Epoch 21/50 | Train Loss: 0.5361                   
[06/24/26 14:29:28] INFO     2026-06-24 14:29:28: Fold 2 |     t2pmhc_gat.py:764
                             Epoch 22/50 | Train Loss: 0.5350                   
[06/24/26 14:32:33] INFO     2026-06-24 14:32:33: Fold 2 |     t2pmhc_gat.py:764
                             Epoch 23/50 | Train Loss: 0.5324                   
[06/24/26 14:35:37] INFO     2026-06-24 14:35:37: Fold 2 |     t2pmhc_gat.py:764
                             Epoch 24/50 | Train Loss: 0.5323                   
[06/24/26 14:38:42] INFO     2026-06-24 14:38:42: Fold 2 |     t2pmhc_gat.py:764
                             Epoch 25/50 | Train Loss: 0.5305                   
[06/24/26 14:41:46] INFO     2026-06-24 14:41:46: Fold 2 |     t2pmhc_gat.py:764
                             Epoch 26/50 | Train Loss: 0.5285                   
[06/24/26 14:44:47] INFO     2026-06-24 14:44:47: Fold 2 |     t2pmhc_gat.py:764
                             Epoch 27/50 | Train Loss: 0.5274                   
[06/24/26 14:47:51] INFO     2026-06-24 14:47:51: Fold 2 |     t2pmhc_gat.py:764
                             Epoch 28/50 | Train Loss: 0.5251                   
[06/24/26 14:50:56] INFO     2026-06-24 14:50:56: Fold 2 |     t2pmhc_gat.py:764
                             Epoch 29/50 | Train Loss: 0.5238                   
[06/24/26 14:54:00] INFO     2026-06-24 14:54:00: Fold 2 |     t2pmhc_gat.py:764
                             Epoch 30/50 | Train Loss: 0.5242                   
[06/24/26 14:57:04] INFO     2026-06-24 14:57:04: Fold 2 |     t2pmhc_gat.py:764
                             Epoch 31/50 | Train Loss: 0.5228                   
[06/24/26 15:00:07] INFO     2026-06-24 15:00:07: Fold 2 |     t2pmhc_gat.py:764
                             Epoch 32/50 | Train Loss: 0.5199                   
[06/24/26 15:03:09] INFO     2026-06-24 15:03:09: Fold 2 |     t2pmhc_gat.py:764
                             Epoch 33/50 | Train Loss: 0.5193                   
[06/24/26 15:06:13] INFO     2026-06-24 15:06:13: Fold 2 |     t2pmhc_gat.py:764
                             Epoch 34/50 | Train Loss: 0.5182                   
[06/24/26 15:09:15] INFO     2026-06-24 15:09:15: Fold 2 |     t2pmhc_gat.py:764
                             Epoch 35/50 | Train Loss: 0.5155                   
[06/24/26 15:12:18] INFO     2026-06-24 15:12:18: Fold 2 |     t2pmhc_gat.py:764
                             Epoch 36/50 | Train Loss: 0.5159                   
[06/24/26 15:15:21] INFO     2026-06-24 15:15:21: Fold 2 |     t2pmhc_gat.py:764
                             Epoch 37/50 | Train Loss: 0.5144                   
[06/24/26 15:18:25] INFO     2026-06-24 15:18:25: Fold 2 |     t2pmhc_gat.py:764
                             Epoch 38/50 | Train Loss: 0.5134                   
[06/24/26 15:21:26] INFO     2026-06-24 15:21:26: Fold 2 |     t2pmhc_gat.py:764
                             Epoch 39/50 | Train Loss: 0.5128                   
[06/24/26 15:24:29] INFO     2026-06-24 15:24:29: Fold 2 |     t2pmhc_gat.py:764
                             Epoch 40/50 | Train Loss: 0.5106                   
[06/24/26 15:27:32] INFO     2026-06-24 15:27:32: Fold 2 |     t2pmhc_gat.py:764
                             Epoch 41/50 | Train Loss: 0.5099                   
[06/24/26 15:30:34] INFO     2026-06-24 15:30:34: Fold 2 |     t2pmhc_gat.py:764
                             Epoch 42/50 | Train Loss: 0.5093                   
[06/24/26 15:33:37] INFO     2026-06-24 15:33:37: Fold 2 |     t2pmhc_gat.py:764
                             Epoch 43/50 | Train Loss: 0.5064                   
[06/24/26 15:36:39] INFO     2026-06-24 15:36:39: Fold 2 |     t2pmhc_gat.py:764
                             Epoch 44/50 | Train Loss: 0.5079                   
[06/24/26 15:39:43] INFO     2026-06-24 15:39:43: Fold 2 |     t2pmhc_gat.py:764
                             Epoch 45/50 | Train Loss: 0.5060                   
[06/24/26 15:42:46] INFO     2026-06-24 15:42:46: Fold 2 |     t2pmhc_gat.py:764
                             Epoch 46/50 | Train Loss: 0.5048                   
[06/24/26 15:45:49] INFO     2026-06-24 15:45:49: Fold 2 |     t2pmhc_gat.py:764
                             Epoch 47/50 | Train Loss: 0.5035                   
[06/24/26 15:48:52] INFO     2026-06-24 15:48:52: Fold 2 |     t2pmhc_gat.py:764
                             Epoch 48/50 | Train Loss: 0.5012                   
[06/24/26 15:51:54] INFO     2026-06-24 15:51:54: Fold 2 |     t2pmhc_gat.py:764
                             Epoch 49/50 | Train Loss: 0.5010                   
[06/24/26 15:54:59] INFO     2026-06-24 15:54:59: Fold 2 |     t2pmhc_gat.py:764
                             Epoch 50/50 | Train Loss: 0.5001                   
                    INFO     Saved final model.                   helpers.py:205
                    INFO     Saved PAE scalers                    helpers.py:232
[06/24/26 15:55:26] INFO     Fold 2 AUROC: 0.2213              t2pmhc_gat.py:784
[06/24/26 15:55:29] INFO     ---- Fold 3/5 ----                t2pmhc_gat.py:707
[06/24/26 15:59:20] INFO     2026-06-24 15:59:20: Fold 3 |     t2pmhc_gat.py:764
                             Epoch 1/50 | Train Loss: 0.5873                    
[06/24/26 16:02:27] INFO     2026-06-24 16:02:27: Fold 3 |     t2pmhc_gat.py:764
                             Epoch 2/50 | Train Loss: 0.5504                    
[06/24/26 16:05:32] INFO     2026-06-24 16:05:32: Fold 3 |     t2pmhc_gat.py:764
                             Epoch 3/50 | Train Loss: 0.5401                    
[06/24/26 16:08:36] INFO     2026-06-24 16:08:36: Fold 3 |     t2pmhc_gat.py:764
                             Epoch 4/50 | Train Loss: 0.5336                    
[06/24/26 16:11:38] INFO     2026-06-24 16:11:38: Fold 3 |     t2pmhc_gat.py:764
                             Epoch 5/50 | Train Loss: 0.5266                    
[06/24/26 16:14:41] INFO     2026-06-24 16:14:41: Fold 3 |     t2pmhc_gat.py:764
                             Epoch 6/50 | Train Loss: 0.5219                    
[06/24/26 16:17:42] INFO     2026-06-24 16:17:42: Fold 3 |     t2pmhc_gat.py:764
                             Epoch 7/50 | Train Loss: 0.5178                    
[06/24/26 16:20:46] INFO     2026-06-24 16:20:46: Fold 3 |     t2pmhc_gat.py:764
                             Epoch 8/50 | Train Loss: 0.5142                    
[06/24/26 16:23:48] INFO     2026-06-24 16:23:48: Fold 3 |     t2pmhc_gat.py:764
                             Epoch 9/50 | Train Loss: 0.5116                    
[06/24/26 16:26:51] INFO     2026-06-24 16:26:51: Fold 3 |     t2pmhc_gat.py:764
                             Epoch 10/50 | Train Loss: 0.5093                   
[06/24/26 16:29:58] INFO     2026-06-24 16:29:58: Fold 3 |     t2pmhc_gat.py:764
                             Epoch 11/50 | Train Loss: 0.5050                   
[06/24/26 16:33:00] INFO     2026-06-24 16:33:00: Fold 3 |     t2pmhc_gat.py:764
                             Epoch 12/50 | Train Loss: 0.5045                   
[06/24/26 16:36:06] INFO     2026-06-24 16:36:06: Fold 3 |     t2pmhc_gat.py:764
                             Epoch 13/50 | Train Loss: 0.5013                   
[06/24/26 16:39:07] INFO     2026-06-24 16:39:07: Fold 3 |     t2pmhc_gat.py:764
                             Epoch 14/50 | Train Loss: 0.4987                   
[06/24/26 16:42:09] INFO     2026-06-24 16:42:09: Fold 3 |     t2pmhc_gat.py:764
                             Epoch 15/50 | Train Loss: 0.4983                   
[06/24/26 16:45:12] INFO     2026-06-24 16:45:12: Fold 3 |     t2pmhc_gat.py:764
                             Epoch 16/50 | Train Loss: 0.4970                   
[06/24/26 16:48:14] INFO     2026-06-24 16:48:14: Fold 3 |     t2pmhc_gat.py:764
                             Epoch 17/50 | Train Loss: 0.4950                   
[06/24/26 16:51:18] INFO     2026-06-24 16:51:18: Fold 3 |     t2pmhc_gat.py:764
                             Epoch 18/50 | Train Loss: 0.4919                   
[06/24/26 16:54:19] INFO     2026-06-24 16:54:19: Fold 3 |     t2pmhc_gat.py:764
                             Epoch 19/50 | Train Loss: 0.4907                   
[06/24/26 16:57:21] INFO     2026-06-24 16:57:21: Fold 3 |     t2pmhc_gat.py:764
                             Epoch 20/50 | Train Loss: 0.4886                   
[06/24/26 17:00:25] INFO     2026-06-24 17:00:25: Fold 3 |     t2pmhc_gat.py:764
                             Epoch 21/50 | Train Loss: 0.4870                   
[06/24/26 17:03:27] INFO     2026-06-24 17:03:27: Fold 3 |     t2pmhc_gat.py:764
                             Epoch 22/50 | Train Loss: 0.4860                   
[06/24/26 17:06:30] INFO     2026-06-24 17:06:30: Fold 3 |     t2pmhc_gat.py:764
                             Epoch 23/50 | Train Loss: 0.4828                   
[06/24/26 17:09:33] INFO     2026-06-24 17:09:33: Fold 3 |     t2pmhc_gat.py:764
                             Epoch 24/50 | Train Loss: 0.4823                   
[06/24/26 17:12:35] INFO     2026-06-24 17:12:35: Fold 3 |     t2pmhc_gat.py:764
                             Epoch 25/50 | Train Loss: 0.4811                   
[06/24/26 17:15:37] INFO     2026-06-24 17:15:37: Fold 3 |     t2pmhc_gat.py:764
                             Epoch 26/50 | Train Loss: 0.4793                   
[06/24/26 17:18:38] INFO     2026-06-24 17:18:38: Fold 3 |     t2pmhc_gat.py:764
                             Epoch 27/50 | Train Loss: 0.4785                   
[06/24/26 17:21:41] INFO     2026-06-24 17:21:41: Fold 3 |     t2pmhc_gat.py:764
                             Epoch 28/50 | Train Loss: 0.4757                   
[06/24/26 17:24:45] INFO     2026-06-24 17:24:45: Fold 3 |     t2pmhc_gat.py:764
                             Epoch 29/50 | Train Loss: 0.4752                   
[06/24/26 17:27:47] INFO     2026-06-24 17:27:47: Fold 3 |     t2pmhc_gat.py:764
                             Epoch 30/50 | Train Loss: 0.4730                   
[06/24/26 17:30:49] INFO     2026-06-24 17:30:49: Fold 3 |     t2pmhc_gat.py:764
                             Epoch 31/50 | Train Loss: 0.4736                   
[06/24/26 17:33:50] INFO     2026-06-24 17:33:50: Fold 3 |     t2pmhc_gat.py:764
                             Epoch 32/50 | Train Loss: 0.4709                   
[06/24/26 17:36:54] INFO     2026-06-24 17:36:54: Fold 3 |     t2pmhc_gat.py:764
                             Epoch 33/50 | Train Loss: 0.4708                   
[06/24/26 17:39:56] INFO     2026-06-24 17:39:56: Fold 3 |     t2pmhc_gat.py:764
                             Epoch 34/50 | Train Loss: 0.4677                   
[06/24/26 17:42:58] INFO     2026-06-24 17:42:58: Fold 3 |     t2pmhc_gat.py:764
                             Epoch 35/50 | Train Loss: 0.4675                   
[06/24/26 17:46:00] INFO     2026-06-24 17:46:00: Fold 3 |     t2pmhc_gat.py:764
                             Epoch 36/50 | Train Loss: 0.4667                   
[06/24/26 17:49:02] INFO     2026-06-24 17:49:02: Fold 3 |     t2pmhc_gat.py:764
                             Epoch 37/50 | Train Loss: 0.4645                   
[06/24/26 17:52:04] INFO     2026-06-24 17:52:04: Fold 3 |     t2pmhc_gat.py:764
                             Epoch 38/50 | Train Loss: 0.4632                   
[06/24/26 17:55:06] INFO     2026-06-24 17:55:06: Fold 3 |     t2pmhc_gat.py:764
                             Epoch 39/50 | Train Loss: 0.4620                   
[06/24/26 17:58:09] INFO     2026-06-24 17:58:09: Fold 3 |     t2pmhc_gat.py:764
                             Epoch 40/50 | Train Loss: 0.4611                   
[06/24/26 18:01:11] INFO     2026-06-24 18:01:11: Fold 3 |     t2pmhc_gat.py:764
                             Epoch 41/50 | Train Loss: 0.4582                   
[06/24/26 18:04:14] INFO     2026-06-24 18:04:14: Fold 3 |     t2pmhc_gat.py:764
                             Epoch 42/50 | Train Loss: 0.4576                   
[06/24/26 18:07:16] INFO     2026-06-24 18:07:16: Fold 3 |     t2pmhc_gat.py:764
                             Epoch 43/50 | Train Loss: 0.4577                   
[06/24/26 18:10:19] INFO     2026-06-24 18:10:19: Fold 3 |     t2pmhc_gat.py:764
                             Epoch 44/50 | Train Loss: 0.4557                   
[06/24/26 18:13:21] INFO     2026-06-24 18:13:21: Fold 3 |     t2pmhc_gat.py:764
                             Epoch 45/50 | Train Loss: 0.4547                   
[06/24/26 18:16:23] INFO     2026-06-24 18:16:23: Fold 3 |     t2pmhc_gat.py:764
                             Epoch 46/50 | Train Loss: 0.4546                   
[06/24/26 18:19:26] INFO     2026-06-24 18:19:26: Fold 3 |     t2pmhc_gat.py:764
                             Epoch 47/50 | Train Loss: 0.4533                   
[06/24/26 18:22:29] INFO     2026-06-24 18:22:29: Fold 3 |     t2pmhc_gat.py:764
                             Epoch 48/50 | Train Loss: 0.4518                   
[06/24/26 18:25:30] INFO     2026-06-24 18:25:30: Fold 3 |     t2pmhc_gat.py:764
                             Epoch 49/50 | Train Loss: 0.4513                   
[06/24/26 18:28:33] INFO     2026-06-24 18:28:33: Fold 3 |     t2pmhc_gat.py:764
                             Epoch 50/50 | Train Loss: 0.4483                   
                    INFO     Saved final model.                   helpers.py:205
                    INFO     Saved PAE scalers                    helpers.py:232
[06/24/26 18:29:01] INFO     Fold 3 AUROC: 0.5487              t2pmhc_gat.py:784
[06/24/26 18:29:03] INFO     ---- Fold 4/5 ----                t2pmhc_gat.py:707
[06/24/26 18:32:56] INFO     2026-06-24 18:32:56: Fold 4 |     t2pmhc_gat.py:764
                             Epoch 1/50 | Train Loss: 0.5956                    
[06/24/26 18:35:59] INFO     2026-06-24 18:35:59: Fold 4 |     t2pmhc_gat.py:764
                             Epoch 2/50 | Train Loss: 0.5538                    
[06/24/26 18:39:00] INFO     2026-06-24 18:39:00: Fold 4 |     t2pmhc_gat.py:764
                             Epoch 3/50 | Train Loss: 0.5423                    
[06/24/26 18:42:05] INFO     2026-06-24 18:42:05: Fold 4 |     t2pmhc_gat.py:764
                             Epoch 4/50 | Train Loss: 0.5340                    
[06/24/26 18:45:11] INFO     2026-06-24 18:45:11: Fold 4 |     t2pmhc_gat.py:764
                             Epoch 5/50 | Train Loss: 0.5295                    
[06/24/26 18:48:16] INFO     2026-06-24 18:48:16: Fold 4 |     t2pmhc_gat.py:764
                             Epoch 6/50 | Train Loss: 0.5251                    
[06/24/26 18:51:19] INFO     2026-06-24 18:51:19: Fold 4 |     t2pmhc_gat.py:764
                             Epoch 7/50 | Train Loss: 0.5197                    
[06/24/26 18:54:21] INFO     2026-06-24 18:54:21: Fold 4 |     t2pmhc_gat.py:764
                             Epoch 8/50 | Train Loss: 0.5153                    
[06/24/26 18:57:24] INFO     2026-06-24 18:57:24: Fold 4 |     t2pmhc_gat.py:764
                             Epoch 9/50 | Train Loss: 0.5138                    
[06/24/26 19:00:27] INFO     2026-06-24 19:00:27: Fold 4 |     t2pmhc_gat.py:764
                             Epoch 10/50 | Train Loss: 0.5111                   
[06/24/26 19:03:31] INFO     2026-06-24 19:03:31: Fold 4 |     t2pmhc_gat.py:764
                             Epoch 11/50 | Train Loss: 0.5068                   
[06/24/26 19:06:34] INFO     2026-06-24 19:06:34: Fold 4 |     t2pmhc_gat.py:764
                             Epoch 12/50 | Train Loss: 0.5056                   
[06/24/26 19:09:39] INFO     2026-06-24 19:09:39: Fold 4 |     t2pmhc_gat.py:764
                             Epoch 13/50 | Train Loss: 0.5025                   
[06/24/26 19:12:42] INFO     2026-06-24 19:12:42: Fold 4 |     t2pmhc_gat.py:764
                             Epoch 14/50 | Train Loss: 0.4999                   
[06/24/26 19:15:45] INFO     2026-06-24 19:15:45: Fold 4 |     t2pmhc_gat.py:764
                             Epoch 15/50 | Train Loss: 0.4990                   
[06/24/26 19:18:47] INFO     2026-06-24 19:18:47: Fold 4 |     t2pmhc_gat.py:764
                             Epoch 16/50 | Train Loss: 0.4968                   
[06/24/26 19:21:49] INFO     2026-06-24 19:21:49: Fold 4 |     t2pmhc_gat.py:764
                             Epoch 17/50 | Train Loss: 0.4955                   
[06/24/26 19:24:51] INFO     2026-06-24 19:24:51: Fold 4 |     t2pmhc_gat.py:764
                             Epoch 18/50 | Train Loss: 0.4929                   
[06/24/26 19:27:55] INFO     2026-06-24 19:27:55: Fold 4 |     t2pmhc_gat.py:764
                             Epoch 19/50 | Train Loss: 0.4925                   
[06/24/26 19:30:58] INFO     2026-06-24 19:30:58: Fold 4 |     t2pmhc_gat.py:764
                             Epoch 20/50 | Train Loss: 0.4906                   
[06/24/26 19:34:00] INFO     2026-06-24 19:34:00: Fold 4 |     t2pmhc_gat.py:764
                             Epoch 21/50 | Train Loss: 0.4888                   
[06/24/26 19:37:04] INFO     2026-06-24 19:37:04: Fold 4 |     t2pmhc_gat.py:764
                             Epoch 22/50 | Train Loss: 0.4872                   
[06/24/26 19:40:06] INFO     2026-06-24 19:40:06: Fold 4 |     t2pmhc_gat.py:764
                             Epoch 23/50 | Train Loss: 0.4854                   
[06/24/26 19:43:11] INFO     2026-06-24 19:43:11: Fold 4 |     t2pmhc_gat.py:764
                             Epoch 24/50 | Train Loss: 0.4843                   
[06/24/26 19:46:16] INFO     2026-06-24 19:46:16: Fold 4 |     t2pmhc_gat.py:764
                             Epoch 25/50 | Train Loss: 0.4839                   
[06/24/26 19:49:20] INFO     2026-06-24 19:49:20: Fold 4 |     t2pmhc_gat.py:764
                             Epoch 26/50 | Train Loss: 0.4818                   
[06/24/26 19:52:25] INFO     2026-06-24 19:52:25: Fold 4 |     t2pmhc_gat.py:764
                             Epoch 27/50 | Train Loss: 0.4798                   
[06/24/26 19:55:29] INFO     2026-06-24 19:55:29: Fold 4 |     t2pmhc_gat.py:764
                             Epoch 28/50 | Train Loss: 0.4807                   
[06/24/26 19:58:33] INFO     2026-06-24 19:58:33: Fold 4 |     t2pmhc_gat.py:764
                             Epoch 29/50 | Train Loss: 0.4782                   
[06/24/26 20:01:34] INFO     2026-06-24 20:01:34: Fold 4 |     t2pmhc_gat.py:764
                             Epoch 30/50 | Train Loss: 0.4792                   
[06/24/26 20:04:37] INFO     2026-06-24 20:04:37: Fold 4 |     t2pmhc_gat.py:764
                             Epoch 31/50 | Train Loss: 0.4762                   
[06/24/26 20:07:38] INFO     2026-06-24 20:07:38: Fold 4 |     t2pmhc_gat.py:764
                             Epoch 32/50 | Train Loss: 0.4754                   
[06/24/26 20:10:40] INFO     2026-06-24 20:10:40: Fold 4 |     t2pmhc_gat.py:764
                             Epoch 33/50 | Train Loss: 0.4740                   
[06/24/26 20:13:42] INFO     2026-06-24 20:13:42: Fold 4 |     t2pmhc_gat.py:764
                             Epoch 34/50 | Train Loss: 0.4718                   
[06/24/26 20:16:44] INFO     2026-06-24 20:16:44: Fold 4 |     t2pmhc_gat.py:764
                             Epoch 35/50 | Train Loss: 0.4709                   
[06/24/26 20:19:46] INFO     2026-06-24 20:19:46: Fold 4 |     t2pmhc_gat.py:764
                             Epoch 36/50 | Train Loss: 0.4719                   
[06/24/26 20:22:49] INFO     2026-06-24 20:22:49: Fold 4 |     t2pmhc_gat.py:764
                             Epoch 37/50 | Train Loss: 0.4700                   
[06/24/26 20:25:54] INFO     2026-06-24 20:25:54: Fold 4 |     t2pmhc_gat.py:764
                             Epoch 38/50 | Train Loss: 0.4691                   
[06/24/26 20:28:58] INFO     2026-06-24 20:28:58: Fold 4 |     t2pmhc_gat.py:764
                             Epoch 39/50 | Train Loss: 0.4687                   
[06/24/26 20:32:02] INFO     2026-06-24 20:32:02: Fold 4 |     t2pmhc_gat.py:764
                             Epoch 40/50 | Train Loss: 0.4665                   
[06/24/26 20:35:06] INFO     2026-06-24 20:35:06: Fold 4 |     t2pmhc_gat.py:764
                             Epoch 41/50 | Train Loss: 0.4653                   
[06/24/26 20:38:11] INFO     2026-06-24 20:38:11: Fold 4 |     t2pmhc_gat.py:764
                             Epoch 42/50 | Train Loss: 0.4639                   
[06/24/26 20:41:14] INFO     2026-06-24 20:41:14: Fold 4 |     t2pmhc_gat.py:764
                             Epoch 43/50 | Train Loss: 0.4643                   
[06/24/26 20:44:17] INFO     2026-06-24 20:44:17: Fold 4 |     t2pmhc_gat.py:764
                             Epoch 44/50 | Train Loss: 0.4637                   
[06/24/26 20:47:20] INFO     2026-06-24 20:47:20: Fold 4 |     t2pmhc_gat.py:764
                             Epoch 45/50 | Train Loss: 0.4629                   
[06/24/26 20:50:21] INFO     2026-06-24 20:50:21: Fold 4 |     t2pmhc_gat.py:764
                             Epoch 46/50 | Train Loss: 0.4626                   
[06/24/26 20:53:26] INFO     2026-06-24 20:53:26: Fold 4 |     t2pmhc_gat.py:764
                             Epoch 47/50 | Train Loss: 0.4607                   
[06/24/26 20:56:30] INFO     2026-06-24 20:56:30: Fold 4 |     t2pmhc_gat.py:764
                             Epoch 48/50 | Train Loss: 0.4595                   
[06/24/26 20:59:32] INFO     2026-06-24 20:59:32: Fold 4 |     t2pmhc_gat.py:764
                             Epoch 49/50 | Train Loss: 0.4591                   
[06/24/26 21:02:36] INFO     2026-06-24 21:02:36: Fold 4 |     t2pmhc_gat.py:764
                             Epoch 50/50 | Train Loss: 0.4577                   
                    INFO     Saved final model.                   helpers.py:205
                    INFO     Saved PAE scalers                    helpers.py:232
[06/24/26 21:03:03] INFO     Fold 4 AUROC: 0.4662              t2pmhc_gat.py:784
[06/24/26 21:03:07] INFO     ---- Fold 5/5 ----                t2pmhc_gat.py:707
[06/24/26 21:07:06] INFO     2026-06-24 21:07:06: Fold 5 |     t2pmhc_gat.py:764
                             Epoch 1/50 | Train Loss: 0.5902                    
[06/24/26 21:10:09] INFO     2026-06-24 21:10:09: Fold 5 |     t2pmhc_gat.py:764
                             Epoch 2/50 | Train Loss: 0.5561                    
[06/24/26 21:13:12] INFO     2026-06-24 21:13:12: Fold 5 |     t2pmhc_gat.py:764
                             Epoch 3/50 | Train Loss: 0.5469                    
[06/24/26 21:16:15] INFO     2026-06-24 21:16:15: Fold 5 |     t2pmhc_gat.py:764
                             Epoch 4/50 | Train Loss: 0.5419                    
[06/24/26 21:19:19] INFO     2026-06-24 21:19:19: Fold 5 |     t2pmhc_gat.py:764
                             Epoch 5/50 | Train Loss: 0.5361                    
[06/24/26 21:22:22] INFO     2026-06-24 21:22:22: Fold 5 |     t2pmhc_gat.py:764
                             Epoch 6/50 | Train Loss: 0.5318                    
[06/24/26 21:25:24] INFO     2026-06-24 21:25:24: Fold 5 |     t2pmhc_gat.py:764
                             Epoch 7/50 | Train Loss: 0.5278                    
[06/24/26 21:28:27] INFO     2026-06-24 21:28:27: Fold 5 |     t2pmhc_gat.py:764
                             Epoch 8/50 | Train Loss: 0.5235                    
[06/24/26 21:31:30] INFO     2026-06-24 21:31:30: Fold 5 |     t2pmhc_gat.py:764
                             Epoch 9/50 | Train Loss: 0.5215                    
[06/24/26 21:34:32] INFO     2026-06-24 21:34:32: Fold 5 |     t2pmhc_gat.py:764
                             Epoch 10/50 | Train Loss: 0.5186                   
[06/24/26 21:37:33] INFO     2026-06-24 21:37:33: Fold 5 |     t2pmhc_gat.py:764
                             Epoch 11/50 | Train Loss: 0.5166                   
[06/24/26 21:40:36] INFO     2026-06-24 21:40:36: Fold 5 |     t2pmhc_gat.py:764
                             Epoch 12/50 | Train Loss: 0.5137                   
[06/24/26 21:43:41] INFO     2026-06-24 21:43:41: Fold 5 |     t2pmhc_gat.py:764
                             Epoch 13/50 | Train Loss: 0.5125                   
[06/24/26 21:46:44] INFO     2026-06-24 21:46:44: Fold 5 |     t2pmhc_gat.py:764
                             Epoch 14/50 | Train Loss: 0.5101                   
[06/24/26 21:49:46] INFO     2026-06-24 21:49:46: Fold 5 |     t2pmhc_gat.py:764
                             Epoch 15/50 | Train Loss: 0.5085                   
[06/24/26 21:52:49] INFO     2026-06-24 21:52:49: Fold 5 |     t2pmhc_gat.py:764
                             Epoch 16/50 | Train Loss: 0.5061                   
[06/24/26 21:55:52] INFO     2026-06-24 21:55:52: Fold 5 |     t2pmhc_gat.py:764
                             Epoch 17/50 | Train Loss: 0.5056                   
[06/24/26 21:58:57] INFO     2026-06-24 21:58:57: Fold 5 |     t2pmhc_gat.py:764
                             Epoch 18/50 | Train Loss: 0.5028                   
[06/24/26 22:02:00] INFO     2026-06-24 22:02:00: Fold 5 |     t2pmhc_gat.py:764
                             Epoch 19/50 | Train Loss: 0.5003                   
[06/24/26 22:05:04] INFO     2026-06-24 22:05:04: Fold 5 |     t2pmhc_gat.py:764
                             Epoch 20/50 | Train Loss: 0.5001                   
[06/24/26 22:08:07] INFO     2026-06-24 22:08:07: Fold 5 |     t2pmhc_gat.py:764
                             Epoch 21/50 | Train Loss: 0.4979                   
[06/24/26 22:11:12] INFO     2026-06-24 22:11:12: Fold 5 |     t2pmhc_gat.py:764
                             Epoch 22/50 | Train Loss: 0.4974                   
[06/24/26 22:14:13] INFO     2026-06-24 22:14:13: Fold 5 |     t2pmhc_gat.py:764
                             Epoch 23/50 | Train Loss: 0.4953                   
[06/24/26 22:17:17] INFO     2026-06-24 22:17:17: Fold 5 |     t2pmhc_gat.py:764
                             Epoch 24/50 | Train Loss: 0.4931                   
[06/24/26 22:20:21] INFO     2026-06-24 22:20:21: Fold 5 |     t2pmhc_gat.py:764
                             Epoch 25/50 | Train Loss: 0.4917                   
[06/24/26 22:23:25] INFO     2026-06-24 22:23:25: Fold 5 |     t2pmhc_gat.py:764
                             Epoch 26/50 | Train Loss: 0.4905                   
[06/24/26 22:26:29] INFO     2026-06-24 22:26:29: Fold 5 |     t2pmhc_gat.py:764
                             Epoch 27/50 | Train Loss: 0.4886                   
[06/24/26 22:29:35] INFO     2026-06-24 22:29:35: Fold 5 |     t2pmhc_gat.py:764
                             Epoch 28/50 | Train Loss: 0.4883                   
[06/24/26 22:32:39] INFO     2026-06-24 22:32:39: Fold 5 |     t2pmhc_gat.py:764
                             Epoch 29/50 | Train Loss: 0.4880                   
[06/24/26 22:35:44] INFO     2026-06-24 22:35:44: Fold 5 |     t2pmhc_gat.py:764
                             Epoch 30/50 | Train Loss: 0.4852                   
[06/24/26 22:38:49] INFO     2026-06-24 22:38:49: Fold 5 |     t2pmhc_gat.py:764
                             Epoch 31/50 | Train Loss: 0.4844                   
[06/24/26 22:41:53] INFO     2026-06-24 22:41:53: Fold 5 |     t2pmhc_gat.py:764
                             Epoch 32/50 | Train Loss: 0.4829                   
[06/24/26 22:44:58] INFO     2026-06-24 22:44:58: Fold 5 |     t2pmhc_gat.py:764
                             Epoch 33/50 | Train Loss: 0.4824                   
[06/24/26 22:48:03] INFO     2026-06-24 22:48:03: Fold 5 |     t2pmhc_gat.py:764
                             Epoch 34/50 | Train Loss: 0.4796                   
[06/24/26 22:51:08] INFO     2026-06-24 22:51:08: Fold 5 |     t2pmhc_gat.py:764
                             Epoch 35/50 | Train Loss: 0.4799                   
[06/24/26 22:54:13] INFO     2026-06-24 22:54:13: Fold 5 |     t2pmhc_gat.py:764
                             Epoch 36/50 | Train Loss: 0.4787                   
[06/24/26 22:57:17] INFO     2026-06-24 22:57:17: Fold 5 |     t2pmhc_gat.py:764
                             Epoch 37/50 | Train Loss: 0.4760                   
[06/24/26 23:00:21] INFO     2026-06-24 23:00:21: Fold 5 |     t2pmhc_gat.py:764
                             Epoch 38/50 | Train Loss: 0.4757                   
[06/24/26 23:03:25] INFO     2026-06-24 23:03:25: Fold 5 |     t2pmhc_gat.py:764
                             Epoch 39/50 | Train Loss: 0.4742                   
[06/24/26 23:06:31] INFO     2026-06-24 23:06:31: Fold 5 |     t2pmhc_gat.py:764
                             Epoch 40/50 | Train Loss: 0.4731                   
[06/24/26 23:09:35] INFO     2026-06-24 23:09:35: Fold 5 |     t2pmhc_gat.py:764
                             Epoch 41/50 | Train Loss: 0.4712                   
[06/24/26 23:12:40] INFO     2026-06-24 23:12:40: Fold 5 |     t2pmhc_gat.py:764
                             Epoch 42/50 | Train Loss: 0.4702                   
[06/24/26 23:15:45] INFO     2026-06-24 23:15:45: Fold 5 |     t2pmhc_gat.py:764
                             Epoch 43/50 | Train Loss: 0.4697                   
[06/24/26 23:18:50] INFO     2026-06-24 23:18:50: Fold 5 |     t2pmhc_gat.py:764
                             Epoch 44/50 | Train Loss: 0.4685                   
[06/24/26 23:21:54] INFO     2026-06-24 23:21:54: Fold 5 |     t2pmhc_gat.py:764
                             Epoch 45/50 | Train Loss: 0.4668                   
[06/24/26 23:24:57] INFO     2026-06-24 23:24:57: Fold 5 |     t2pmhc_gat.py:764
                             Epoch 46/50 | Train Loss: 0.4666                   
[06/24/26 23:28:01] INFO     2026-06-24 23:28:01: Fold 5 |     t2pmhc_gat.py:764
                             Epoch 47/50 | Train Loss: 0.4666                   
[06/24/26 23:31:04] INFO     2026-06-24 23:31:04: Fold 5 |     t2pmhc_gat.py:764
                             Epoch 48/50 | Train Loss: 0.4657                   
[06/24/26 23:34:06] INFO     2026-06-24 23:34:06: Fold 5 |     t2pmhc_gat.py:764
                             Epoch 49/50 | Train Loss: 0.4626                   
[06/24/26 23:37:10] INFO     2026-06-24 23:37:10: Fold 5 |     t2pmhc_gat.py:764
                             Epoch 50/50 | Train Loss: 0.4615                   
                    INFO     Saved final model.                   helpers.py:205
                    INFO     Saved PAE scalers                    helpers.py:232
[06/24/26 23:37:37] INFO     Fold 5 AUROC: 0.5326              t2pmhc_gat.py:784
[06/24/26 23:37:40] INFO     5-fold peptide-grouped CV AUROC:  t2pmhc_gat.py:805
                             0.4660 ± 0.1416                                    
[06/24/26 23:37:41] INFO     Saved CV AUROC results to         t2pmhc_gat.py:806
                             /mnt/lustre/groups/nahnsen/nahpo7                  
                             75/workdir/projects/tcrpha_pred/t                  
                             2pmhc/pae_ablation_experiment/pep                  
                             tide_CV/models/gat_no_pae/gat_no_                  
                             pae_cv_auroc.csv                                   
                    INFO     Saved split samplesheet to        t2pmhc_gat.py:807
                             /mnt/lustre/groups/nahnsen/nahpo7                  
                             75/workdir/projects/tcrpha_pred/t                  
                             2pmhc/pae_ablation_experiment/pep                  
                             tide_CV/models/gat_no_pae/gat_no_                  
                             pae_cv_splits.tsv                                  
                    INFO     Saved peptide fold assignments to t2pmhc_gat.py:808
                             /mnt/lustre/groups/nahnsen/nahpo7                  
                             75/workdir/projects/tcrpha_pred/t                  
                             2pmhc/pae_ablation_experiment/pep                  
                             tide_CV/models/gat_no_pae/gat_no_                  
                             pae_peptide_folds.tsv                              
                    INFO     5-fold peptide-grouped            t2pmhc_gat.py:810
                             cross-validation complete.                         
[06/24/26 23:37:42] INFO     .................. done             __main__.py:338
                             ..................                                 
